make[1]: Entering directory `/media/Chaos_Calmer15.05.1/openwrt'
make[2]: Entering directory `/media/Chaos_Calmer15.05.1/openwrt'
make[3]: Entering directory `/media/Chaos_Calmer15.05.1/openwrt/target/linux'
make[4]: Entering directory `/media/Chaos_Calmer15.05.1/openwrt/target/linux/ar71xx'
/media/Chaos_Calmer15.05.1/openwrt/scripts/kconfig.pl  + + /media/Chaos_Calmer15.05.1/openwrt/target/linux/generic/config-3.18 /media/Chaos_Calmer15.05.1/openwrt/target/linux/ar71xx/config-3.18 /media/Chaos_Calmer15.05.1/openwrt/target/linux/ar71xx/generic/config-default > /media/Chaos_Calmer15.05.1/openwrt/build_dir/target-mips_34kc_uClibc-0.9.33.2/linux-ar71xx_generic/linux-3.18.23/.config.target
awk '/^(#[[:space:]]+)?CONFIG_KERNEL/{sub("CONFIG_KERNEL_","CONFIG_");print}' /media/Chaos_Calmer15.05.1/openwrt/.config >> /media/Chaos_Calmer15.05.1/openwrt/build_dir/target-mips_34kc_uClibc-0.9.33.2/linux-ar71xx_generic/linux-3.18.23/.config.target
echo "# CONFIG_KALLSYMS_EXTRA_PASS is not set" >> /media/Chaos_Calmer15.05.1/openwrt/build_dir/target-mips_34kc_uClibc-0.9.33.2/linux-ar71xx_generic/linux-3.18.23/.config.target
echo "# CONFIG_KALLSYMS_ALL is not set" >> /media/Chaos_Calmer15.05.1/openwrt/build_dir/target-mips_34kc_uClibc-0.9.33.2/linux-ar71xx_generic/linux-3.18.23/.config.target
echo "# CONFIG_KALLSYMS_UNCOMPRESSED is not set" >> /media/Chaos_Calmer15.05.1/openwrt/build_dir/target-mips_34kc_uClibc-0.9.33.2/linux-ar71xx_generic/linux-3.18.23/.config.target
/media/Chaos_Calmer15.05.1/openwrt/scripts/metadata.pl kconfig /media/Chaos_Calmer15.05.1/openwrt/tmp/.packageinfo /media/Chaos_Calmer15.05.1/openwrt/.config 3.18 > /media/Chaos_Calmer15.05.1/openwrt/build_dir/target-mips_34kc_uClibc-0.9.33.2/linux-ar71xx_generic/linux-3.18.23/.config.override
/media/Chaos_Calmer15.05.1/openwrt/scripts/kconfig.pl 'm+' '+' /media/Chaos_Calmer15.05.1/openwrt/build_dir/target-mips_34kc_uClibc-0.9.33.2/linux-ar71xx_generic/linux-3.18.23/.config.target /dev/null /media/Chaos_Calmer15.05.1/openwrt/build_dir/target-mips_34kc_uClibc-0.9.33.2/linux-ar71xx_generic/linux-3.18.23/.config.override > /media/Chaos_Calmer15.05.1/openwrt/build_dir/target-mips_34kc_uClibc-0.9.33.2/linux-ar71xx_generic/linux-3.18.23/.config
mv /media/Chaos_Calmer15.05.1/openwrt/build_dir/target-mips_34kc_uClibc-0.9.33.2/linux-ar71xx_generic/linux-3.18.23/.config /media/Chaos_Calmer15.05.1/openwrt/build_dir/target-mips_34kc_uClibc-0.9.33.2/linux-ar71xx_generic/linux-3.18.23/.config.old
grep -v INITRAMFS /media/Chaos_Calmer15.05.1/openwrt/build_dir/target-mips_34kc_uClibc-0.9.33.2/linux-ar71xx_generic/linux-3.18.23/.config.old > /media/Chaos_Calmer15.05.1/openwrt/build_dir/target-mips_34kc_uClibc-0.9.33.2/linux-ar71xx_generic/linux-3.18.23/.config
echo 'CONFIG_INITRAMFS_SOURCE=""' >> /media/Chaos_Calmer15.05.1/openwrt/build_dir/target-mips_34kc_uClibc-0.9.33.2/linux-ar71xx_generic/linux-3.18.23/.config
rm -rf /media/Chaos_Calmer15.05.1/openwrt/build_dir/target-mips_34kc_uClibc-0.9.33.2/linux-ar71xx_generic/modules
export MAKEFLAGS= ; [ -d /media/Chaos_Calmer15.05.1/openwrt/build_dir/target-mips_34kc_uClibc-0.9.33.2/linux-ar71xx_generic/linux-3.18.23/user_headers ] || make -C /media/Chaos_Calmer15.05.1/openwrt/build_dir/target-mips_34kc_uClibc-0.9.33.2/linux-ar71xx_generic/linux-3.18.23 HOSTCFLAGS="-O2 -I/media/Chaos_Calmer15.05.1/openwrt/staging_dir/host/include -I/media/Chaos_Calmer15.05.1/openwrt/staging_dir/host/usr/include -Wall -Wmissing-prototypes -Wstrict-prototypes" CROSS_COMPILE="mips-openwrt-linux-uclibc-" ARCH="mips" KBUILD_HAVE_NLS=no CONFIG_SHELL="bash" V='' CC="mips-openwrt-linux-uclibc-gcc" INSTALL_HDR_PATH=/media/Chaos_Calmer15.05.1/openwrt/build_dir/target-mips_34kc_uClibc-0.9.33.2/linux-ar71xx_generic/linux-3.18.23/user_headers headers_install
. /media/Chaos_Calmer15.05.1/openwrt/include/shell.sh; grep '=[ym]' /media/Chaos_Calmer15.05.1/openwrt/build_dir/target-mips_34kc_uClibc-0.9.33.2/linux-ar71xx_generic/linux-3.18.23/.config | LC_ALL=C sort | md5s > /media/Chaos_Calmer15.05.1/openwrt/build_dir/target-mips_34kc_uClibc-0.9.33.2/linux-ar71xx_generic/linux-3.18.23/.vermagic
touch /media/Chaos_Calmer15.05.1/openwrt/build_dir/target-mips_34kc_uClibc-0.9.33.2/linux-ar71xx_generic/linux-3.18.23/.configured
rm -f /media/Chaos_Calmer15.05.1/openwrt/build_dir/target-mips_34kc_uClibc-0.9.33.2/linux-ar71xx_generic/linux-3.18.23/vmlinux /media/Chaos_Calmer15.05.1/openwrt/build_dir/target-mips_34kc_uClibc-0.9.33.2/linux-ar71xx_generic/linux-3.18.23/System.map
make -C /media/Chaos_Calmer15.05.1/openwrt/build_dir/target-mips_34kc_uClibc-0.9.33.2/linux-ar71xx_generic/linux-3.18.23 HOSTCFLAGS="-O2 -I/media/Chaos_Calmer15.05.1/openwrt/staging_dir/host/include -I/media/Chaos_Calmer15.05.1/openwrt/staging_dir/host/usr/include -Wall -Wmissing-prototypes -Wstrict-prototypes" CROSS_COMPILE="mips-openwrt-linux-uclibc-" ARCH="mips" KBUILD_HAVE_NLS=no CONFIG_SHELL="bash" V='' CC="mips-openwrt-linux-uclibc-gcc" modules
make[5]: Entering directory `/media/Chaos_Calmer15.05.1/openwrt/build_dir/target-mips_34kc_uClibc-0.9.33.2/linux-ar71xx_generic/linux-3.18.23'
scripts/kconfig/conf --silentoldconfig Kconfig
net/sched/Kconfig:43: warning: menuconfig statement without prompt
#
# configuration written to .config
#
make[5]: Leaving directory `/media/Chaos_Calmer15.05.1/openwrt/build_dir/target-mips_34kc_uClibc-0.9.33.2/linux-ar71xx_generic/linux-3.18.23'
make[5]: Entering directory `/media/Chaos_Calmer15.05.1/openwrt/build_dir/target-mips_34kc_uClibc-0.9.33.2/linux-ar71xx_generic/linux-3.18.23'
  CHK     include/config/kernel.release
  CHK     include/generated/uapi/linux/version.h
  CHK     include/generated/utsrelease.h
  CALL    scripts/checksyscalls.sh
  Building modules, stage 2.
  MODPOST 71 modules
make[5]: Leaving directory `/media/Chaos_Calmer15.05.1/openwrt/build_dir/target-mips_34kc_uClibc-0.9.33.2/linux-ar71xx_generic/linux-3.18.23'
touch /media/Chaos_Calmer15.05.1/openwrt/build_dir/target-mips_34kc_uClibc-0.9.33.2/linux-ar71xx_generic/linux-3.18.23/.modules
make -C image compile TARGET_BUILD=
make[5]: Entering directory `/media/Chaos_Calmer15.05.1/openwrt/target/linux/ar71xx/image'
make[5]: Nothing to be done for `compile'.
make[5]: Leaving directory `/media/Chaos_Calmer15.05.1/openwrt/target/linux/ar71xx/image'
make[4]: Leaving directory `/media/Chaos_Calmer15.05.1/openwrt/target/linux/ar71xx'
make[3]: Leaving directory `/media/Chaos_Calmer15.05.1/openwrt/target/linux'
make[2]: Leaving directory `/media/Chaos_Calmer15.05.1/openwrt'
make[2]: Entering directory `/media/Chaos_Calmer15.05.1/openwrt'
rm -rf /media/Chaos_Calmer15.05.1/openwrt/staging_dir/target-mips_34kc_uClibc-0.9.33.2/root-ar71xx
make[2]: Leaving directory `/media/Chaos_Calmer15.05.1/openwrt'
make[2]: Entering directory `/media/Chaos_Calmer15.05.1/openwrt'
make[3]: Entering directory `/media/Chaos_Calmer15.05.1/openwrt/package/libs/toolchain'
rm -rf /media/Chaos_Calmer15.05.1/openwrt/staging_dir/target-mips_34kc_uClibc-0.9.33.2/root-ar71xx/tmp-libc
mkdir -p /media/Chaos_Calmer15.05.1/openwrt/staging_dir/target-mips_34kc_uClibc-0.9.33.2/root-ar71xx/stamp /media/Chaos_Calmer15.05.1/openwrt/staging_dir/target-mips_34kc_uClibc-0.9.33.2/root-ar71xx/tmp-libc
install -d -m0755 /media/Chaos_Calmer15.05.1/openwrt/staging_dir/target-mips_34kc_uClibc-0.9.33.2/root-ar71xx/tmp-libc/lib
cp -fpR /media/Chaos_Calmer15.05.1/openwrt/staging_dir/toolchain-mips_34kc_gcc-4.8-linaro_uClibc-0.9.33.2/lib/ld*-uClibc.so.* /media/Chaos_Calmer15.05.1/openwrt/staging_dir/toolchain-mips_34kc_gcc-4.8-linaro_uClibc-0.9.33.2/lib/ld*-uClibc-0.9.33.2.so /media/Chaos_Calmer15.05.1/openwrt/staging_dir/target-mips_34kc_uClibc-0.9.33.2/root-ar71xx/tmp-libc/lib/
cp -fpR /media/Chaos_Calmer15.05.1/openwrt/staging_dir/toolchain-mips_34kc_gcc-4.8-linaro_uClibc-0.9.33.2/lib/libc.so.* /media/Chaos_Calmer15.05.1/openwrt/staging_dir/toolchain-mips_34kc_gcc-4.8-linaro_uClibc-0.9.33.2/lib/libuClibc-0.9.33.2.so /media/Chaos_Calmer15.05.1/openwrt/staging_dir/target-mips_34kc_uClibc-0.9.33.2/root-ar71xx/tmp-libc/lib/
for file in libcrypt libdl libm libutil; do cp -fpR /media/Chaos_Calmer15.05.1/openwrt/staging_dir/toolchain-mips_34kc_gcc-4.8-linaro_uClibc-0.9.33.2/lib/$file.so.* /media/Chaos_Calmer15.05.1/openwrt/staging_dir/toolchain-mips_34kc_gcc-4.8-linaro_uClibc-0.9.33.2/lib/$file-0.9.33.2.so /media/Chaos_Calmer15.05.1/openwrt/staging_dir/target-mips_34kc_uClibc-0.9.33.2/root-ar71xx/tmp-libc/lib/; done
cp -fpR /media/Chaos_Calmer15.05.1/openwrt/build_dir/target-mips_34kc_uClibc-0.9.33.2/toolchain/libuClibc-* /media/Chaos_Calmer15.05.1/openwrt/build_dir/target-mips_34kc_uClibc-0.9.33.2/toolchain/libm-* /media/Chaos_Calmer15.05.1/openwrt/build_dir/target-mips_34kc_uClibc-0.9.33.2/toolchain/libcrypt-* /media/Chaos_Calmer15.05.1/openwrt/staging_dir/target-mips_34kc_uClibc-0.9.33.2/root-ar71xx/tmp-libc/lib/
cp -fpR /media/Chaos_Calmer15.05.1/openwrt/staging_dir/toolchain-mips_34kc_gcc-4.8-linaro_uClibc-0.9.33.2/lib/libatomic.a /media/Chaos_Calmer15.05.1/openwrt/staging_dir/toolchain-mips_34kc_gcc-4.8-linaro_uClibc-0.9.33.2/lib/libc.a /media/Chaos_Calmer15.05.1/openwrt/staging_dir/toolchain-mips_34kc_gcc-4.8-linaro_uClibc-0.9.33.2/lib/libc_pic.a /media/Chaos_Calmer15.05.1/openwrt/staging_dir/toolchain-mips_34kc_gcc-4.8-linaro_uClibc-0.9.33.2/lib/libc_so.a /media/Chaos_Calmer15.05.1/openwrt/staging_dir/toolchain-mips_34kc_gcc-4.8-linaro_uClibc-0.9.33.2/lib/libcrypt.a /media/Chaos_Calmer15.05.1/openwrt/staging_dir/toolchain-mips_34kc_gcc-4.8-linaro_uClibc-0.9.33.2/lib/libcrypt_pic.a /media/Chaos_Calmer15.05.1/openwrt/staging_dir/toolchain-mips_34kc_gcc-4.8-linaro_uClibc-0.9.33.2/lib/libdl.a /media/Chaos_Calmer15.05.1/openwrt/staging_dir/toolchain-mips_34kc_gcc-4.8-linaro_uClibc-0.9.33.2/lib/libm.a /media/Chaos_Calmer15.05.1/openwrt/staging_dir/toolchain-mips_34kc_gcc-4.8-linaro_uClibc-0.9.33.2/lib/libm_pic.a /media/Chaos_Calmer15.05.1/openwrt/staging_dir/toolchain-mips_34kc_gcc-4.8-linaro_uClibc-0.9.33.2/lib/libnsl.a /media/Chaos_Calmer15.05.1/openwrt/staging_dir/toolchain-mips_34kc_gcc-4.8-linaro_uClibc-0.9.33.2/lib/libnsl_pic.a /media/Chaos_Calmer15.05.1/openwrt/staging_dir/toolchain-mips_34kc_gcc-4.8-linaro_uClibc-0.9.33.2/lib/libpthread.a /media/Chaos_Calmer15.05.1/openwrt/staging_dir/toolchain-mips_34kc_gcc-4.8-linaro_uClibc-0.9.33.2/lib/libpthread_nonshared.a /media/Chaos_Calmer15.05.1/openwrt/staging_dir/toolchain-mips_34kc_gcc-4.8-linaro_uClibc-0.9.33.2/lib/libpthread_nonshared_pic.a /media/Chaos_Calmer15.05.1/openwrt/staging_dir/toolchain-mips_34kc_gcc-4.8-linaro_uClibc-0.9.33.2/lib/libpthread_so.a /media/Chaos_Calmer15.05.1/openwrt/staging_dir/toolchain-mips_34kc_gcc-4.8-linaro_uClibc-0.9.33.2/lib/libresolv.a /media/Chaos_Calmer15.05.1/openwrt/staging_dir/toolchain-mips_34kc_gcc-4.8-linaro_uClibc-0.9.33.2/lib/librt.a /media/Chaos_Calmer15.05.1/openwrt/staging_dir/toolchain-mips_34kc_gcc-4.8-linaro_uClibc-0.9.33.2/lib/librt_pic.a /media/Chaos_Calmer15.05.1/openwrt/staging_dir/toolchain-mips_34kc_gcc-4.8-linaro_uClibc-0.9.33.2/lib/libstdc++.a /media/Chaos_Calmer15.05.1/openwrt/staging_dir/toolchain-mips_34kc_gcc-4.8-linaro_uClibc-0.9.33.2/lib/libsupc++.a /media/Chaos_Calmer15.05.1/openwrt/staging_dir/toolchain-mips_34kc_gcc-4.8-linaro_uClibc-0.9.33.2/lib/libthread_db.a /media/Chaos_Calmer15.05.1/openwrt/staging_dir/toolchain-mips_34kc_gcc-4.8-linaro_uClibc-0.9.33.2/lib/libthread_db_pic.a /media/Chaos_Calmer15.05.1/openwrt/staging_dir/toolchain-mips_34kc_gcc-4.8-linaro_uClibc-0.9.33.2/lib/libutil.a /media/Chaos_Calmer15.05.1/openwrt/staging_dir/toolchain-mips_34kc_gcc-4.8-linaro_uClibc-0.9.33.2/lib/libutil_pic.a /media/Chaos_Calmer15.05.1/openwrt/staging_dir/target-mips_34kc_uClibc-0.9.33.2/root-ar71xx/tmp-libc/lib/
cp -fpR /media/Chaos_Calmer15.05.1/openwrt/staging_dir/toolchain-mips_34kc_gcc-4.8-linaro_uClibc-0.9.33.2/lib/libc_so.a /media/Chaos_Calmer15.05.1/openwrt/staging_dir/target-mips_34kc_uClibc-0.9.33.2/root-ar71xx/tmp-libc/lib/libc_pic.a
cp -fpR /media/Chaos_Calmer15.05.1/openwrt/staging_dir/toolchain-mips_34kc_gcc-4.8-linaro_uClibc-0.9.33.2/lib/gcc/mips-openwrt-linux-uclibc/4.8.3/libgcc_pic.a /media/Chaos_Calmer15.05.1/openwrt/staging_dir/target-mips_34kc_uClibc-0.9.33.2/root-ar71xx/tmp-libc/lib/libgcc_s_pic.a; cp -fpR /media/Chaos_Calmer15.05.1/openwrt/staging_dir/toolchain-mips_34kc_gcc-4.8-linaro_uClibc-0.9.33.2/lib/gcc/mips-openwrt-linux-uclibc/4.8.3/libgcc.map /media/Chaos_Calmer15.05.1/openwrt/staging_dir/target-mips_34kc_uClibc-0.9.33.2/root-ar71xx/tmp-libc/lib/libgcc_s_pic.map 
SHELL= /media/Chaos_Calmer15.05.1/openwrt/staging_dir/host/bin/flock /media/Chaos_Calmer15.05.1/openwrt/tmp/.root-copy.flock -c 'cp -fpR /media/Chaos_Calmer15.05.1/openwrt/staging_dir/target-mips_34kc_uClibc-0.9.33.2/root-ar71xx/tmp-libc/. /media/Chaos_Calmer15.05.1/openwrt/staging_dir/target-mips_34kc_uClibc-0.9.33.2/root-ar71xx/'
rm -rf /media/Chaos_Calmer15.05.1/openwrt/staging_dir/target-mips_34kc_uClibc-0.9.33.2/root-ar71xx/tmp-libc
touch /media/Chaos_Calmer15.05.1/openwrt/staging_dir/target-mips_34kc_uClibc-0.9.33.2/root-ar71xx/stamp/.libc_installed
if [ -f /media/Chaos_Calmer15.05.1/openwrt/staging_dir/target-mips_34kc_uClibc-0.9.33.2/pkginfo/toolchain.default.install.clean ]; then rm -f /media/Chaos_Calmer15.05.1/openwrt/staging_dir/target-mips_34kc_uClibc-0.9.33.2/pkginfo/toolchain.default.install /media/Chaos_Calmer15.05.1/openwrt/staging_dir/target-mips_34kc_uClibc-0.9.33.2/pkginfo/toolchain.default.install.clean; fi; echo "libc" >> /media/Chaos_Calmer15.05.1/openwrt/staging_dir/target-mips_34kc_uClibc-0.9.33.2/pkginfo/toolchain.default.install
rm -rf /media/Chaos_Calmer15.05.1/openwrt/staging_dir/target-mips_34kc_uClibc-0.9.33.2/root-ar71xx/tmp-libgcc
mkdir -p /media/Chaos_Calmer15.05.1/openwrt/staging_dir/target-mips_34kc_uClibc-0.9.33.2/root-ar71xx/stamp /media/Chaos_Calmer15.05.1/openwrt/staging_dir/target-mips_34kc_uClibc-0.9.33.2/root-ar71xx/tmp-libgcc
install -d -m0755 /media/Chaos_Calmer15.05.1/openwrt/staging_dir/target-mips_34kc_uClibc-0.9.33.2/root-ar71xx/tmp-libgcc/lib
cp -fpR /media/Chaos_Calmer15.05.1/openwrt/staging_dir/toolchain-mips_34kc_gcc-4.8-linaro_uClibc-0.9.33.2/lib/libgcc_s.so.* /media/Chaos_Calmer15.05.1/openwrt/staging_dir/target-mips_34kc_uClibc-0.9.33.2/root-ar71xx/tmp-libgcc/lib/
SHELL= /media/Chaos_Calmer15.05.1/openwrt/staging_dir/host/bin/flock /media/Chaos_Calmer15.05.1/openwrt/tmp/.root-copy.flock -c 'cp -fpR /media/Chaos_Calmer15.05.1/openwrt/staging_dir/target-mips_34kc_uClibc-0.9.33.2/root-ar71xx/tmp-libgcc/. /media/Chaos_Calmer15.05.1/openwrt/staging_dir/target-mips_34kc_uClibc-0.9.33.2/root-ar71xx/'
rm -rf /media/Chaos_Calmer15.05.1/openwrt/staging_dir/target-mips_34kc_uClibc-0.9.33.2/root-ar71xx/tmp-libgcc
touch /media/Chaos_Calmer15.05.1/openwrt/staging_dir/target-mips_34kc_uClibc-0.9.33.2/root-ar71xx/stamp/.libgcc_installed
if [ -f /media/Chaos_Calmer15.05.1/openwrt/staging_dir/target-mips_34kc_uClibc-0.9.33.2/pkginfo/toolchain.default.install.clean ]; then rm -f /media/Chaos_Calmer15.05.1/openwrt/staging_dir/target-mips_34kc_uClibc-0.9.33.2/pkginfo/toolchain.default.install /media/Chaos_Calmer15.05.1/openwrt/staging_dir/target-mips_34kc_uClibc-0.9.33.2/pkginfo/toolchain.default.install.clean; fi; echo "libgcc" >> /media/Chaos_Calmer15.05.1/openwrt/staging_dir/target-mips_34kc_uClibc-0.9.33.2/pkginfo/toolchain.default.install
make[3]: Leaving directory `/media/Chaos_Calmer15.05.1/openwrt/package/libs/toolchain'
make[3]: Entering directory `/media/Chaos_Calmer15.05.1/openwrt/package/libs/libnl-tiny'
rm -rf /media/Chaos_Calmer15.05.1/openwrt/staging_dir/target-mips_34kc_uClibc-0.9.33.2/root-ar71xx/tmp-libnl-tiny
mkdir -p /media/Chaos_Calmer15.05.1/openwrt/staging_dir/target-mips_34kc_uClibc-0.9.33.2/root-ar71xx/stamp /media/Chaos_Calmer15.05.1/openwrt/staging_dir/target-mips_34kc_uClibc-0.9.33.2/root-ar71xx/tmp-libnl-tiny
install -d -m0755 /media/Chaos_Calmer15.05.1/openwrt/staging_dir/target-mips_34kc_uClibc-0.9.33.2/root-ar71xx/tmp-libnl-tiny/usr/lib
cp -fpR /media/Chaos_Calmer15.05.1/openwrt/build_dir/target-mips_34kc_uClibc-0.9.33.2/libnl-tiny-0.1/libnl-tiny.so /media/Chaos_Calmer15.05.1/openwrt/staging_dir/target-mips_34kc_uClibc-0.9.33.2/root-ar71xx/tmp-libnl-tiny/usr/lib/
SHELL= /media/Chaos_Calmer15.05.1/openwrt/staging_dir/host/bin/flock /media/Chaos_Calmer15.05.1/openwrt/tmp/.root-copy.flock -c 'cp -fpR /media/Chaos_Calmer15.05.1/openwrt/staging_dir/target-mips_34kc_uClibc-0.9.33.2/root-ar71xx/tmp-libnl-tiny/. /media/Chaos_Calmer15.05.1/openwrt/staging_dir/target-mips_34kc_uClibc-0.9.33.2/root-ar71xx/'
rm -rf /media/Chaos_Calmer15.05.1/openwrt/staging_dir/target-mips_34kc_uClibc-0.9.33.2/root-ar71xx/tmp-libnl-tiny
touch /media/Chaos_Calmer15.05.1/openwrt/staging_dir/target-mips_34kc_uClibc-0.9.33.2/root-ar71xx/stamp/.libnl-tiny_installed
if [ -f /media/Chaos_Calmer15.05.1/openwrt/staging_dir/target-mips_34kc_uClibc-0.9.33.2/pkginfo/libnl-tiny.default.install.clean ]; then rm -f /media/Chaos_Calmer15.05.1/openwrt/staging_dir/target-mips_34kc_uClibc-0.9.33.2/pkginfo/libnl-tiny.default.install /media/Chaos_Calmer15.05.1/openwrt/staging_dir/target-mips_34kc_uClibc-0.9.33.2/pkginfo/libnl-tiny.default.install.clean; fi; echo "libnl-tiny" >> /media/Chaos_Calmer15.05.1/openwrt/staging_dir/target-mips_34kc_uClibc-0.9.33.2/pkginfo/libnl-tiny.default.install
make[3]: Leaving directory `/media/Chaos_Calmer15.05.1/openwrt/package/libs/libnl-tiny'
make[3]: Entering directory `/media/Chaos_Calmer15.05.1/openwrt/package/libs/libjson-c'
rm -rf /media/Chaos_Calmer15.05.1/openwrt/staging_dir/target-mips_34kc_uClibc-0.9.33.2/root-ar71xx/tmp-libjson-c
mkdir -p /media/Chaos_Calmer15.05.1/openwrt/staging_dir/target-mips_34kc_uClibc-0.9.33.2/root-ar71xx/stamp /media/Chaos_Calmer15.05.1/openwrt/staging_dir/target-mips_34kc_uClibc-0.9.33.2/root-ar71xx/tmp-libjson-c
install -d -m0755 /media/Chaos_Calmer15.05.1/openwrt/staging_dir/target-mips_34kc_uClibc-0.9.33.2/root-ar71xx/tmp-libjson-c/usr/lib
cp -fpR /media/Chaos_Calmer15.05.1/openwrt/build_dir/target-mips_34kc_uClibc-0.9.33.2/json-c-0.12/ipkg-install/usr/lib/libjson-c.so.* /media/Chaos_Calmer15.05.1/openwrt/staging_dir/target-mips_34kc_uClibc-0.9.33.2/root-ar71xx/tmp-libjson-c/usr/lib/
SHELL= /media/Chaos_Calmer15.05.1/openwrt/staging_dir/host/bin/flock /media/Chaos_Calmer15.05.1/openwrt/tmp/.root-copy.flock -c 'cp -fpR /media/Chaos_Calmer15.05.1/openwrt/staging_dir/target-mips_34kc_uClibc-0.9.33.2/root-ar71xx/tmp-libjson-c/. /media/Chaos_Calmer15.05.1/openwrt/staging_dir/target-mips_34kc_uClibc-0.9.33.2/root-ar71xx/'
rm -rf /media/Chaos_Calmer15.05.1/openwrt/staging_dir/target-mips_34kc_uClibc-0.9.33.2/root-ar71xx/tmp-libjson-c
touch /media/Chaos_Calmer15.05.1/openwrt/staging_dir/target-mips_34kc_uClibc-0.9.33.2/root-ar71xx/stamp/.libjson-c_installed
if [ -f /media/Chaos_Calmer15.05.1/openwrt/staging_dir/target-mips_34kc_uClibc-0.9.33.2/pkginfo/libjson-c.default.install.clean ]; then rm -f /media/Chaos_Calmer15.05.1/openwrt/staging_dir/target-mips_34kc_uClibc-0.9.33.2/pkginfo/libjson-c.default.install /media/Chaos_Calmer15.05.1/openwrt/staging_dir/target-mips_34kc_uClibc-0.9.33.2/pkginfo/libjson-c.default.install.clean; fi; echo "libjson-c" >> /media/Chaos_Calmer15.05.1/openwrt/staging_dir/target-mips_34kc_uClibc-0.9.33.2/pkginfo/libjson-c.default.install
make[3]: Leaving directory `/media/Chaos_Calmer15.05.1/openwrt/package/libs/libjson-c'
make[3]: Entering directory `/media/Chaos_Calmer15.05.1/openwrt/package/utils/lua'
make[3]: Leaving directory `/media/Chaos_Calmer15.05.1/openwrt/package/utils/lua'
make[3]: Entering directory `/media/Chaos_Calmer15.05.1/openwrt/package/libs/libubox'
rm -rf /media/Chaos_Calmer15.05.1/openwrt/staging_dir/target-mips_34kc_uClibc-0.9.33.2/root-ar71xx/tmp-libubox
mkdir -p /media/Chaos_Calmer15.05.1/openwrt/staging_dir/target-mips_34kc_uClibc-0.9.33.2/root-ar71xx/stamp /media/Chaos_Calmer15.05.1/openwrt/staging_dir/target-mips_34kc_uClibc-0.9.33.2/root-ar71xx/tmp-libubox
install -d -m0755 /media/Chaos_Calmer15.05.1/openwrt/staging_dir/target-mips_34kc_uClibc-0.9.33.2/root-ar71xx/tmp-libubox/lib/
install -m0644 /media/Chaos_Calmer15.05.1/openwrt/build_dir/target-mips_34kc_uClibc-0.9.33.2/libubox-2015-11-08/ipkg-install/usr/lib/libubox.so /media/Chaos_Calmer15.05.1/openwrt/staging_dir/target-mips_34kc_uClibc-0.9.33.2/root-ar71xx/tmp-libubox/lib/
SHELL= /media/Chaos_Calmer15.05.1/openwrt/staging_dir/host/bin/flock /media/Chaos_Calmer15.05.1/openwrt/tmp/.root-copy.flock -c 'cp -fpR /media/Chaos_Calmer15.05.1/openwrt/staging_dir/target-mips_34kc_uClibc-0.9.33.2/root-ar71xx/tmp-libubox/. /media/Chaos_Calmer15.05.1/openwrt/staging_dir/target-mips_34kc_uClibc-0.9.33.2/root-ar71xx/'
rm -rf /media/Chaos_Calmer15.05.1/openwrt/staging_dir/target-mips_34kc_uClibc-0.9.33.2/root-ar71xx/tmp-libubox
touch /media/Chaos_Calmer15.05.1/openwrt/staging_dir/target-mips_34kc_uClibc-0.9.33.2/root-ar71xx/stamp/.libubox_installed
if [ -f /media/Chaos_Calmer15.05.1/openwrt/staging_dir/target-mips_34kc_uClibc-0.9.33.2/pkginfo/libubox.default.install.clean ]; then rm -f /media/Chaos_Calmer15.05.1/openwrt/staging_dir/target-mips_34kc_uClibc-0.9.33.2/pkginfo/libubox.default.install /media/Chaos_Calmer15.05.1/openwrt/staging_dir/target-mips_34kc_uClibc-0.9.33.2/pkginfo/libubox.default.install.clean; fi; echo "libubox" >> /media/Chaos_Calmer15.05.1/openwrt/staging_dir/target-mips_34kc_uClibc-0.9.33.2/pkginfo/libubox.default.install
rm -rf /media/Chaos_Calmer15.05.1/openwrt/staging_dir/target-mips_34kc_uClibc-0.9.33.2/root-ar71xx/tmp-libblobmsg-json
mkdir -p /media/Chaos_Calmer15.05.1/openwrt/staging_dir/target-mips_34kc_uClibc-0.9.33.2/root-ar71xx/stamp /media/Chaos_Calmer15.05.1/openwrt/staging_dir/target-mips_34kc_uClibc-0.9.33.2/root-ar71xx/tmp-libblobmsg-json
install -d -m0755 /media/Chaos_Calmer15.05.1/openwrt/staging_dir/target-mips_34kc_uClibc-0.9.33.2/root-ar71xx/tmp-libblobmsg-json/lib/
install -m0644 /media/Chaos_Calmer15.05.1/openwrt/build_dir/target-mips_34kc_uClibc-0.9.33.2/libubox-2015-11-08/ipkg-install/usr/lib/libblobmsg_json.so /media/Chaos_Calmer15.05.1/openwrt/staging_dir/target-mips_34kc_uClibc-0.9.33.2/root-ar71xx/tmp-libblobmsg-json/lib/
SHELL= /media/Chaos_Calmer15.05.1/openwrt/staging_dir/host/bin/flock /media/Chaos_Calmer15.05.1/openwrt/tmp/.root-copy.flock -c 'cp -fpR /media/Chaos_Calmer15.05.1/openwrt/staging_dir/target-mips_34kc_uClibc-0.9.33.2/root-ar71xx/tmp-libblobmsg-json/. /media/Chaos_Calmer15.05.1/openwrt/staging_dir/target-mips_34kc_uClibc-0.9.33.2/root-ar71xx/'
rm -rf /media/Chaos_Calmer15.05.1/openwrt/staging_dir/target-mips_34kc_uClibc-0.9.33.2/root-ar71xx/tmp-libblobmsg-json
touch /media/Chaos_Calmer15.05.1/openwrt/staging_dir/target-mips_34kc_uClibc-0.9.33.2/root-ar71xx/stamp/.libblobmsg-json_installed
if [ -f /media/Chaos_Calmer15.05.1/openwrt/staging_dir/target-mips_34kc_uClibc-0.9.33.2/pkginfo/libubox.default.install.clean ]; then rm -f /media/Chaos_Calmer15.05.1/openwrt/staging_dir/target-mips_34kc_uClibc-0.9.33.2/pkginfo/libubox.default.install /media/Chaos_Calmer15.05.1/openwrt/staging_dir/target-mips_34kc_uClibc-0.9.33.2/pkginfo/libubox.default.install.clean; fi; echo "libblobmsg-json" >> /media/Chaos_Calmer15.05.1/openwrt/staging_dir/target-mips_34kc_uClibc-0.9.33.2/pkginfo/libubox.default.install
rm -rf /media/Chaos_Calmer15.05.1/openwrt/staging_dir/target-mips_34kc_uClibc-0.9.33.2/root-ar71xx/tmp-jshn
mkdir -p /media/Chaos_Calmer15.05.1/openwrt/staging_dir/target-mips_34kc_uClibc-0.9.33.2/root-ar71xx/stamp /media/Chaos_Calmer15.05.1/openwrt/staging_dir/target-mips_34kc_uClibc-0.9.33.2/root-ar71xx/tmp-jshn
install -d -m0755 /media/Chaos_Calmer15.05.1/openwrt/staging_dir/target-mips_34kc_uClibc-0.9.33.2/root-ar71xx/tmp-jshn/usr/bin /media/Chaos_Calmer15.05.1/openwrt/staging_dir/target-mips_34kc_uClibc-0.9.33.2/root-ar71xx/tmp-jshn/usr/share/libubox
install -m0755 /media/Chaos_Calmer15.05.1/openwrt/build_dir/target-mips_34kc_uClibc-0.9.33.2/libubox-2015-11-08/ipkg-install/usr/bin/jshn /media/Chaos_Calmer15.05.1/openwrt/staging_dir/target-mips_34kc_uClibc-0.9.33.2/root-ar71xx/tmp-jshn/usr/bin
install -m0644 /media/Chaos_Calmer15.05.1/openwrt/build_dir/target-mips_34kc_uClibc-0.9.33.2/libubox-2015-11-08/ipkg-install/usr/share/libubox/jshn.sh /media/Chaos_Calmer15.05.1/openwrt/staging_dir/target-mips_34kc_uClibc-0.9.33.2/root-ar71xx/tmp-jshn/usr/share/libubox
SHELL= /media/Chaos_Calmer15.05.1/openwrt/staging_dir/host/bin/flock /media/Chaos_Calmer15.05.1/openwrt/tmp/.root-copy.flock -c 'cp -fpR /media/Chaos_Calmer15.05.1/openwrt/staging_dir/target-mips_34kc_uClibc-0.9.33.2/root-ar71xx/tmp-jshn/. /media/Chaos_Calmer15.05.1/openwrt/staging_dir/target-mips_34kc_uClibc-0.9.33.2/root-ar71xx/'
rm -rf /media/Chaos_Calmer15.05.1/openwrt/staging_dir/target-mips_34kc_uClibc-0.9.33.2/root-ar71xx/tmp-jshn
touch /media/Chaos_Calmer15.05.1/openwrt/staging_dir/target-mips_34kc_uClibc-0.9.33.2/root-ar71xx/stamp/.jshn_installed
if [ -f /media/Chaos_Calmer15.05.1/openwrt/staging_dir/target-mips_34kc_uClibc-0.9.33.2/pkginfo/libubox.default.install.clean ]; then rm -f /media/Chaos_Calmer15.05.1/openwrt/staging_dir/target-mips_34kc_uClibc-0.9.33.2/pkginfo/libubox.default.install /media/Chaos_Calmer15.05.1/openwrt/staging_dir/target-mips_34kc_uClibc-0.9.33.2/pkginfo/libubox.default.install.clean; fi; echo "jshn" >> /media/Chaos_Calmer15.05.1/openwrt/staging_dir/target-mips_34kc_uClibc-0.9.33.2/pkginfo/libubox.default.install
rm -rf /media/Chaos_Calmer15.05.1/openwrt/staging_dir/target-mips_34kc_uClibc-0.9.33.2/root-ar71xx/tmp-libjson-script
mkdir -p /media/Chaos_Calmer15.05.1/openwrt/staging_dir/target-mips_34kc_uClibc-0.9.33.2/root-ar71xx/stamp /media/Chaos_Calmer15.05.1/openwrt/staging_dir/target-mips_34kc_uClibc-0.9.33.2/root-ar71xx/tmp-libjson-script
install -d -m0755 /media/Chaos_Calmer15.05.1/openwrt/staging_dir/target-mips_34kc_uClibc-0.9.33.2/root-ar71xx/tmp-libjson-script/lib/
install -m0644 /media/Chaos_Calmer15.05.1/openwrt/build_dir/target-mips_34kc_uClibc-0.9.33.2/libubox-2015-11-08/ipkg-install/usr/lib/libjson_script.so /media/Chaos_Calmer15.05.1/openwrt/staging_dir/target-mips_34kc_uClibc-0.9.33.2/root-ar71xx/tmp-libjson-script/lib/
SHELL= /media/Chaos_Calmer15.05.1/openwrt/staging_dir/host/bin/flock /media/Chaos_Calmer15.05.1/openwrt/tmp/.root-copy.flock -c 'cp -fpR /media/Chaos_Calmer15.05.1/openwrt/staging_dir/target-mips_34kc_uClibc-0.9.33.2/root-ar71xx/tmp-libjson-script/. /media/Chaos_Calmer15.05.1/openwrt/staging_dir/target-mips_34kc_uClibc-0.9.33.2/root-ar71xx/'
rm -rf /media/Chaos_Calmer15.05.1/openwrt/staging_dir/target-mips_34kc_uClibc-0.9.33.2/root-ar71xx/tmp-libjson-script
touch /media/Chaos_Calmer15.05.1/openwrt/staging_dir/target-mips_34kc_uClibc-0.9.33.2/root-ar71xx/stamp/.libjson-script_installed
if [ -f /media/Chaos_Calmer15.05.1/openwrt/staging_dir/target-mips_34kc_uClibc-0.9.33.2/pkginfo/libubox.default.install.clean ]; then rm -f /media/Chaos_Calmer15.05.1/openwrt/staging_dir/target-mips_34kc_uClibc-0.9.33.2/pkginfo/libubox.default.install /media/Chaos_Calmer15.05.1/openwrt/staging_dir/target-mips_34kc_uClibc-0.9.33.2/pkginfo/libubox.default.install.clean; fi; echo "libjson-script" >> /media/Chaos_Calmer15.05.1/openwrt/staging_dir/target-mips_34kc_uClibc-0.9.33.2/pkginfo/libubox.default.install
make[3]: Leaving directory `/media/Chaos_Calmer15.05.1/openwrt/package/libs/libubox'
make[3]: Entering directory `/media/Chaos_Calmer15.05.1/openwrt/package/system/ubus'
rm -rf /media/Chaos_Calmer15.05.1/openwrt/staging_dir/target-mips_34kc_uClibc-0.9.33.2/root-ar71xx/tmp-libubus
mkdir -p /media/Chaos_Calmer15.05.1/openwrt/staging_dir/target-mips_34kc_uClibc-0.9.33.2/root-ar71xx/stamp /media/Chaos_Calmer15.05.1/openwrt/staging_dir/target-mips_34kc_uClibc-0.9.33.2/root-ar71xx/tmp-libubus
install -d -m0755 /media/Chaos_Calmer15.05.1/openwrt/staging_dir/target-mips_34kc_uClibc-0.9.33.2/root-ar71xx/tmp-libubus/lib
cp -fpR /media/Chaos_Calmer15.05.1/openwrt/build_dir/target-mips_34kc_uClibc-0.9.33.2/ubus-2015-05-25/ipkg-install/usr/lib/*.so /media/Chaos_Calmer15.05.1/openwrt/staging_dir/target-mips_34kc_uClibc-0.9.33.2/root-ar71xx/tmp-libubus/lib/
SHELL= /media/Chaos_Calmer15.05.1/openwrt/staging_dir/host/bin/flock /media/Chaos_Calmer15.05.1/openwrt/tmp/.root-copy.flock -c 'cp -fpR /media/Chaos_Calmer15.05.1/openwrt/staging_dir/target-mips_34kc_uClibc-0.9.33.2/root-ar71xx/tmp-libubus/. /media/Chaos_Calmer15.05.1/openwrt/staging_dir/target-mips_34kc_uClibc-0.9.33.2/root-ar71xx/'
rm -rf /media/Chaos_Calmer15.05.1/openwrt/staging_dir/target-mips_34kc_uClibc-0.9.33.2/root-ar71xx/tmp-libubus
touch /media/Chaos_Calmer15.05.1/openwrt/staging_dir/target-mips_34kc_uClibc-0.9.33.2/root-ar71xx/stamp/.libubus_installed
if [ -f /media/Chaos_Calmer15.05.1/openwrt/staging_dir/target-mips_34kc_uClibc-0.9.33.2/pkginfo/ubus.default.install.clean ]; then rm -f /media/Chaos_Calmer15.05.1/openwrt/staging_dir/target-mips_34kc_uClibc-0.9.33.2/pkginfo/ubus.default.install /media/Chaos_Calmer15.05.1/openwrt/staging_dir/target-mips_34kc_uClibc-0.9.33.2/pkginfo/ubus.default.install.clean; fi; echo "libubus" >> /media/Chaos_Calmer15.05.1/openwrt/staging_dir/target-mips_34kc_uClibc-0.9.33.2/pkginfo/ubus.default.install
rm -rf /media/Chaos_Calmer15.05.1/openwrt/staging_dir/target-mips_34kc_uClibc-0.9.33.2/root-ar71xx/tmp-ubus
mkdir -p /media/Chaos_Calmer15.05.1/openwrt/staging_dir/target-mips_34kc_uClibc-0.9.33.2/root-ar71xx/stamp /media/Chaos_Calmer15.05.1/openwrt/staging_dir/target-mips_34kc_uClibc-0.9.33.2/root-ar71xx/tmp-ubus
install -d -m0755 /media/Chaos_Calmer15.05.1/openwrt/staging_dir/target-mips_34kc_uClibc-0.9.33.2/root-ar71xx/tmp-ubus/bin
cp -fpR /media/Chaos_Calmer15.05.1/openwrt/build_dir/target-mips_34kc_uClibc-0.9.33.2/ubus-2015-05-25/ipkg-install/usr/bin/ubus /media/Chaos_Calmer15.05.1/openwrt/staging_dir/target-mips_34kc_uClibc-0.9.33.2/root-ar71xx/tmp-ubus/bin/
SHELL= /media/Chaos_Calmer15.05.1/openwrt/staging_dir/host/bin/flock /media/Chaos_Calmer15.05.1/openwrt/tmp/.root-copy.flock -c 'cp -fpR /media/Chaos_Calmer15.05.1/openwrt/staging_dir/target-mips_34kc_uClibc-0.9.33.2/root-ar71xx/tmp-ubus/. /media/Chaos_Calmer15.05.1/openwrt/staging_dir/target-mips_34kc_uClibc-0.9.33.2/root-ar71xx/'
rm -rf /media/Chaos_Calmer15.05.1/openwrt/staging_dir/target-mips_34kc_uClibc-0.9.33.2/root-ar71xx/tmp-ubus
touch /media/Chaos_Calmer15.05.1/openwrt/staging_dir/target-mips_34kc_uClibc-0.9.33.2/root-ar71xx/stamp/.ubus_installed
if [ -f /media/Chaos_Calmer15.05.1/openwrt/staging_dir/target-mips_34kc_uClibc-0.9.33.2/pkginfo/ubus.default.install.clean ]; then rm -f /media/Chaos_Calmer15.05.1/openwrt/staging_dir/target-mips_34kc_uClibc-0.9.33.2/pkginfo/ubus.default.install /media/Chaos_Calmer15.05.1/openwrt/staging_dir/target-mips_34kc_uClibc-0.9.33.2/pkginfo/ubus.default.install.clean; fi; echo "ubus" >> /media/Chaos_Calmer15.05.1/openwrt/staging_dir/target-mips_34kc_uClibc-0.9.33.2/pkginfo/ubus.default.install
rm -rf /media/Chaos_Calmer15.05.1/openwrt/staging_dir/target-mips_34kc_uClibc-0.9.33.2/root-ar71xx/tmp-ubusd
mkdir -p /media/Chaos_Calmer15.05.1/openwrt/staging_dir/target-mips_34kc_uClibc-0.9.33.2/root-ar71xx/stamp /media/Chaos_Calmer15.05.1/openwrt/staging_dir/target-mips_34kc_uClibc-0.9.33.2/root-ar71xx/tmp-ubusd
install -d -m0755 /media/Chaos_Calmer15.05.1/openwrt/staging_dir/target-mips_34kc_uClibc-0.9.33.2/root-ar71xx/tmp-ubusd/sbin
cp -fpR /media/Chaos_Calmer15.05.1/openwrt/build_dir/target-mips_34kc_uClibc-0.9.33.2/ubus-2015-05-25/ipkg-install/usr/sbin/ubusd /media/Chaos_Calmer15.05.1/openwrt/staging_dir/target-mips_34kc_uClibc-0.9.33.2/root-ar71xx/tmp-ubusd/sbin/
SHELL= /media/Chaos_Calmer15.05.1/openwrt/staging_dir/host/bin/flock /media/Chaos_Calmer15.05.1/openwrt/tmp/.root-copy.flock -c 'cp -fpR /media/Chaos_Calmer15.05.1/openwrt/staging_dir/target-mips_34kc_uClibc-0.9.33.2/root-ar71xx/tmp-ubusd/. /media/Chaos_Calmer15.05.1/openwrt/staging_dir/target-mips_34kc_uClibc-0.9.33.2/root-ar71xx/'
rm -rf /media/Chaos_Calmer15.05.1/openwrt/staging_dir/target-mips_34kc_uClibc-0.9.33.2/root-ar71xx/tmp-ubusd
touch /media/Chaos_Calmer15.05.1/openwrt/staging_dir/target-mips_34kc_uClibc-0.9.33.2/root-ar71xx/stamp/.ubusd_installed
if [ -f /media/Chaos_Calmer15.05.1/openwrt/staging_dir/target-mips_34kc_uClibc-0.9.33.2/pkginfo/ubus.default.install.clean ]; then rm -f /media/Chaos_Calmer15.05.1/openwrt/staging_dir/target-mips_34kc_uClibc-0.9.33.2/pkginfo/ubus.default.install /media/Chaos_Calmer15.05.1/openwrt/staging_dir/target-mips_34kc_uClibc-0.9.33.2/pkginfo/ubus.default.install.clean; fi; echo "ubusd" >> /media/Chaos_Calmer15.05.1/openwrt/staging_dir/target-mips_34kc_uClibc-0.9.33.2/pkginfo/ubus.default.install
make[3]: Leaving directory `/media/Chaos_Calmer15.05.1/openwrt/package/system/ubus'
make[3]: Entering directory `/media/Chaos_Calmer15.05.1/openwrt/package/system/uci'
rm -rf /media/Chaos_Calmer15.05.1/openwrt/staging_dir/target-mips_34kc_uClibc-0.9.33.2/root-ar71xx/tmp-uci
mkdir -p /media/Chaos_Calmer15.05.1/openwrt/staging_dir/target-mips_34kc_uClibc-0.9.33.2/root-ar71xx/stamp /media/Chaos_Calmer15.05.1/openwrt/staging_dir/target-mips_34kc_uClibc-0.9.33.2/root-ar71xx/tmp-uci
install -d -m0755 /media/Chaos_Calmer15.05.1/openwrt/staging_dir/target-mips_34kc_uClibc-0.9.33.2/root-ar71xx/tmp-uci/etc/uci-defaults
install -d -m0755 /media/Chaos_Calmer15.05.1/openwrt/staging_dir/target-mips_34kc_uClibc-0.9.33.2/root-ar71xx/tmp-uci/sbin
install -m0755 /media/Chaos_Calmer15.05.1/openwrt/build_dir/target-mips_34kc_uClibc-0.9.33.2/uci-2015-08-27.1/uci /media/Chaos_Calmer15.05.1/openwrt/staging_dir/target-mips_34kc_uClibc-0.9.33.2/root-ar71xx/tmp-uci/sbin/
cp -fpR ./files/* /media/Chaos_Calmer15.05.1/openwrt/staging_dir/target-mips_34kc_uClibc-0.9.33.2/root-ar71xx/tmp-uci/
SHELL= /media/Chaos_Calmer15.05.1/openwrt/staging_dir/host/bin/flock /media/Chaos_Calmer15.05.1/openwrt/tmp/.root-copy.flock -c 'cp -fpR /media/Chaos_Calmer15.05.1/openwrt/staging_dir/target-mips_34kc_uClibc-0.9.33.2/root-ar71xx/tmp-uci/. /media/Chaos_Calmer15.05.1/openwrt/staging_dir/target-mips_34kc_uClibc-0.9.33.2/root-ar71xx/'
rm -rf /media/Chaos_Calmer15.05.1/openwrt/staging_dir/target-mips_34kc_uClibc-0.9.33.2/root-ar71xx/tmp-uci
touch /media/Chaos_Calmer15.05.1/openwrt/staging_dir/target-mips_34kc_uClibc-0.9.33.2/root-ar71xx/stamp/.uci_installed
if [ -f /media/Chaos_Calmer15.05.1/openwrt/staging_dir/target-mips_34kc_uClibc-0.9.33.2/pkginfo/uci.default.install.clean ]; then rm -f /media/Chaos_Calmer15.05.1/openwrt/staging_dir/target-mips_34kc_uClibc-0.9.33.2/pkginfo/uci.default.install /media/Chaos_Calmer15.05.1/openwrt/staging_dir/target-mips_34kc_uClibc-0.9.33.2/pkginfo/uci.default.install.clean; fi; echo "uci" >> /media/Chaos_Calmer15.05.1/openwrt/staging_dir/target-mips_34kc_uClibc-0.9.33.2/pkginfo/uci.default.install
rm -rf /media/Chaos_Calmer15.05.1/openwrt/staging_dir/target-mips_34kc_uClibc-0.9.33.2/root-ar71xx/tmp-libuci
mkdir -p /media/Chaos_Calmer15.05.1/openwrt/staging_dir/target-mips_34kc_uClibc-0.9.33.2/root-ar71xx/stamp /media/Chaos_Calmer15.05.1/openwrt/staging_dir/target-mips_34kc_uClibc-0.9.33.2/root-ar71xx/tmp-libuci
install -d -m0755 /media/Chaos_Calmer15.05.1/openwrt/staging_dir/target-mips_34kc_uClibc-0.9.33.2/root-ar71xx/tmp-libuci/lib
cp -fpR /media/Chaos_Calmer15.05.1/openwrt/build_dir/target-mips_34kc_uClibc-0.9.33.2/uci-2015-08-27.1/libuci.so* /media/Chaos_Calmer15.05.1/openwrt/staging_dir/target-mips_34kc_uClibc-0.9.33.2/root-ar71xx/tmp-libuci/lib/
SHELL= /media/Chaos_Calmer15.05.1/openwrt/staging_dir/host/bin/flock /media/Chaos_Calmer15.05.1/openwrt/tmp/.root-copy.flock -c 'cp -fpR /media/Chaos_Calmer15.05.1/openwrt/staging_dir/target-mips_34kc_uClibc-0.9.33.2/root-ar71xx/tmp-libuci/. /media/Chaos_Calmer15.05.1/openwrt/staging_dir/target-mips_34kc_uClibc-0.9.33.2/root-ar71xx/'
rm -rf /media/Chaos_Calmer15.05.1/openwrt/staging_dir/target-mips_34kc_uClibc-0.9.33.2/root-ar71xx/tmp-libuci
touch /media/Chaos_Calmer15.05.1/openwrt/staging_dir/target-mips_34kc_uClibc-0.9.33.2/root-ar71xx/stamp/.libuci_installed
if [ -f /media/Chaos_Calmer15.05.1/openwrt/staging_dir/target-mips_34kc_uClibc-0.9.33.2/pkginfo/uci.default.install.clean ]; then rm -f /media/Chaos_Calmer15.05.1/openwrt/staging_dir/target-mips_34kc_uClibc-0.9.33.2/pkginfo/uci.default.install /media/Chaos_Calmer15.05.1/openwrt/staging_dir/target-mips_34kc_uClibc-0.9.33.2/pkginfo/uci.default.install.clean; fi; echo "libuci" >> /media/Chaos_Calmer15.05.1/openwrt/staging_dir/target-mips_34kc_uClibc-0.9.33.2/pkginfo/uci.default.install
make[3]: Leaving directory `/media/Chaos_Calmer15.05.1/openwrt/package/system/uci'
make[3]: Entering directory `/media/Chaos_Calmer15.05.1/openwrt/package/network/config/netifd'
rm -rf /media/Chaos_Calmer15.05.1/openwrt/staging_dir/target-mips_34kc_uClibc-0.9.33.2/root-ar71xx/tmp-netifd
mkdir -p /media/Chaos_Calmer15.05.1/openwrt/staging_dir/target-mips_34kc_uClibc-0.9.33.2/root-ar71xx/stamp /media/Chaos_Calmer15.05.1/openwrt/staging_dir/target-mips_34kc_uClibc-0.9.33.2/root-ar71xx/tmp-netifd
install -d -m0755 /media/Chaos_Calmer15.05.1/openwrt/staging_dir/target-mips_34kc_uClibc-0.9.33.2/root-ar71xx/tmp-netifd/sbin
install -m0755 /media/Chaos_Calmer15.05.1/openwrt/build_dir/target-mips_34kc_uClibc-0.9.33.2/netifd-2015-12-16/netifd /media/Chaos_Calmer15.05.1/openwrt/staging_dir/target-mips_34kc_uClibc-0.9.33.2/root-ar71xx/tmp-netifd/sbin/
cp -fpR ./files/* /media/Chaos_Calmer15.05.1/openwrt/staging_dir/target-mips_34kc_uClibc-0.9.33.2/root-ar71xx/tmp-netifd/
cp -fpR /media/Chaos_Calmer15.05.1/openwrt/build_dir/target-mips_34kc_uClibc-0.9.33.2/netifd-2015-12-16/scripts/* /media/Chaos_Calmer15.05.1/openwrt/staging_dir/target-mips_34kc_uClibc-0.9.33.2/root-ar71xx/tmp-netifd/lib/netifd/
SHELL= /media/Chaos_Calmer15.05.1/openwrt/staging_dir/host/bin/flock /media/Chaos_Calmer15.05.1/openwrt/tmp/.root-copy.flock -c 'cp -fpR /media/Chaos_Calmer15.05.1/openwrt/staging_dir/target-mips_34kc_uClibc-0.9.33.2/root-ar71xx/tmp-netifd/. /media/Chaos_Calmer15.05.1/openwrt/staging_dir/target-mips_34kc_uClibc-0.9.33.2/root-ar71xx/'
rm -rf /media/Chaos_Calmer15.05.1/openwrt/staging_dir/target-mips_34kc_uClibc-0.9.33.2/root-ar71xx/tmp-netifd
touch /media/Chaos_Calmer15.05.1/openwrt/staging_dir/target-mips_34kc_uClibc-0.9.33.2/root-ar71xx/stamp/.netifd_installed
if [ -f /media/Chaos_Calmer15.05.1/openwrt/staging_dir/target-mips_34kc_uClibc-0.9.33.2/pkginfo/netifd.default.install.clean ]; then rm -f /media/Chaos_Calmer15.05.1/openwrt/staging_dir/target-mips_34kc_uClibc-0.9.33.2/pkginfo/netifd.default.install /media/Chaos_Calmer15.05.1/openwrt/staging_dir/target-mips_34kc_uClibc-0.9.33.2/pkginfo/netifd.default.install.clean; fi; echo "netifd" >> /media/Chaos_Calmer15.05.1/openwrt/staging_dir/target-mips_34kc_uClibc-0.9.33.2/pkginfo/netifd.default.install
make[3]: Leaving directory `/media/Chaos_Calmer15.05.1/openwrt/package/network/config/netifd'
make[3]: Entering directory `/media/Chaos_Calmer15.05.1/openwrt/package/system/opkg'
make[3]: Leaving directory `/media/Chaos_Calmer15.05.1/openwrt/package/system/opkg'
make[3]: Entering directory `/media/Chaos_Calmer15.05.1/openwrt/package/system/ubox'
rm -rf /media/Chaos_Calmer15.05.1/openwrt/staging_dir/target-mips_34kc_uClibc-0.9.33.2/root-ar71xx/tmp-ubox
mkdir -p /media/Chaos_Calmer15.05.1/openwrt/staging_dir/target-mips_34kc_uClibc-0.9.33.2/root-ar71xx/stamp /media/Chaos_Calmer15.05.1/openwrt/staging_dir/target-mips_34kc_uClibc-0.9.33.2/root-ar71xx/tmp-ubox
install -d -m0755 /media/Chaos_Calmer15.05.1/openwrt/staging_dir/target-mips_34kc_uClibc-0.9.33.2/root-ar71xx/tmp-ubox/sbin /media/Chaos_Calmer15.05.1/openwrt/staging_dir/target-mips_34kc_uClibc-0.9.33.2/root-ar71xx/tmp-ubox/usr/sbin /media/Chaos_Calmer15.05.1/openwrt/staging_dir/target-mips_34kc_uClibc-0.9.33.2/root-ar71xx/tmp-ubox/lib/ /media/Chaos_Calmer15.05.1/openwrt/staging_dir/target-mips_34kc_uClibc-0.9.33.2/root-ar71xx/tmp-ubox/etc/init.d/
install -m0755 /media/Chaos_Calmer15.05.1/openwrt/build_dir/target-mips_34kc_uClibc-0.9.33.2/ubox-2015-11-22/ipkg-install/usr/sbin/{kmodloader,logd,logread,validate_data} /media/Chaos_Calmer15.05.1/openwrt/staging_dir/target-mips_34kc_uClibc-0.9.33.2/root-ar71xx/tmp-ubox/sbin/
install -m0755 ./files/log.init /media/Chaos_Calmer15.05.1/openwrt/staging_dir/target-mips_34kc_uClibc-0.9.33.2/root-ar71xx/tmp-ubox/etc/init.d/log
install -m0644 /media/Chaos_Calmer15.05.1/openwrt/build_dir/target-mips_34kc_uClibc-0.9.33.2/ubox-2015-11-22/ipkg-install/usr/lib/libvalidate.so /media/Chaos_Calmer15.05.1/openwrt/staging_dir/target-mips_34kc_uClibc-0.9.33.2/root-ar71xx/tmp-ubox/lib
ln -sf ../../sbin/kmodloader /media/Chaos_Calmer15.05.1/openwrt/staging_dir/target-mips_34kc_uClibc-0.9.33.2/root-ar71xx/tmp-ubox/usr/sbin/rmmod
ln -sf ../../sbin/kmodloader /media/Chaos_Calmer15.05.1/openwrt/staging_dir/target-mips_34kc_uClibc-0.9.33.2/root-ar71xx/tmp-ubox/usr/sbin/insmod
ln -sf ../../sbin/kmodloader /media/Chaos_Calmer15.05.1/openwrt/staging_dir/target-mips_34kc_uClibc-0.9.33.2/root-ar71xx/tmp-ubox/usr/sbin/lsmod
ln -sf ../../sbin/kmodloader /media/Chaos_Calmer15.05.1/openwrt/staging_dir/target-mips_34kc_uClibc-0.9.33.2/root-ar71xx/tmp-ubox/usr/sbin/modinfo
ln -sf ../../sbin/kmodloader /media/Chaos_Calmer15.05.1/openwrt/staging_dir/target-mips_34kc_uClibc-0.9.33.2/root-ar71xx/tmp-ubox/usr/sbin/modprobe
SHELL= /media/Chaos_Calmer15.05.1/openwrt/staging_dir/host/bin/flock /media/Chaos_Calmer15.05.1/openwrt/tmp/.root-copy.flock -c 'cp -fpR /media/Chaos_Calmer15.05.1/openwrt/staging_dir/target-mips_34kc_uClibc-0.9.33.2/root-ar71xx/tmp-ubox/. /media/Chaos_Calmer15.05.1/openwrt/staging_dir/target-mips_34kc_uClibc-0.9.33.2/root-ar71xx/'
rm -rf /media/Chaos_Calmer15.05.1/openwrt/staging_dir/target-mips_34kc_uClibc-0.9.33.2/root-ar71xx/tmp-ubox
touch /media/Chaos_Calmer15.05.1/openwrt/staging_dir/target-mips_34kc_uClibc-0.9.33.2/root-ar71xx/stamp/.ubox_installed
if [ -f /media/Chaos_Calmer15.05.1/openwrt/staging_dir/target-mips_34kc_uClibc-0.9.33.2/pkginfo/ubox.default.install.clean ]; then rm -f /media/Chaos_Calmer15.05.1/openwrt/staging_dir/target-mips_34kc_uClibc-0.9.33.2/pkginfo/ubox.default.install /media/Chaos_Calmer15.05.1/openwrt/staging_dir/target-mips_34kc_uClibc-0.9.33.2/pkginfo/ubox.default.install.clean; fi; echo "ubox" >> /media/Chaos_Calmer15.05.1/openwrt/staging_dir/target-mips_34kc_uClibc-0.9.33.2/pkginfo/ubox.default.install
make[3]: Leaving directory `/media/Chaos_Calmer15.05.1/openwrt/package/system/ubox'
make[3]: Entering directory `/media/Chaos_Calmer15.05.1/openwrt/package/libs/lzo'
make[3]: Leaving directory `/media/Chaos_Calmer15.05.1/openwrt/package/libs/lzo'
make[3]: Entering directory `/media/Chaos_Calmer15.05.1/openwrt/package/libs/zlib'
make[3]: Leaving directory `/media/Chaos_Calmer15.05.1/openwrt/package/libs/zlib'
make[3]: Entering directory `/media/Chaos_Calmer15.05.1/openwrt/package/libs/ncurses'
make[3]: Leaving directory `/media/Chaos_Calmer15.05.1/openwrt/package/libs/ncurses'
make[3]: Entering directory `/media/Chaos_Calmer15.05.1/openwrt/package/libs/ncurses'
make[3]: Leaving directory `/media/Chaos_Calmer15.05.1/openwrt/package/libs/ncurses'
make[3]: Entering directory `/media/Chaos_Calmer15.05.1/openwrt/package/utils/util-linux'
make[3]: Leaving directory `/media/Chaos_Calmer15.05.1/openwrt/package/utils/util-linux'
make[3]: Entering directory `/media/Chaos_Calmer15.05.1/openwrt/package/utils/ubi-utils'
make[3]: Leaving directory `/media/Chaos_Calmer15.05.1/openwrt/package/utils/ubi-utils'
make[3]: Entering directory `/media/Chaos_Calmer15.05.1/openwrt/package/system/procd'
rm -rf /media/Chaos_Calmer15.05.1/openwrt/staging_dir/target-mips_34kc_uClibc-0.9.33.2/root-ar71xx/tmp-procd
mkdir -p /media/Chaos_Calmer15.05.1/openwrt/staging_dir/target-mips_34kc_uClibc-0.9.33.2/root-ar71xx/stamp /media/Chaos_Calmer15.05.1/openwrt/staging_dir/target-mips_34kc_uClibc-0.9.33.2/root-ar71xx/tmp-procd
install -d -m0755 /media/Chaos_Calmer15.05.1/openwrt/staging_dir/target-mips_34kc_uClibc-0.9.33.2/root-ar71xx/tmp-procd/sbin /media/Chaos_Calmer15.05.1/openwrt/staging_dir/target-mips_34kc_uClibc-0.9.33.2/root-ar71xx/tmp-procd/etc /media/Chaos_Calmer15.05.1/openwrt/staging_dir/target-mips_34kc_uClibc-0.9.33.2/root-ar71xx/tmp-procd/lib/functions
install -m0755 /media/Chaos_Calmer15.05.1/openwrt/build_dir/target-mips_34kc_uClibc-0.9.33.2/procd-2015-10-29.1/ipkg-install/usr/sbin/{init,procd,askfirst,udevtrigger} /media/Chaos_Calmer15.05.1/openwrt/staging_dir/target-mips_34kc_uClibc-0.9.33.2/root-ar71xx/tmp-procd/sbin/
install -m0644 /media/Chaos_Calmer15.05.1/openwrt/build_dir/target-mips_34kc_uClibc-0.9.33.2/procd-2015-10-29.1/ipkg-install/usr/lib/libsetlbf.so /media/Chaos_Calmer15.05.1/openwrt/staging_dir/target-mips_34kc_uClibc-0.9.33.2/root-ar71xx/tmp-procd/lib
install -m0755 ./files/reload_config /media/Chaos_Calmer15.05.1/openwrt/staging_dir/target-mips_34kc_uClibc-0.9.33.2/root-ar71xx/tmp-procd/sbin/
install -m0644 ./files/hotplug*.json /media/Chaos_Calmer15.05.1/openwrt/staging_dir/target-mips_34kc_uClibc-0.9.33.2/root-ar71xx/tmp-procd/etc/
install -m0644 ./files/procd.sh /media/Chaos_Calmer15.05.1/openwrt/staging_dir/target-mips_34kc_uClibc-0.9.33.2/root-ar71xx/tmp-procd/lib/functions/
SHELL= /media/Chaos_Calmer15.05.1/openwrt/staging_dir/host/bin/flock /media/Chaos_Calmer15.05.1/openwrt/tmp/.root-copy.flock -c 'cp -fpR /media/Chaos_Calmer15.05.1/openwrt/staging_dir/target-mips_34kc_uClibc-0.9.33.2/root-ar71xx/tmp-procd/. /media/Chaos_Calmer15.05.1/openwrt/staging_dir/target-mips_34kc_uClibc-0.9.33.2/root-ar71xx/'
rm -rf /media/Chaos_Calmer15.05.1/openwrt/staging_dir/target-mips_34kc_uClibc-0.9.33.2/root-ar71xx/tmp-procd
touch /media/Chaos_Calmer15.05.1/openwrt/staging_dir/target-mips_34kc_uClibc-0.9.33.2/root-ar71xx/stamp/.procd_installed
if [ -f /media/Chaos_Calmer15.05.1/openwrt/staging_dir/target-mips_34kc_uClibc-0.9.33.2/pkginfo/procd.default.install.clean ]; then rm -f /media/Chaos_Calmer15.05.1/openwrt/staging_dir/target-mips_34kc_uClibc-0.9.33.2/pkginfo/procd.default.install /media/Chaos_Calmer15.05.1/openwrt/staging_dir/target-mips_34kc_uClibc-0.9.33.2/pkginfo/procd.default.install.clean; fi; echo "procd" >> /media/Chaos_Calmer15.05.1/openwrt/staging_dir/target-mips_34kc_uClibc-0.9.33.2/pkginfo/procd.default.install
make[3]: Leaving directory `/media/Chaos_Calmer15.05.1/openwrt/package/system/procd'
make[3]: Entering directory `/media/Chaos_Calmer15.05.1/openwrt/package/system/usign'
make[3]: Leaving directory `/media/Chaos_Calmer15.05.1/openwrt/package/system/usign'
make[3]: Entering directory `/media/Chaos_Calmer15.05.1/openwrt/package/utils/jsonfilter'
rm -rf /media/Chaos_Calmer15.05.1/openwrt/staging_dir/target-mips_34kc_uClibc-0.9.33.2/root-ar71xx/tmp-jsonfilter
mkdir -p /media/Chaos_Calmer15.05.1/openwrt/staging_dir/target-mips_34kc_uClibc-0.9.33.2/root-ar71xx/stamp /media/Chaos_Calmer15.05.1/openwrt/staging_dir/target-mips_34kc_uClibc-0.9.33.2/root-ar71xx/tmp-jsonfilter
install -d -m0755 /media/Chaos_Calmer15.05.1/openwrt/staging_dir/target-mips_34kc_uClibc-0.9.33.2/root-ar71xx/tmp-jsonfilter/usr/bin
install -m0755 /media/Chaos_Calmer15.05.1/openwrt/build_dir/target-mips_34kc_uClibc-0.9.33.2/jsonfilter-2014-06-19/ipkg-install/usr/bin/jsonpath /media/Chaos_Calmer15.05.1/openwrt/staging_dir/target-mips_34kc_uClibc-0.9.33.2/root-ar71xx/tmp-jsonfilter/usr/bin/jsonfilter
SHELL= /media/Chaos_Calmer15.05.1/openwrt/staging_dir/host/bin/flock /media/Chaos_Calmer15.05.1/openwrt/tmp/.root-copy.flock -c 'cp -fpR /media/Chaos_Calmer15.05.1/openwrt/staging_dir/target-mips_34kc_uClibc-0.9.33.2/root-ar71xx/tmp-jsonfilter/. /media/Chaos_Calmer15.05.1/openwrt/staging_dir/target-mips_34kc_uClibc-0.9.33.2/root-ar71xx/'
rm -rf /media/Chaos_Calmer15.05.1/openwrt/staging_dir/target-mips_34kc_uClibc-0.9.33.2/root-ar71xx/tmp-jsonfilter
touch /media/Chaos_Calmer15.05.1/openwrt/staging_dir/target-mips_34kc_uClibc-0.9.33.2/root-ar71xx/stamp/.jsonfilter_installed
if [ -f /media/Chaos_Calmer15.05.1/openwrt/staging_dir/target-mips_34kc_uClibc-0.9.33.2/pkginfo/jsonfilter.default.install.clean ]; then rm -f /media/Chaos_Calmer15.05.1/openwrt/staging_dir/target-mips_34kc_uClibc-0.9.33.2/pkginfo/jsonfilter.default.install /media/Chaos_Calmer15.05.1/openwrt/staging_dir/target-mips_34kc_uClibc-0.9.33.2/pkginfo/jsonfilter.default.install.clean; fi; echo "jsonfilter" >> /media/Chaos_Calmer15.05.1/openwrt/staging_dir/target-mips_34kc_uClibc-0.9.33.2/pkginfo/jsonfilter.default.install
make[3]: Leaving directory `/media/Chaos_Calmer15.05.1/openwrt/package/utils/jsonfilter'
make[3]: Entering directory `/media/Chaos_Calmer15.05.1/openwrt/package/system/usign'
rm -rf /media/Chaos_Calmer15.05.1/openwrt/staging_dir/target-mips_34kc_uClibc-0.9.33.2/root-ar71xx/tmp-usign
mkdir -p /media/Chaos_Calmer15.05.1/openwrt/staging_dir/target-mips_34kc_uClibc-0.9.33.2/root-ar71xx/stamp /media/Chaos_Calmer15.05.1/openwrt/staging_dir/target-mips_34kc_uClibc-0.9.33.2/root-ar71xx/tmp-usign
install -d -m0755 /media/Chaos_Calmer15.05.1/openwrt/staging_dir/target-mips_34kc_uClibc-0.9.33.2/root-ar71xx/tmp-usign/usr/bin
install -m0755 /media/Chaos_Calmer15.05.1/openwrt/build_dir/target-mips_34kc_uClibc-0.9.33.2/usign-2015-05-08/ipkg-install/usr/bin/usign /media/Chaos_Calmer15.05.1/openwrt/staging_dir/target-mips_34kc_uClibc-0.9.33.2/root-ar71xx/tmp-usign/usr/bin
ln -s usign /media/Chaos_Calmer15.05.1/openwrt/staging_dir/target-mips_34kc_uClibc-0.9.33.2/root-ar71xx/tmp-usign/usr/bin/signify
SHELL= /media/Chaos_Calmer15.05.1/openwrt/staging_dir/host/bin/flock /media/Chaos_Calmer15.05.1/openwrt/tmp/.root-copy.flock -c 'cp -fpR /media/Chaos_Calmer15.05.1/openwrt/staging_dir/target-mips_34kc_uClibc-0.9.33.2/root-ar71xx/tmp-usign/. /media/Chaos_Calmer15.05.1/openwrt/staging_dir/target-mips_34kc_uClibc-0.9.33.2/root-ar71xx/'
rm -rf /media/Chaos_Calmer15.05.1/openwrt/staging_dir/target-mips_34kc_uClibc-0.9.33.2/root-ar71xx/tmp-usign
touch /media/Chaos_Calmer15.05.1/openwrt/staging_dir/target-mips_34kc_uClibc-0.9.33.2/root-ar71xx/stamp/.usign_installed
if [ -f /media/Chaos_Calmer15.05.1/openwrt/staging_dir/target-mips_34kc_uClibc-0.9.33.2/pkginfo/usign.default.install.clean ]; then rm -f /media/Chaos_Calmer15.05.1/openwrt/staging_dir/target-mips_34kc_uClibc-0.9.33.2/pkginfo/usign.default.install /media/Chaos_Calmer15.05.1/openwrt/staging_dir/target-mips_34kc_uClibc-0.9.33.2/pkginfo/usign.default.install.clean; fi; echo "usign" >> /media/Chaos_Calmer15.05.1/openwrt/staging_dir/target-mips_34kc_uClibc-0.9.33.2/pkginfo/usign.default.install
make[3]: Leaving directory `/media/Chaos_Calmer15.05.1/openwrt/package/system/usign'
make[3]: Entering directory `/media/Chaos_Calmer15.05.1/openwrt/package/base-files'
rm -rf /media/Chaos_Calmer15.05.1/openwrt/staging_dir/target-mips_34kc_uClibc-0.9.33.2/root-ar71xx/tmp-base-files
mkdir -p /media/Chaos_Calmer15.05.1/openwrt/staging_dir/target-mips_34kc_uClibc-0.9.33.2/root-ar71xx/stamp /media/Chaos_Calmer15.05.1/openwrt/staging_dir/target-mips_34kc_uClibc-0.9.33.2/root-ar71xx/tmp-base-files
cp -fpR ./files/* /media/Chaos_Calmer15.05.1/openwrt/staging_dir/target-mips_34kc_uClibc-0.9.33.2/root-ar71xx/tmp-base-files/
mkdir -p /media/Chaos_Calmer15.05.1/openwrt/staging_dir/target-mips_34kc_uClibc-0.9.33.2/root-ar71xx/tmp-base-files/etc/opkg/keys
cp -fpR /media/Chaos_Calmer15.05.1/openwrt/key-build.pub /media/Chaos_Calmer15.05.1/openwrt/staging_dir/target-mips_34kc_uClibc-0.9.33.2/root-ar71xx/tmp-base-files/etc/opkg/keys/`/media/Chaos_Calmer15.05.1/openwrt/staging_dir/host/bin/usign -F -p /media/Chaos_Calmer15.05.1/openwrt/key-build.pub`
if [ -d /media/Chaos_Calmer15.05.1/openwrt/target/linux/generic/base-files/. ]; then cp -fpR /media/Chaos_Calmer15.05.1/openwrt/target/linux/generic/base-files/* /media/Chaos_Calmer15.05.1/openwrt/staging_dir/target-mips_34kc_uClibc-0.9.33.2/root-ar71xx/tmp-base-files/; fi
if [ -d /media/Chaos_Calmer15.05.1/openwrt/target/linux/ar71xx/base-files/. ]; then cp -fpR /media/Chaos_Calmer15.05.1/openwrt/target/linux/ar71xx/base-files/* /media/Chaos_Calmer15.05.1/openwrt/staging_dir/target-mips_34kc_uClibc-0.9.33.2/root-ar71xx/tmp-base-files/; fi
if [ -d /media/Chaos_Calmer15.05.1/openwrt/target/linux/ar71xx/base-files-TLWR842/. ]; then cp -fpR /media/Chaos_Calmer15.05.1/openwrt/target/linux/ar71xx/base-files-TLWR842/* /media/Chaos_Calmer15.05.1/openwrt/staging_dir/target-mips_34kc_uClibc-0.9.33.2/root-ar71xx/tmp-base-files/; fi
if [ -d /media/Chaos_Calmer15.05.1/openwrt/target/linux/ar71xx/TLWR842/base-files/. ]; then cp -fpR /media/Chaos_Calmer15.05.1/openwrt/target/linux/ar71xx/TLWR842/base-files/* /media/Chaos_Calmer15.05.1/openwrt/staging_dir/target-mips_34kc_uClibc-0.9.33.2/root-ar71xx/tmp-base-files/; fi
if [ -d /media/Chaos_Calmer15.05.1/openwrt/target/linux/ar71xx/generic/base-files/. ]; then cp -fpR /media/Chaos_Calmer15.05.1/openwrt/target/linux/ar71xx/generic/base-files/* /media/Chaos_Calmer15.05.1/openwrt/staging_dir/target-mips_34kc_uClibc-0.9.33.2/root-ar71xx/tmp-base-files/; fi; if [ -d /media/Chaos_Calmer15.05.1/openwrt/target/linux/ar71xx/generic/base-files-TLWR842/. ]; then cp -fpR /media/Chaos_Calmer15.05.1/openwrt/target/linux/ar71xx/generic/base-files-TLWR842/* /media/Chaos_Calmer15.05.1/openwrt/staging_dir/target-mips_34kc_uClibc-0.9.33.2/root-ar71xx/tmp-base-files/; fi; if [ -d /media/Chaos_Calmer15.05.1/openwrt/target/linux/ar71xx/generic/TLWR842/base-files/. ]; then cp -fpR /media/Chaos_Calmer15.05.1/openwrt/target/linux/ar71xx/generic/TLWR842/base-files/* /media/Chaos_Calmer15.05.1/openwrt/staging_dir/target-mips_34kc_uClibc-0.9.33.2/root-ar71xx/tmp-base-files/; fi 
/media/Chaos_Calmer15.05.1/openwrt/staging_dir/host/bin/sed -i -e 's,%U,http://downloads.openwrt.org/%n/%v/%S/packages,g' -e 's,%V,15.05,g' -e 's,%v,\L15.05,g' -e 's,%C,Chaos Calmer,g' -e 's,%c,\LChaos_Calmer,g' -e 's,%N,Chaos Calmer,g' -e 's,%n,\LChaos_Calmer,g' -e 's,%D,OpenWrt,g' -e 's,%d,\LOpenWrt,g' -e 's,%R,r48532,g' -e 's,%T,ar71xx,g' -e 's,%S,ar71xx/generic,g' -e 's,%t,no-all,g' -e 's,%M,OpenWrt,g' -e 's,%P,Generic,g' -e 's,%h,v0,g' /media/Chaos_Calmer15.05.1/openwrt/staging_dir/target-mips_34kc_uClibc-0.9.33.2/root-ar71xx/tmp-base-files/etc/banner /media/Chaos_Calmer15.05.1/openwrt/staging_dir/target-mips_34kc_uClibc-0.9.33.2/root-ar71xx/tmp-base-files/etc/openwrt_version
/media/Chaos_Calmer15.05.1/openwrt/staging_dir/host/bin/sed -i -e 's,%U,http://downloads.openwrt.org/%n/%v/%S/packages,g' -e 's,%V,15.05,g' -e 's,%v,\L15.05,g' -e 's,%C,Chaos Calmer,g' -e 's,%c,\LChaos_Calmer,g' -e 's,%N,Chaos Calmer,g' -e 's,%n,\LChaos_Calmer,g' -e 's,%D,OpenWrt,g' -e 's,%d,\LOpenWrt,g' -e 's,%R,r48532,g' -e 's,%T,ar71xx,g' -e 's,%S,ar71xx/generic,g' -e 's,%t,no-all,g' -e 's,%M,OpenWrt,g' -e 's,%P,Generic,g' -e 's,%h,v0,g' /media/Chaos_Calmer15.05.1/openwrt/staging_dir/target-mips_34kc_uClibc-0.9.33.2/root-ar71xx/tmp-base-files/etc/openwrt_release /media/Chaos_Calmer15.05.1/openwrt/staging_dir/target-mips_34kc_uClibc-0.9.33.2/root-ar71xx/tmp-base-files/etc/device_info
mkdir -p /media/Chaos_Calmer15.05.1/openwrt/staging_dir/target-mips_34kc_uClibc-0.9.33.2/root-ar71xx/tmp-base-files/CONTROL
mkdir -p /media/Chaos_Calmer15.05.1/openwrt/staging_dir/target-mips_34kc_uClibc-0.9.33.2/root-ar71xx/tmp-base-files/dev
mkdir -p /media/Chaos_Calmer15.05.1/openwrt/staging_dir/target-mips_34kc_uClibc-0.9.33.2/root-ar71xx/tmp-base-files/etc/crontabs
mkdir -p /media/Chaos_Calmer15.05.1/openwrt/staging_dir/target-mips_34kc_uClibc-0.9.33.2/root-ar71xx/tmp-base-files/etc/rc.d
mkdir -p /media/Chaos_Calmer15.05.1/openwrt/staging_dir/target-mips_34kc_uClibc-0.9.33.2/root-ar71xx/tmp-base-files/overlay
mkdir -p /media/Chaos_Calmer15.05.1/openwrt/staging_dir/target-mips_34kc_uClibc-0.9.33.2/root-ar71xx/tmp-base-files/lib/firmware
mkdir -p /media/Chaos_Calmer15.05.1/openwrt/staging_dir/target-mips_34kc_uClibc-0.9.33.2/root-ar71xx/tmp-base-files/mnt
mkdir -p /media/Chaos_Calmer15.05.1/openwrt/staging_dir/target-mips_34kc_uClibc-0.9.33.2/root-ar71xx/tmp-base-files/proc
mkdir -p /media/Chaos_Calmer15.05.1/openwrt/staging_dir/target-mips_34kc_uClibc-0.9.33.2/root-ar71xx/tmp-base-files/tmp
mkdir -p /media/Chaos_Calmer15.05.1/openwrt/staging_dir/target-mips_34kc_uClibc-0.9.33.2/root-ar71xx/tmp-base-files/usr/lib
mkdir -p /media/Chaos_Calmer15.05.1/openwrt/staging_dir/target-mips_34kc_uClibc-0.9.33.2/root-ar71xx/tmp-base-files/usr/bin
mkdir -p /media/Chaos_Calmer15.05.1/openwrt/staging_dir/target-mips_34kc_uClibc-0.9.33.2/root-ar71xx/tmp-base-files/sys
mkdir -p /media/Chaos_Calmer15.05.1/openwrt/staging_dir/target-mips_34kc_uClibc-0.9.33.2/root-ar71xx/tmp-base-files/www
mkdir -p /media/Chaos_Calmer15.05.1/openwrt/staging_dir/target-mips_34kc_uClibc-0.9.33.2/root-ar71xx/tmp-base-files/root
ln -sf /proc/mounts /media/Chaos_Calmer15.05.1/openwrt/staging_dir/target-mips_34kc_uClibc-0.9.33.2/root-ar71xx/tmp-base-files/etc/mtab
rm -f /media/Chaos_Calmer15.05.1/openwrt/staging_dir/target-mips_34kc_uClibc-0.9.33.2/root-ar71xx/tmp-base-files/var
ln -sf /tmp /media/Chaos_Calmer15.05.1/openwrt/staging_dir/target-mips_34kc_uClibc-0.9.33.2/root-ar71xx/tmp-base-files/var
mkdir -p /media/Chaos_Calmer15.05.1/openwrt/staging_dir/target-mips_34kc_uClibc-0.9.33.2/root-ar71xx/tmp-base-files/etc
ln -sf /tmp/resolv.conf /tmp/fstab /tmp/TZ /media/Chaos_Calmer15.05.1/openwrt/staging_dir/target-mips_34kc_uClibc-0.9.33.2/root-ar71xx/tmp-base-files/etc/
chmod 0600 /media/Chaos_Calmer15.05.1/openwrt/staging_dir/target-mips_34kc_uClibc-0.9.33.2/root-ar71xx/tmp-base-files/etc/shadow
chmod 1777 /media/Chaos_Calmer15.05.1/openwrt/staging_dir/target-mips_34kc_uClibc-0.9.33.2/root-ar71xx/tmp-base-files/tmp
rm -f /media/Chaos_Calmer15.05.1/openwrt/staging_dir/target-mips_34kc_uClibc-0.9.33.2/root-ar71xx/tmp-base-files/etc/config/network
for conffile in /media/Chaos_Calmer15.05.1/openwrt/staging_dir/target-mips_34kc_uClibc-0.9.33.2/root-ar71xx/tmp-base-files/etc/config/*; do if [ -f "$conffile" ]; then grep "${conffile##/media/Chaos_Calmer15.05.1/openwrt/staging_dir/target-mips_34kc_uClibc-0.9.33.2/root-ar71xx/tmp-base-files}" /media/Chaos_Calmer15.05.1/openwrt/staging_dir/target-mips_34kc_uClibc-0.9.33.2/root-ar71xx/tmp-base-files/CONTROL/conffiles || echo "${conffile##/media/Chaos_Calmer15.05.1/openwrt/staging_dir/target-mips_34kc_uClibc-0.9.33.2/root-ar71xx/tmp-base-files}" >> /media/Chaos_Calmer15.05.1/openwrt/staging_dir/target-mips_34kc_uClibc-0.9.33.2/root-ar71xx/tmp-base-files/CONTROL/conffiles; fi done
grep: /media/Chaos_Calmer15.05.1/openwrt/staging_dir/target-mips_34kc_uClibc-0.9.33.2/root-ar71xx/tmp-base-files/CONTROL/conffiles: No such file or directory
SHELL= /media/Chaos_Calmer15.05.1/openwrt/staging_dir/host/bin/flock /media/Chaos_Calmer15.05.1/openwrt/tmp/.root-copy.flock -c 'cp -fpR /media/Chaos_Calmer15.05.1/openwrt/staging_dir/target-mips_34kc_uClibc-0.9.33.2/root-ar71xx/tmp-base-files/. /media/Chaos_Calmer15.05.1/openwrt/staging_dir/target-mips_34kc_uClibc-0.9.33.2/root-ar71xx/'
rm -rf /media/Chaos_Calmer15.05.1/openwrt/staging_dir/target-mips_34kc_uClibc-0.9.33.2/root-ar71xx/tmp-base-files
touch /media/Chaos_Calmer15.05.1/openwrt/staging_dir/target-mips_34kc_uClibc-0.9.33.2/root-ar71xx/stamp/.base-files_installed
if [ -f /media/Chaos_Calmer15.05.1/openwrt/staging_dir/target-mips_34kc_uClibc-0.9.33.2/pkginfo/base-files.default.install.clean ]; then rm -f /media/Chaos_Calmer15.05.1/openwrt/staging_dir/target-mips_34kc_uClibc-0.9.33.2/pkginfo/base-files.default.install /media/Chaos_Calmer15.05.1/openwrt/staging_dir/target-mips_34kc_uClibc-0.9.33.2/pkginfo/base-files.default.install.clean; fi; echo "base-files" >> /media/Chaos_Calmer15.05.1/openwrt/staging_dir/target-mips_34kc_uClibc-0.9.33.2/pkginfo/base-files.default.install
make[3]: Leaving directory `/media/Chaos_Calmer15.05.1/openwrt/package/base-files'
make[3]: Entering directory `/media/Chaos_Calmer15.05.1/openwrt/package/system/fstools'
rm -rf /media/Chaos_Calmer15.05.1/openwrt/staging_dir/target-mips_34kc_uClibc-0.9.33.2/root-ar71xx/tmp-fstools
mkdir -p /media/Chaos_Calmer15.05.1/openwrt/staging_dir/target-mips_34kc_uClibc-0.9.33.2/root-ar71xx/stamp /media/Chaos_Calmer15.05.1/openwrt/staging_dir/target-mips_34kc_uClibc-0.9.33.2/root-ar71xx/tmp-fstools
install -d -m0755 /media/Chaos_Calmer15.05.1/openwrt/staging_dir/target-mips_34kc_uClibc-0.9.33.2/root-ar71xx/tmp-fstools/sbin /media/Chaos_Calmer15.05.1/openwrt/staging_dir/target-mips_34kc_uClibc-0.9.33.2/root-ar71xx/tmp-fstools/lib
install -m0755 /media/Chaos_Calmer15.05.1/openwrt/build_dir/target-mips_34kc_uClibc-0.9.33.2/fstools-2016-01-10/ipkg-install/usr/sbin/{mount_root,jffs2reset,snapshot_tool} /media/Chaos_Calmer15.05.1/openwrt/staging_dir/target-mips_34kc_uClibc-0.9.33.2/root-ar71xx/tmp-fstools/sbin/
install -m0644 /media/Chaos_Calmer15.05.1/openwrt/build_dir/target-mips_34kc_uClibc-0.9.33.2/fstools-2016-01-10/ipkg-install/usr/lib/libfstools.so /media/Chaos_Calmer15.05.1/openwrt/staging_dir/target-mips_34kc_uClibc-0.9.33.2/root-ar71xx/tmp-fstools/lib/
install -m0755 ./files/snapshot /media/Chaos_Calmer15.05.1/openwrt/staging_dir/target-mips_34kc_uClibc-0.9.33.2/root-ar71xx/tmp-fstools/sbin/
ln -sf jffs2reset /media/Chaos_Calmer15.05.1/openwrt/staging_dir/target-mips_34kc_uClibc-0.9.33.2/root-ar71xx/tmp-fstools/sbin/jffs2mark
SHELL= /media/Chaos_Calmer15.05.1/openwrt/staging_dir/host/bin/flock /media/Chaos_Calmer15.05.1/openwrt/tmp/.root-copy.flock -c 'cp -fpR /media/Chaos_Calmer15.05.1/openwrt/staging_dir/target-mips_34kc_uClibc-0.9.33.2/root-ar71xx/tmp-fstools/. /media/Chaos_Calmer15.05.1/openwrt/staging_dir/target-mips_34kc_uClibc-0.9.33.2/root-ar71xx/'
rm -rf /media/Chaos_Calmer15.05.1/openwrt/staging_dir/target-mips_34kc_uClibc-0.9.33.2/root-ar71xx/tmp-fstools
touch /media/Chaos_Calmer15.05.1/openwrt/staging_dir/target-mips_34kc_uClibc-0.9.33.2/root-ar71xx/stamp/.fstools_installed
if [ -f /media/Chaos_Calmer15.05.1/openwrt/staging_dir/target-mips_34kc_uClibc-0.9.33.2/pkginfo/fstools.default.install.clean ]; then rm -f /media/Chaos_Calmer15.05.1/openwrt/staging_dir/target-mips_34kc_uClibc-0.9.33.2/pkginfo/fstools.default.install /media/Chaos_Calmer15.05.1/openwrt/staging_dir/target-mips_34kc_uClibc-0.9.33.2/pkginfo/fstools.default.install.clean; fi; echo "fstools" >> /media/Chaos_Calmer15.05.1/openwrt/staging_dir/target-mips_34kc_uClibc-0.9.33.2/pkginfo/fstools.default.install
make[3]: Leaving directory `/media/Chaos_Calmer15.05.1/openwrt/package/system/fstools'
make[3]: Entering directory `/media/Chaos_Calmer15.05.1/openwrt/package/boot/uboot-envtools'
rm -rf /media/Chaos_Calmer15.05.1/openwrt/staging_dir/target-mips_34kc_uClibc-0.9.33.2/root-ar71xx/tmp-uboot-envtools
mkdir -p /media/Chaos_Calmer15.05.1/openwrt/staging_dir/target-mips_34kc_uClibc-0.9.33.2/root-ar71xx/stamp /media/Chaos_Calmer15.05.1/openwrt/staging_dir/target-mips_34kc_uClibc-0.9.33.2/root-ar71xx/tmp-uboot-envtools
install -d -m0755 /media/Chaos_Calmer15.05.1/openwrt/staging_dir/target-mips_34kc_uClibc-0.9.33.2/root-ar71xx/tmp-uboot-envtools/usr/sbin
install -m0755 /media/Chaos_Calmer15.05.1/openwrt/build_dir/target-mips_34kc_uClibc-0.9.33.2/u-boot-2014.10/tools/env/fw_printenv /media/Chaos_Calmer15.05.1/openwrt/staging_dir/target-mips_34kc_uClibc-0.9.33.2/root-ar71xx/tmp-uboot-envtools/usr/sbin
ln -sf fw_printenv /media/Chaos_Calmer15.05.1/openwrt/staging_dir/target-mips_34kc_uClibc-0.9.33.2/root-ar71xx/tmp-uboot-envtools/usr/sbin/fw_setenv
install -d -m0755 /media/Chaos_Calmer15.05.1/openwrt/staging_dir/target-mips_34kc_uClibc-0.9.33.2/root-ar71xx/tmp-uboot-envtools/lib
install -m0644 ./files/uboot-envtools.sh /media/Chaos_Calmer15.05.1/openwrt/staging_dir/target-mips_34kc_uClibc-0.9.33.2/root-ar71xx/tmp-uboot-envtools/lib
install -d -m0755 /media/Chaos_Calmer15.05.1/openwrt/staging_dir/target-mips_34kc_uClibc-0.9.33.2/root-ar71xx/tmp-uboot-envtools/etc/uci-defaults
install -m0644 ./files/ar71xx /media/Chaos_Calmer15.05.1/openwrt/staging_dir/target-mips_34kc_uClibc-0.9.33.2/root-ar71xx/tmp-uboot-envtools/etc/uci-defaults/30_uboot-envtools
SHELL= /media/Chaos_Calmer15.05.1/openwrt/staging_dir/host/bin/flock /media/Chaos_Calmer15.05.1/openwrt/tmp/.root-copy.flock -c 'cp -fpR /media/Chaos_Calmer15.05.1/openwrt/staging_dir/target-mips_34kc_uClibc-0.9.33.2/root-ar71xx/tmp-uboot-envtools/. /media/Chaos_Calmer15.05.1/openwrt/staging_dir/target-mips_34kc_uClibc-0.9.33.2/root-ar71xx/'
rm -rf /media/Chaos_Calmer15.05.1/openwrt/staging_dir/target-mips_34kc_uClibc-0.9.33.2/root-ar71xx/tmp-uboot-envtools
touch /media/Chaos_Calmer15.05.1/openwrt/staging_dir/target-mips_34kc_uClibc-0.9.33.2/root-ar71xx/stamp/.uboot-envtools_installed
if [ -f /media/Chaos_Calmer15.05.1/openwrt/staging_dir/target-mips_34kc_uClibc-0.9.33.2/pkginfo/uboot-envtools.default.install.clean ]; then rm -f /media/Chaos_Calmer15.05.1/openwrt/staging_dir/target-mips_34kc_uClibc-0.9.33.2/pkginfo/uboot-envtools.default.install /media/Chaos_Calmer15.05.1/openwrt/staging_dir/target-mips_34kc_uClibc-0.9.33.2/pkginfo/uboot-envtools.default.install.clean; fi; echo "uboot-envtools" >> /media/Chaos_Calmer15.05.1/openwrt/staging_dir/target-mips_34kc_uClibc-0.9.33.2/pkginfo/uboot-envtools.default.install
make[3]: Leaving directory `/media/Chaos_Calmer15.05.1/openwrt/package/boot/uboot-envtools'
make[3]: Entering directory `/media/Chaos_Calmer15.05.1/openwrt/package/kernel/gpio-button-hotplug'
make -C "/media/Chaos_Calmer15.05.1/openwrt/build_dir/target-mips_34kc_uClibc-0.9.33.2/linux-ar71xx_generic/linux-3.18.23" ARCH="mips" CROSS_COMPILE="mips-openwrt-linux-uclibc-" SUBDIRS="/media/Chaos_Calmer15.05.1/openwrt/build_dir/target-mips_34kc_uClibc-0.9.33.2/linux-ar71xx_generic/gpio-button-hotplug" modules
make[4]: Entering directory `/media/Chaos_Calmer15.05.1/openwrt/build_dir/target-mips_34kc_uClibc-0.9.33.2/linux-ar71xx_generic/linux-3.18.23'
  Building modules, stage 2.
  MODPOST 1 modules
make[4]: Leaving directory `/media/Chaos_Calmer15.05.1/openwrt/build_dir/target-mips_34kc_uClibc-0.9.33.2/linux-ar71xx_generic/linux-3.18.23'
touch /media/Chaos_Calmer15.05.1/openwrt/build_dir/target-mips_34kc_uClibc-0.9.33.2/linux-ar71xx_generic/gpio-button-hotplug/.built
mkdir -p /media/Chaos_Calmer15.05.1/openwrt/bin/ar71xx/packages /media/Chaos_Calmer15.05.1/openwrt/build_dir/target-mips_34kc_uClibc-0.9.33.2/linux-ar71xx_generic/gpio-button-hotplug/ipkg-ar71xx/kmod-gpio-button-hotplug/CONTROL /media/Chaos_Calmer15.05.1/openwrt/staging_dir/target-mips_34kc_uClibc-0.9.33.2/pkginfo
. /media/Chaos_Calmer15.05.1/openwrt/include/shell.sh; export modules=; probe_module() { mods="$1"; boot="$2"; shift 2; for mod in $mods; do mkdir -p /media/Chaos_Calmer15.05.1/openwrt/build_dir/target-mips_34kc_uClibc-0.9.33.2/linux-ar71xx_generic/gpio-button-hotplug/ipkg-ar71xx/kmod-gpio-button-hotplug/etc/modules.d; echo "$mod" >> /media/Chaos_Calmer15.05.1/openwrt/build_dir/target-mips_34kc_uClibc-0.9.33.2/linux-ar71xx_generic/gpio-button-hotplug/ipkg-ar71xx/kmod-gpio-button-hotplug/etc/modules.d/gpio-button-hotplug; done; if [ -e /media/Chaos_Calmer15.05.1/openwrt/build_dir/target-mips_34kc_uClibc-0.9.33.2/linux-ar71xx_generic/gpio-button-hotplug/ipkg-ar71xx/kmod-gpio-button-hotplug/etc/modules.d/gpio-button-hotplug ]; then if [ "$boot" = "1" ]; then mkdir -p /media/Chaos_Calmer15.05.1/openwrt/build_dir/target-mips_34kc_uClibc-0.9.33.2/linux-ar71xx_generic/gpio-button-hotplug/ipkg-ar71xx/kmod-gpio-button-hotplug/etc/modules-boot.d; ln -s ../modules.d/gpio-button-hotplug /media/Chaos_Calmer15.05.1/openwrt/build_dir/target-mips_34kc_uClibc-0.9.33.2/linux-ar71xx_generic/gpio-button-hotplug/ipkg-ar71xx/kmod-gpio-button-hotplug/etc/modules-boot.d/; fi; modules="${modules:+$modules }$mods"; fi; }; add_module() { priority="$1"; mods="$2"; boot="$3"; shift 3; for mod in $mods; do mkdir -p /media/Chaos_Calmer15.05.1/openwrt/build_dir/target-mips_34kc_uClibc-0.9.33.2/linux-ar71xx_generic/gpio-button-hotplug/ipkg-ar71xx/kmod-gpio-button-hotplug/etc/modules.d; echo "$mod" >> /media/Chaos_Calmer15.05.1/openwrt/build_dir/target-mips_34kc_uClibc-0.9.33.2/linux-ar71xx_generic/gpio-button-hotplug/ipkg-ar71xx/kmod-gpio-button-hotplug/etc/modules.d/$priority-gpio-button-hotplug; done; if [ -e /media/Chaos_Calmer15.05.1/openwrt/build_dir/target-mips_34kc_uClibc-0.9.33.2/linux-ar71xx_generic/gpio-button-hotplug/ipkg-ar71xx/kmod-gpio-button-hotplug/etc/modules.d/$priority-gpio-button-hotplug ]; then if [ "$boot" = "1" ]; then mkdir -p /media/Chaos_Calmer15.05.1/openwrt/build_dir/target-mips_34kc_uClibc-0.9.33.2/linux-ar71xx_generic/gpio-button-hotplug/ipkg-ar71xx/kmod-gpio-button-hotplug/etc/modules-boot.d; ln -s ../modules.d/$priority-gpio-button-hotplug /media/Chaos_Calmer15.05.1/openwrt/build_dir/target-mips_34kc_uClibc-0.9.33.2/linux-ar71xx_generic/gpio-button-hotplug/ipkg-ar71xx/kmod-gpio-button-hotplug/etc/modules-boot.d/; fi; modules="${modules:+$modules }$priority-gpio-button-hotplug"; fi; }; add_module "30" "gpio-button-hotplug" "1"; if [ -n "$modules" ]; then mkdir -p /media/Chaos_Calmer15.05.1/openwrt/build_dir/target-mips_34kc_uClibc-0.9.33.2/linux-ar71xx_generic/gpio-button-hotplug/ipkg-ar71xx/kmod-gpio-button-hotplug/etc/modules.d; mkdir -p /media/Chaos_Calmer15.05.1/openwrt/build_dir/target-mips_34kc_uClibc-0.9.33.2/linux-ar71xx_generic/gpio-button-hotplug/ipkg-ar71xx/kmod-gpio-button-hotplug/CONTROL; echo "#!/bin/sh" > /media/Chaos_Calmer15.05.1/openwrt/build_dir/target-mips_34kc_uClibc-0.9.33.2/linux-ar71xx_generic/gpio-button-hotplug/ipkg-ar71xx/kmod-gpio-button-hotplug/CONTROL/postinst-pkg; echo "[ -z \"\$IPKG_INSTROOT\" ] || exit 0" >> /media/Chaos_Calmer15.05.1/openwrt/build_dir/target-mips_34kc_uClibc-0.9.33.2/linux-ar71xx_generic/gpio-button-hotplug/ipkg-ar71xx/kmod-gpio-button-hotplug/CONTROL/postinst-pkg; echo ". /lib/functions.sh" >> /media/Chaos_Calmer15.05.1/openwrt/build_dir/target-mips_34kc_uClibc-0.9.33.2/linux-ar71xx_generic/gpio-button-hotplug/ipkg-ar71xx/kmod-gpio-button-hotplug/CONTROL/postinst-pkg; echo "insert_modules $modules" >> /media/Chaos_Calmer15.05.1/openwrt/build_dir/target-mips_34kc_uClibc-0.9.33.2/linux-ar71xx_generic/gpio-button-hotplug/ipkg-ar71xx/kmod-gpio-button-hotplug/CONTROL/postinst-pkg; chmod 0755 /media/Chaos_Calmer15.05.1/openwrt/build_dir/target-mips_34kc_uClibc-0.9.33.2/linux-ar71xx_generic/gpio-button-hotplug/ipkg-ar71xx/kmod-gpio-button-hotplug/CONTROL/postinst-pkg; fi
find /media/Chaos_Calmer15.05.1/openwrt/build_dir/target-mips_34kc_uClibc-0.9.33.2/linux-ar71xx_generic/gpio-button-hotplug/ipkg-ar71xx/kmod-gpio-button-hotplug -name 'CVS' -o -name '.svn' -o -name '.#*' -o -name '*~'| xargs -r rm -rf
export CROSS="mips-openwrt-linux-uclibc-" NO_RENAME=1 ; NM="mips-openwrt-linux-uclibc-nm" STRIP="/media/Chaos_Calmer15.05.1/openwrt/staging_dir/host/bin/sstrip" STRIP_KMOD="/media/Chaos_Calmer15.05.1/openwrt/scripts/strip-kmod.sh" PATCHELF="/media/Chaos_Calmer15.05.1/openwrt/staging_dir/host/bin/patchelf" /media/Chaos_Calmer15.05.1/openwrt/scripts/rstrip.sh /media/Chaos_Calmer15.05.1/openwrt/build_dir/target-mips_34kc_uClibc-0.9.33.2/linux-ar71xx_generic/gpio-button-hotplug/ipkg-ar71xx/kmod-gpio-button-hotplug
rstrip.sh: /media/Chaos_Calmer15.05.1/openwrt/build_dir/target-mips_34kc_uClibc-0.9.33.2/linux-ar71xx_generic/gpio-button-hotplug/ipkg-ar71xx/kmod-gpio-button-hotplug/lib/modules/3.18.23/gpio-button-hotplug.ko: relocatable
(cd /media/Chaos_Calmer15.05.1/openwrt/build_dir/target-mips_34kc_uClibc-0.9.33.2/linux-ar71xx_generic/gpio-button-hotplug/ipkg-ar71xx/kmod-gpio-button-hotplug/CONTROL; ( echo "$CONTROL"; printf "Description: "; echo "$DESCRIPTION" | sed -e 's,^[[:space:]]*, ,g'; ) > control; chmod 644 control; ( echo "#!/bin/sh"; echo "[ \"\${IPKG_NO_SCRIPT}\" = \"1\" ] && exit 0"; echo ". \${IPKG_INSTROOT}/lib/functions.sh"; echo "default_postinst \$0 \$@"; ) > postinst; ( echo "#!/bin/sh"; echo ". \${IPKG_INSTROOT}/lib/functions.sh"; echo "default_prerm \$0 \$@"; ) > prerm; chmod 0755 postinst prerm;  )
install -d -m0755 /media/Chaos_Calmer15.05.1/openwrt/bin/ar71xx/packages/base
/media/Chaos_Calmer15.05.1/openwrt/scripts/ipkg-build -c -o 0 -g 0 /media/Chaos_Calmer15.05.1/openwrt/build_dir/target-mips_34kc_uClibc-0.9.33.2/linux-ar71xx_generic/gpio-button-hotplug/ipkg-ar71xx/kmod-gpio-button-hotplug /media/Chaos_Calmer15.05.1/openwrt/bin/ar71xx/packages/base
Packaged contents of /media/Chaos_Calmer15.05.1/openwrt/build_dir/target-mips_34kc_uClibc-0.9.33.2/linux-ar71xx_generic/gpio-button-hotplug/ipkg-ar71xx/kmod-gpio-button-hotplug into /media/Chaos_Calmer15.05.1/openwrt/bin/ar71xx/packages/base/kmod-gpio-button-hotplug_3.18.23-1_ar71xx.ipk
rm -rf /media/Chaos_Calmer15.05.1/openwrt/staging_dir/target-mips_34kc_uClibc-0.9.33.2/root-ar71xx/tmp-kmod-gpio-button-hotplug
mkdir -p /media/Chaos_Calmer15.05.1/openwrt/staging_dir/target-mips_34kc_uClibc-0.9.33.2/root-ar71xx/stamp /media/Chaos_Calmer15.05.1/openwrt/staging_dir/target-mips_34kc_uClibc-0.9.33.2/root-ar71xx/tmp-kmod-gpio-button-hotplug
. /media/Chaos_Calmer15.05.1/openwrt/include/shell.sh; export modules=; probe_module() { mods="$1"; boot="$2"; shift 2; for mod in $mods; do mkdir -p /media/Chaos_Calmer15.05.1/openwrt/staging_dir/target-mips_34kc_uClibc-0.9.33.2/root-ar71xx/tmp-kmod-gpio-button-hotplug/etc/modules.d; echo "$mod" >> /media/Chaos_Calmer15.05.1/openwrt/staging_dir/target-mips_34kc_uClibc-0.9.33.2/root-ar71xx/tmp-kmod-gpio-button-hotplug/etc/modules.d/gpio-button-hotplug; done; if [ -e /media/Chaos_Calmer15.05.1/openwrt/staging_dir/target-mips_34kc_uClibc-0.9.33.2/root-ar71xx/tmp-kmod-gpio-button-hotplug/etc/modules.d/gpio-button-hotplug ]; then if [ "$boot" = "1" ]; then mkdir -p /media/Chaos_Calmer15.05.1/openwrt/staging_dir/target-mips_34kc_uClibc-0.9.33.2/root-ar71xx/tmp-kmod-gpio-button-hotplug/etc/modules-boot.d; ln -s ../modules.d/gpio-button-hotplug /media/Chaos_Calmer15.05.1/openwrt/staging_dir/target-mips_34kc_uClibc-0.9.33.2/root-ar71xx/tmp-kmod-gpio-button-hotplug/etc/modules-boot.d/; fi; modules="${modules:+$modules }$mods"; fi; }; add_module() { priority="$1"; mods="$2"; boot="$3"; shift 3; for mod in $mods; do mkdir -p /media/Chaos_Calmer15.05.1/openwrt/staging_dir/target-mips_34kc_uClibc-0.9.33.2/root-ar71xx/tmp-kmod-gpio-button-hotplug/etc/modules.d; echo "$mod" >> /media/Chaos_Calmer15.05.1/openwrt/staging_dir/target-mips_34kc_uClibc-0.9.33.2/root-ar71xx/tmp-kmod-gpio-button-hotplug/etc/modules.d/$priority-gpio-button-hotplug; done; if [ -e /media/Chaos_Calmer15.05.1/openwrt/staging_dir/target-mips_34kc_uClibc-0.9.33.2/root-ar71xx/tmp-kmod-gpio-button-hotplug/etc/modules.d/$priority-gpio-button-hotplug ]; then if [ "$boot" = "1" ]; then mkdir -p /media/Chaos_Calmer15.05.1/openwrt/staging_dir/target-mips_34kc_uClibc-0.9.33.2/root-ar71xx/tmp-kmod-gpio-button-hotplug/etc/modules-boot.d; ln -s ../modules.d/$priority-gpio-button-hotplug /media/Chaos_Calmer15.05.1/openwrt/staging_dir/target-mips_34kc_uClibc-0.9.33.2/root-ar71xx/tmp-kmod-gpio-button-hotplug/etc/modules-boot.d/; fi; modules="${modules:+$modules }$priority-gpio-button-hotplug"; fi; }; add_module "30" "gpio-button-hotplug" "1"; if [ -n "$modules" ]; then mkdir -p /media/Chaos_Calmer15.05.1/openwrt/staging_dir/target-mips_34kc_uClibc-0.9.33.2/root-ar71xx/tmp-kmod-gpio-button-hotplug/etc/modules.d; mkdir -p /media/Chaos_Calmer15.05.1/openwrt/staging_dir/target-mips_34kc_uClibc-0.9.33.2/root-ar71xx/tmp-kmod-gpio-button-hotplug/CONTROL; echo "#!/bin/sh" > /media/Chaos_Calmer15.05.1/openwrt/staging_dir/target-mips_34kc_uClibc-0.9.33.2/root-ar71xx/tmp-kmod-gpio-button-hotplug/CONTROL/postinst-pkg; echo "[ -z \"\$IPKG_INSTROOT\" ] || exit 0" >> /media/Chaos_Calmer15.05.1/openwrt/staging_dir/target-mips_34kc_uClibc-0.9.33.2/root-ar71xx/tmp-kmod-gpio-button-hotplug/CONTROL/postinst-pkg; echo ". /lib/functions.sh" >> /media/Chaos_Calmer15.05.1/openwrt/staging_dir/target-mips_34kc_uClibc-0.9.33.2/root-ar71xx/tmp-kmod-gpio-button-hotplug/CONTROL/postinst-pkg; echo "insert_modules $modules" >> /media/Chaos_Calmer15.05.1/openwrt/staging_dir/target-mips_34kc_uClibc-0.9.33.2/root-ar71xx/tmp-kmod-gpio-button-hotplug/CONTROL/postinst-pkg; chmod 0755 /media/Chaos_Calmer15.05.1/openwrt/staging_dir/target-mips_34kc_uClibc-0.9.33.2/root-ar71xx/tmp-kmod-gpio-button-hotplug/CONTROL/postinst-pkg; fi
SHELL= /media/Chaos_Calmer15.05.1/openwrt/staging_dir/host/bin/flock /media/Chaos_Calmer15.05.1/openwrt/tmp/.root-copy.flock -c 'cp -fpR /media/Chaos_Calmer15.05.1/openwrt/staging_dir/target-mips_34kc_uClibc-0.9.33.2/root-ar71xx/tmp-kmod-gpio-button-hotplug/. /media/Chaos_Calmer15.05.1/openwrt/staging_dir/target-mips_34kc_uClibc-0.9.33.2/root-ar71xx/'
rm -rf /media/Chaos_Calmer15.05.1/openwrt/staging_dir/target-mips_34kc_uClibc-0.9.33.2/root-ar71xx/tmp-kmod-gpio-button-hotplug
touch /media/Chaos_Calmer15.05.1/openwrt/staging_dir/target-mips_34kc_uClibc-0.9.33.2/root-ar71xx/stamp/.kmod-gpio-button-hotplug_installed
if [ -f /media/Chaos_Calmer15.05.1/openwrt/staging_dir/target-mips_34kc_uClibc-0.9.33.2/pkginfo/gpio-button-hotplug.default.install.clean ]; then rm -f /media/Chaos_Calmer15.05.1/openwrt/staging_dir/target-mips_34kc_uClibc-0.9.33.2/pkginfo/gpio-button-hotplug.default.install /media/Chaos_Calmer15.05.1/openwrt/staging_dir/target-mips_34kc_uClibc-0.9.33.2/pkginfo/gpio-button-hotplug.default.install.clean; fi; echo "kmod-gpio-button-hotplug" >> /media/Chaos_Calmer15.05.1/openwrt/staging_dir/target-mips_34kc_uClibc-0.9.33.2/pkginfo/gpio-button-hotplug.default.install
make[3]: Leaving directory `/media/Chaos_Calmer15.05.1/openwrt/package/kernel/gpio-button-hotplug'
make[3]: Entering directory `/media/Chaos_Calmer15.05.1/openwrt/package/firmware/linux-firmware'
make[3]: Leaving directory `/media/Chaos_Calmer15.05.1/openwrt/package/firmware/linux-firmware'
make[3]: Entering directory `/media/Chaos_Calmer15.05.1/openwrt/package/kernel/linux'
rm -rf /media/Chaos_Calmer15.05.1/openwrt/staging_dir/target-mips_34kc_uClibc-0.9.33.2/root-ar71xx/tmp-kernel
mkdir -p /media/Chaos_Calmer15.05.1/openwrt/staging_dir/target-mips_34kc_uClibc-0.9.33.2/root-ar71xx/stamp /media/Chaos_Calmer15.05.1/openwrt/staging_dir/target-mips_34kc_uClibc-0.9.33.2/root-ar71xx/tmp-kernel
# nothing to do
SHELL= /media/Chaos_Calmer15.05.1/openwrt/staging_dir/host/bin/flock /media/Chaos_Calmer15.05.1/openwrt/tmp/.root-copy.flock -c 'cp -fpR /media/Chaos_Calmer15.05.1/openwrt/staging_dir/target-mips_34kc_uClibc-0.9.33.2/root-ar71xx/tmp-kernel/. /media/Chaos_Calmer15.05.1/openwrt/staging_dir/target-mips_34kc_uClibc-0.9.33.2/root-ar71xx/'
rm -rf /media/Chaos_Calmer15.05.1/openwrt/staging_dir/target-mips_34kc_uClibc-0.9.33.2/root-ar71xx/tmp-kernel
touch /media/Chaos_Calmer15.05.1/openwrt/staging_dir/target-mips_34kc_uClibc-0.9.33.2/root-ar71xx/stamp/.kernel_installed
if [ -f /media/Chaos_Calmer15.05.1/openwrt/staging_dir/target-mips_34kc_uClibc-0.9.33.2/pkginfo/linux.default.install.clean ]; then rm -f /media/Chaos_Calmer15.05.1/openwrt/staging_dir/target-mips_34kc_uClibc-0.9.33.2/pkginfo/linux.default.install /media/Chaos_Calmer15.05.1/openwrt/staging_dir/target-mips_34kc_uClibc-0.9.33.2/pkginfo/linux.default.install.clean; fi; echo "kernel" >> /media/Chaos_Calmer15.05.1/openwrt/staging_dir/target-mips_34kc_uClibc-0.9.33.2/pkginfo/linux.default.install
rm -rf /media/Chaos_Calmer15.05.1/openwrt/staging_dir/target-mips_34kc_uClibc-0.9.33.2/root-ar71xx/tmp-kmod-crypto-core
mkdir -p /media/Chaos_Calmer15.05.1/openwrt/staging_dir/target-mips_34kc_uClibc-0.9.33.2/root-ar71xx/stamp /media/Chaos_Calmer15.05.1/openwrt/staging_dir/target-mips_34kc_uClibc-0.9.33.2/root-ar71xx/tmp-kmod-crypto-core
NOTICE: module '/media/Chaos_Calmer15.05.1/openwrt/build_dir/target-mips_34kc_uClibc-0.9.33.2/linux-ar71xx_generic/linux-3.18.23/crypto/crypto_algapi.ko' is built-in.
. /media/Chaos_Calmer15.05.1/openwrt/include/shell.sh; export modules=; probe_module() { mods="$1"; boot="$2"; shift 2; for mod in $mods; do mkdir -p /media/Chaos_Calmer15.05.1/openwrt/staging_dir/target-mips_34kc_uClibc-0.9.33.2/root-ar71xx/tmp-kmod-crypto-core/etc/modules.d; echo "$mod" >> /media/Chaos_Calmer15.05.1/openwrt/staging_dir/target-mips_34kc_uClibc-0.9.33.2/root-ar71xx/tmp-kmod-crypto-core/etc/modules.d/crypto-core; done; if [ -e /media/Chaos_Calmer15.05.1/openwrt/staging_dir/target-mips_34kc_uClibc-0.9.33.2/root-ar71xx/tmp-kmod-crypto-core/etc/modules.d/crypto-core ]; then if [ "$boot" = "1" ]; then mkdir -p /media/Chaos_Calmer15.05.1/openwrt/staging_dir/target-mips_34kc_uClibc-0.9.33.2/root-ar71xx/tmp-kmod-crypto-core/etc/modules-boot.d; ln -s ../modules.d/crypto-core /media/Chaos_Calmer15.05.1/openwrt/staging_dir/target-mips_34kc_uClibc-0.9.33.2/root-ar71xx/tmp-kmod-crypto-core/etc/modules-boot.d/; fi; modules="${modules:+$modules }$mods"; fi; }; add_module() { priority="$1"; mods="$2"; boot="$3"; shift 3; for mod in $mods; do mkdir -p /media/Chaos_Calmer15.05.1/openwrt/staging_dir/target-mips_34kc_uClibc-0.9.33.2/root-ar71xx/tmp-kmod-crypto-core/etc/modules.d; echo "$mod" >> /media/Chaos_Calmer15.05.1/openwrt/staging_dir/target-mips_34kc_uClibc-0.9.33.2/root-ar71xx/tmp-kmod-crypto-core/etc/modules.d/$priority-crypto-core; done; if [ -e /media/Chaos_Calmer15.05.1/openwrt/staging_dir/target-mips_34kc_uClibc-0.9.33.2/root-ar71xx/tmp-kmod-crypto-core/etc/modules.d/$priority-crypto-core ]; then if [ "$boot" = "1" ]; then mkdir -p /media/Chaos_Calmer15.05.1/openwrt/staging_dir/target-mips_34kc_uClibc-0.9.33.2/root-ar71xx/tmp-kmod-crypto-core/etc/modules-boot.d; ln -s ../modules.d/$priority-crypto-core /media/Chaos_Calmer15.05.1/openwrt/staging_dir/target-mips_34kc_uClibc-0.9.33.2/root-ar71xx/tmp-kmod-crypto-core/etc/modules-boot.d/; fi; modules="${modules:+$modules }$priority-crypto-core"; fi; };  if [ -n "$modules" ]; then mkdir -p /media/Chaos_Calmer15.05.1/openwrt/staging_dir/target-mips_34kc_uClibc-0.9.33.2/root-ar71xx/tmp-kmod-crypto-core/etc/modules.d; mkdir -p /media/Chaos_Calmer15.05.1/openwrt/staging_dir/target-mips_34kc_uClibc-0.9.33.2/root-ar71xx/tmp-kmod-crypto-core/CONTROL; echo "#!/bin/sh" > /media/Chaos_Calmer15.05.1/openwrt/staging_dir/target-mips_34kc_uClibc-0.9.33.2/root-ar71xx/tmp-kmod-crypto-core/CONTROL/postinst-pkg; echo "[ -z \"\$IPKG_INSTROOT\" ] || exit 0" >> /media/Chaos_Calmer15.05.1/openwrt/staging_dir/target-mips_34kc_uClibc-0.9.33.2/root-ar71xx/tmp-kmod-crypto-core/CONTROL/postinst-pkg; echo ". /lib/functions.sh" >> /media/Chaos_Calmer15.05.1/openwrt/staging_dir/target-mips_34kc_uClibc-0.9.33.2/root-ar71xx/tmp-kmod-crypto-core/CONTROL/postinst-pkg; echo "insert_modules $modules" >> /media/Chaos_Calmer15.05.1/openwrt/staging_dir/target-mips_34kc_uClibc-0.9.33.2/root-ar71xx/tmp-kmod-crypto-core/CONTROL/postinst-pkg; chmod 0755 /media/Chaos_Calmer15.05.1/openwrt/staging_dir/target-mips_34kc_uClibc-0.9.33.2/root-ar71xx/tmp-kmod-crypto-core/CONTROL/postinst-pkg; fi
SHELL= /media/Chaos_Calmer15.05.1/openwrt/staging_dir/host/bin/flock /media/Chaos_Calmer15.05.1/openwrt/tmp/.root-copy.flock -c 'cp -fpR /media/Chaos_Calmer15.05.1/openwrt/staging_dir/target-mips_34kc_uClibc-0.9.33.2/root-ar71xx/tmp-kmod-crypto-core/. /media/Chaos_Calmer15.05.1/openwrt/staging_dir/target-mips_34kc_uClibc-0.9.33.2/root-ar71xx/'
rm -rf /media/Chaos_Calmer15.05.1/openwrt/staging_dir/target-mips_34kc_uClibc-0.9.33.2/root-ar71xx/tmp-kmod-crypto-core
touch /media/Chaos_Calmer15.05.1/openwrt/staging_dir/target-mips_34kc_uClibc-0.9.33.2/root-ar71xx/stamp/.kmod-crypto-core_installed
if [ -f /media/Chaos_Calmer15.05.1/openwrt/staging_dir/target-mips_34kc_uClibc-0.9.33.2/pkginfo/linux.default.install.clean ]; then rm -f /media/Chaos_Calmer15.05.1/openwrt/staging_dir/target-mips_34kc_uClibc-0.9.33.2/pkginfo/linux.default.install /media/Chaos_Calmer15.05.1/openwrt/staging_dir/target-mips_34kc_uClibc-0.9.33.2/pkginfo/linux.default.install.clean; fi; echo "kmod-crypto-core" >> /media/Chaos_Calmer15.05.1/openwrt/staging_dir/target-mips_34kc_uClibc-0.9.33.2/pkginfo/linux.default.install
rm -rf /media/Chaos_Calmer15.05.1/openwrt/staging_dir/target-mips_34kc_uClibc-0.9.33.2/root-ar71xx/tmp-kmod-crypto-aes
mkdir -p /media/Chaos_Calmer15.05.1/openwrt/staging_dir/target-mips_34kc_uClibc-0.9.33.2/root-ar71xx/stamp /media/Chaos_Calmer15.05.1/openwrt/staging_dir/target-mips_34kc_uClibc-0.9.33.2/root-ar71xx/tmp-kmod-crypto-aes
NOTICE: module '/media/Chaos_Calmer15.05.1/openwrt/build_dir/target-mips_34kc_uClibc-0.9.33.2/linux-ar71xx_generic/linux-3.18.23/crypto/aes_generic.ko' is built-in.
. /media/Chaos_Calmer15.05.1/openwrt/include/shell.sh; export modules=; probe_module() { mods="$1"; boot="$2"; shift 2; for mod in $mods; do mkdir -p /media/Chaos_Calmer15.05.1/openwrt/staging_dir/target-mips_34kc_uClibc-0.9.33.2/root-ar71xx/tmp-kmod-crypto-aes/etc/modules.d; echo "$mod" >> /media/Chaos_Calmer15.05.1/openwrt/staging_dir/target-mips_34kc_uClibc-0.9.33.2/root-ar71xx/tmp-kmod-crypto-aes/etc/modules.d/crypto-aes; done; if [ -e /media/Chaos_Calmer15.05.1/openwrt/staging_dir/target-mips_34kc_uClibc-0.9.33.2/root-ar71xx/tmp-kmod-crypto-aes/etc/modules.d/crypto-aes ]; then if [ "$boot" = "1" ]; then mkdir -p /media/Chaos_Calmer15.05.1/openwrt/staging_dir/target-mips_34kc_uClibc-0.9.33.2/root-ar71xx/tmp-kmod-crypto-aes/etc/modules-boot.d; ln -s ../modules.d/crypto-aes /media/Chaos_Calmer15.05.1/openwrt/staging_dir/target-mips_34kc_uClibc-0.9.33.2/root-ar71xx/tmp-kmod-crypto-aes/etc/modules-boot.d/; fi; modules="${modules:+$modules }$mods"; fi; }; add_module() { priority="$1"; mods="$2"; boot="$3"; shift 3; for mod in $mods; do mkdir -p /media/Chaos_Calmer15.05.1/openwrt/staging_dir/target-mips_34kc_uClibc-0.9.33.2/root-ar71xx/tmp-kmod-crypto-aes/etc/modules.d; echo "$mod" >> /media/Chaos_Calmer15.05.1/openwrt/staging_dir/target-mips_34kc_uClibc-0.9.33.2/root-ar71xx/tmp-kmod-crypto-aes/etc/modules.d/$priority-crypto-aes; done; if [ -e /media/Chaos_Calmer15.05.1/openwrt/staging_dir/target-mips_34kc_uClibc-0.9.33.2/root-ar71xx/tmp-kmod-crypto-aes/etc/modules.d/$priority-crypto-aes ]; then if [ "$boot" = "1" ]; then mkdir -p /media/Chaos_Calmer15.05.1/openwrt/staging_dir/target-mips_34kc_uClibc-0.9.33.2/root-ar71xx/tmp-kmod-crypto-aes/etc/modules-boot.d; ln -s ../modules.d/$priority-crypto-aes /media/Chaos_Calmer15.05.1/openwrt/staging_dir/target-mips_34kc_uClibc-0.9.33.2/root-ar71xx/tmp-kmod-crypto-aes/etc/modules-boot.d/; fi; modules="${modules:+$modules }$priority-crypto-aes"; fi; }; add_module "09" "aes_generic" ""; if [ -n "$modules" ]; then mkdir -p /media/Chaos_Calmer15.05.1/openwrt/staging_dir/target-mips_34kc_uClibc-0.9.33.2/root-ar71xx/tmp-kmod-crypto-aes/etc/modules.d; mkdir -p /media/Chaos_Calmer15.05.1/openwrt/staging_dir/target-mips_34kc_uClibc-0.9.33.2/root-ar71xx/tmp-kmod-crypto-aes/CONTROL; echo "#!/bin/sh" > /media/Chaos_Calmer15.05.1/openwrt/staging_dir/target-mips_34kc_uClibc-0.9.33.2/root-ar71xx/tmp-kmod-crypto-aes/CONTROL/postinst-pkg; echo "[ -z \"\$IPKG_INSTROOT\" ] || exit 0" >> /media/Chaos_Calmer15.05.1/openwrt/staging_dir/target-mips_34kc_uClibc-0.9.33.2/root-ar71xx/tmp-kmod-crypto-aes/CONTROL/postinst-pkg; echo ". /lib/functions.sh" >> /media/Chaos_Calmer15.05.1/openwrt/staging_dir/target-mips_34kc_uClibc-0.9.33.2/root-ar71xx/tmp-kmod-crypto-aes/CONTROL/postinst-pkg; echo "insert_modules $modules" >> /media/Chaos_Calmer15.05.1/openwrt/staging_dir/target-mips_34kc_uClibc-0.9.33.2/root-ar71xx/tmp-kmod-crypto-aes/CONTROL/postinst-pkg; chmod 0755 /media/Chaos_Calmer15.05.1/openwrt/staging_dir/target-mips_34kc_uClibc-0.9.33.2/root-ar71xx/tmp-kmod-crypto-aes/CONTROL/postinst-pkg; fi
SHELL= /media/Chaos_Calmer15.05.1/openwrt/staging_dir/host/bin/flock /media/Chaos_Calmer15.05.1/openwrt/tmp/.root-copy.flock -c 'cp -fpR /media/Chaos_Calmer15.05.1/openwrt/staging_dir/target-mips_34kc_uClibc-0.9.33.2/root-ar71xx/tmp-kmod-crypto-aes/. /media/Chaos_Calmer15.05.1/openwrt/staging_dir/target-mips_34kc_uClibc-0.9.33.2/root-ar71xx/'
rm -rf /media/Chaos_Calmer15.05.1/openwrt/staging_dir/target-mips_34kc_uClibc-0.9.33.2/root-ar71xx/tmp-kmod-crypto-aes
touch /media/Chaos_Calmer15.05.1/openwrt/staging_dir/target-mips_34kc_uClibc-0.9.33.2/root-ar71xx/stamp/.kmod-crypto-aes_installed
if [ -f /media/Chaos_Calmer15.05.1/openwrt/staging_dir/target-mips_34kc_uClibc-0.9.33.2/pkginfo/linux.default.install.clean ]; then rm -f /media/Chaos_Calmer15.05.1/openwrt/staging_dir/target-mips_34kc_uClibc-0.9.33.2/pkginfo/linux.default.install /media/Chaos_Calmer15.05.1/openwrt/staging_dir/target-mips_34kc_uClibc-0.9.33.2/pkginfo/linux.default.install.clean; fi; echo "kmod-crypto-aes" >> /media/Chaos_Calmer15.05.1/openwrt/staging_dir/target-mips_34kc_uClibc-0.9.33.2/pkginfo/linux.default.install
rm -rf /media/Chaos_Calmer15.05.1/openwrt/staging_dir/target-mips_34kc_uClibc-0.9.33.2/root-ar71xx/tmp-kmod-crypto-arc4
mkdir -p /media/Chaos_Calmer15.05.1/openwrt/staging_dir/target-mips_34kc_uClibc-0.9.33.2/root-ar71xx/stamp /media/Chaos_Calmer15.05.1/openwrt/staging_dir/target-mips_34kc_uClibc-0.9.33.2/root-ar71xx/tmp-kmod-crypto-arc4
. /media/Chaos_Calmer15.05.1/openwrt/include/shell.sh; export modules=; probe_module() { mods="$1"; boot="$2"; shift 2; for mod in $mods; do mkdir -p /media/Chaos_Calmer15.05.1/openwrt/staging_dir/target-mips_34kc_uClibc-0.9.33.2/root-ar71xx/tmp-kmod-crypto-arc4/etc/modules.d; echo "$mod" >> /media/Chaos_Calmer15.05.1/openwrt/staging_dir/target-mips_34kc_uClibc-0.9.33.2/root-ar71xx/tmp-kmod-crypto-arc4/etc/modules.d/crypto-arc4; done; if [ -e /media/Chaos_Calmer15.05.1/openwrt/staging_dir/target-mips_34kc_uClibc-0.9.33.2/root-ar71xx/tmp-kmod-crypto-arc4/etc/modules.d/crypto-arc4 ]; then if [ "$boot" = "1" ]; then mkdir -p /media/Chaos_Calmer15.05.1/openwrt/staging_dir/target-mips_34kc_uClibc-0.9.33.2/root-ar71xx/tmp-kmod-crypto-arc4/etc/modules-boot.d; ln -s ../modules.d/crypto-arc4 /media/Chaos_Calmer15.05.1/openwrt/staging_dir/target-mips_34kc_uClibc-0.9.33.2/root-ar71xx/tmp-kmod-crypto-arc4/etc/modules-boot.d/; fi; modules="${modules:+$modules }$mods"; fi; }; add_module() { priority="$1"; mods="$2"; boot="$3"; shift 3; for mod in $mods; do mkdir -p /media/Chaos_Calmer15.05.1/openwrt/staging_dir/target-mips_34kc_uClibc-0.9.33.2/root-ar71xx/tmp-kmod-crypto-arc4/etc/modules.d; echo "$mod" >> /media/Chaos_Calmer15.05.1/openwrt/staging_dir/target-mips_34kc_uClibc-0.9.33.2/root-ar71xx/tmp-kmod-crypto-arc4/etc/modules.d/$priority-crypto-arc4; done; if [ -e /media/Chaos_Calmer15.05.1/openwrt/staging_dir/target-mips_34kc_uClibc-0.9.33.2/root-ar71xx/tmp-kmod-crypto-arc4/etc/modules.d/$priority-crypto-arc4 ]; then if [ "$boot" = "1" ]; then mkdir -p /media/Chaos_Calmer15.05.1/openwrt/staging_dir/target-mips_34kc_uClibc-0.9.33.2/root-ar71xx/tmp-kmod-crypto-arc4/etc/modules-boot.d; ln -s ../modules.d/$priority-crypto-arc4 /media/Chaos_Calmer15.05.1/openwrt/staging_dir/target-mips_34kc_uClibc-0.9.33.2/root-ar71xx/tmp-kmod-crypto-arc4/etc/modules-boot.d/; fi; modules="${modules:+$modules }$priority-crypto-arc4"; fi; }; add_module "09" "arc4" ""; if [ -n "$modules" ]; then mkdir -p /media/Chaos_Calmer15.05.1/openwrt/staging_dir/target-mips_34kc_uClibc-0.9.33.2/root-ar71xx/tmp-kmod-crypto-arc4/etc/modules.d; mkdir -p /media/Chaos_Calmer15.05.1/openwrt/staging_dir/target-mips_34kc_uClibc-0.9.33.2/root-ar71xx/tmp-kmod-crypto-arc4/CONTROL; echo "#!/bin/sh" > /media/Chaos_Calmer15.05.1/openwrt/staging_dir/target-mips_34kc_uClibc-0.9.33.2/root-ar71xx/tmp-kmod-crypto-arc4/CONTROL/postinst-pkg; echo "[ -z \"\$IPKG_INSTROOT\" ] || exit 0" >> /media/Chaos_Calmer15.05.1/openwrt/staging_dir/target-mips_34kc_uClibc-0.9.33.2/root-ar71xx/tmp-kmod-crypto-arc4/CONTROL/postinst-pkg; echo ". /lib/functions.sh" >> /media/Chaos_Calmer15.05.1/openwrt/staging_dir/target-mips_34kc_uClibc-0.9.33.2/root-ar71xx/tmp-kmod-crypto-arc4/CONTROL/postinst-pkg; echo "insert_modules $modules" >> /media/Chaos_Calmer15.05.1/openwrt/staging_dir/target-mips_34kc_uClibc-0.9.33.2/root-ar71xx/tmp-kmod-crypto-arc4/CONTROL/postinst-pkg; chmod 0755 /media/Chaos_Calmer15.05.1/openwrt/staging_dir/target-mips_34kc_uClibc-0.9.33.2/root-ar71xx/tmp-kmod-crypto-arc4/CONTROL/postinst-pkg; fi
SHELL= /media/Chaos_Calmer15.05.1/openwrt/staging_dir/host/bin/flock /media/Chaos_Calmer15.05.1/openwrt/tmp/.root-copy.flock -c 'cp -fpR /media/Chaos_Calmer15.05.1/openwrt/staging_dir/target-mips_34kc_uClibc-0.9.33.2/root-ar71xx/tmp-kmod-crypto-arc4/. /media/Chaos_Calmer15.05.1/openwrt/staging_dir/target-mips_34kc_uClibc-0.9.33.2/root-ar71xx/'
rm -rf /media/Chaos_Calmer15.05.1/openwrt/staging_dir/target-mips_34kc_uClibc-0.9.33.2/root-ar71xx/tmp-kmod-crypto-arc4
touch /media/Chaos_Calmer15.05.1/openwrt/staging_dir/target-mips_34kc_uClibc-0.9.33.2/root-ar71xx/stamp/.kmod-crypto-arc4_installed
if [ -f /media/Chaos_Calmer15.05.1/openwrt/staging_dir/target-mips_34kc_uClibc-0.9.33.2/pkginfo/linux.default.install.clean ]; then rm -f /media/Chaos_Calmer15.05.1/openwrt/staging_dir/target-mips_34kc_uClibc-0.9.33.2/pkginfo/linux.default.install /media/Chaos_Calmer15.05.1/openwrt/staging_dir/target-mips_34kc_uClibc-0.9.33.2/pkginfo/linux.default.install.clean; fi; echo "kmod-crypto-arc4" >> /media/Chaos_Calmer15.05.1/openwrt/staging_dir/target-mips_34kc_uClibc-0.9.33.2/pkginfo/linux.default.install
rm -rf /media/Chaos_Calmer15.05.1/openwrt/staging_dir/target-mips_34kc_uClibc-0.9.33.2/root-ar71xx/tmp-kmod-ledtrig-usbdev
mkdir -p /media/Chaos_Calmer15.05.1/openwrt/staging_dir/target-mips_34kc_uClibc-0.9.33.2/root-ar71xx/stamp /media/Chaos_Calmer15.05.1/openwrt/staging_dir/target-mips_34kc_uClibc-0.9.33.2/root-ar71xx/tmp-kmod-ledtrig-usbdev
. /media/Chaos_Calmer15.05.1/openwrt/include/shell.sh; export modules=; probe_module() { mods="$1"; boot="$2"; shift 2; for mod in $mods; do mkdir -p /media/Chaos_Calmer15.05.1/openwrt/staging_dir/target-mips_34kc_uClibc-0.9.33.2/root-ar71xx/tmp-kmod-ledtrig-usbdev/etc/modules.d; echo "$mod" >> /media/Chaos_Calmer15.05.1/openwrt/staging_dir/target-mips_34kc_uClibc-0.9.33.2/root-ar71xx/tmp-kmod-ledtrig-usbdev/etc/modules.d/ledtrig-usbdev; done; if [ -e /media/Chaos_Calmer15.05.1/openwrt/staging_dir/target-mips_34kc_uClibc-0.9.33.2/root-ar71xx/tmp-kmod-ledtrig-usbdev/etc/modules.d/ledtrig-usbdev ]; then if [ "$boot" = "1" ]; then mkdir -p /media/Chaos_Calmer15.05.1/openwrt/staging_dir/target-mips_34kc_uClibc-0.9.33.2/root-ar71xx/tmp-kmod-ledtrig-usbdev/etc/modules-boot.d; ln -s ../modules.d/ledtrig-usbdev /media/Chaos_Calmer15.05.1/openwrt/staging_dir/target-mips_34kc_uClibc-0.9.33.2/root-ar71xx/tmp-kmod-ledtrig-usbdev/etc/modules-boot.d/; fi; modules="${modules:+$modules }$mods"; fi; }; add_module() { priority="$1"; mods="$2"; boot="$3"; shift 3; for mod in $mods; do mkdir -p /media/Chaos_Calmer15.05.1/openwrt/staging_dir/target-mips_34kc_uClibc-0.9.33.2/root-ar71xx/tmp-kmod-ledtrig-usbdev/etc/modules.d; echo "$mod" >> /media/Chaos_Calmer15.05.1/openwrt/staging_dir/target-mips_34kc_uClibc-0.9.33.2/root-ar71xx/tmp-kmod-ledtrig-usbdev/etc/modules.d/$priority-ledtrig-usbdev; done; if [ -e /media/Chaos_Calmer15.05.1/openwrt/staging_dir/target-mips_34kc_uClibc-0.9.33.2/root-ar71xx/tmp-kmod-ledtrig-usbdev/etc/modules.d/$priority-ledtrig-usbdev ]; then if [ "$boot" = "1" ]; then mkdir -p /media/Chaos_Calmer15.05.1/openwrt/staging_dir/target-mips_34kc_uClibc-0.9.33.2/root-ar71xx/tmp-kmod-ledtrig-usbdev/etc/modules-boot.d; ln -s ../modules.d/$priority-ledtrig-usbdev /media/Chaos_Calmer15.05.1/openwrt/staging_dir/target-mips_34kc_uClibc-0.9.33.2/root-ar71xx/tmp-kmod-ledtrig-usbdev/etc/modules-boot.d/; fi; modules="${modules:+$modules }$priority-ledtrig-usbdev"; fi; }; add_module "50" "ledtrig-usbdev" ""; if [ -n "$modules" ]; then mkdir -p /media/Chaos_Calmer15.05.1/openwrt/staging_dir/target-mips_34kc_uClibc-0.9.33.2/root-ar71xx/tmp-kmod-ledtrig-usbdev/etc/modules.d; mkdir -p /media/Chaos_Calmer15.05.1/openwrt/staging_dir/target-mips_34kc_uClibc-0.9.33.2/root-ar71xx/tmp-kmod-ledtrig-usbdev/CONTROL; echo "#!/bin/sh" > /media/Chaos_Calmer15.05.1/openwrt/staging_dir/target-mips_34kc_uClibc-0.9.33.2/root-ar71xx/tmp-kmod-ledtrig-usbdev/CONTROL/postinst-pkg; echo "[ -z \"\$IPKG_INSTROOT\" ] || exit 0" >> /media/Chaos_Calmer15.05.1/openwrt/staging_dir/target-mips_34kc_uClibc-0.9.33.2/root-ar71xx/tmp-kmod-ledtrig-usbdev/CONTROL/postinst-pkg; echo ". /lib/functions.sh" >> /media/Chaos_Calmer15.05.1/openwrt/staging_dir/target-mips_34kc_uClibc-0.9.33.2/root-ar71xx/tmp-kmod-ledtrig-usbdev/CONTROL/postinst-pkg; echo "insert_modules $modules" >> /media/Chaos_Calmer15.05.1/openwrt/staging_dir/target-mips_34kc_uClibc-0.9.33.2/root-ar71xx/tmp-kmod-ledtrig-usbdev/CONTROL/postinst-pkg; chmod 0755 /media/Chaos_Calmer15.05.1/openwrt/staging_dir/target-mips_34kc_uClibc-0.9.33.2/root-ar71xx/tmp-kmod-ledtrig-usbdev/CONTROL/postinst-pkg; fi
SHELL= /media/Chaos_Calmer15.05.1/openwrt/staging_dir/host/bin/flock /media/Chaos_Calmer15.05.1/openwrt/tmp/.root-copy.flock -c 'cp -fpR /media/Chaos_Calmer15.05.1/openwrt/staging_dir/target-mips_34kc_uClibc-0.9.33.2/root-ar71xx/tmp-kmod-ledtrig-usbdev/. /media/Chaos_Calmer15.05.1/openwrt/staging_dir/target-mips_34kc_uClibc-0.9.33.2/root-ar71xx/'
rm -rf /media/Chaos_Calmer15.05.1/openwrt/staging_dir/target-mips_34kc_uClibc-0.9.33.2/root-ar71xx/tmp-kmod-ledtrig-usbdev
touch /media/Chaos_Calmer15.05.1/openwrt/staging_dir/target-mips_34kc_uClibc-0.9.33.2/root-ar71xx/stamp/.kmod-ledtrig-usbdev_installed
if [ -f /media/Chaos_Calmer15.05.1/openwrt/staging_dir/target-mips_34kc_uClibc-0.9.33.2/pkginfo/linux.default.install.clean ]; then rm -f /media/Chaos_Calmer15.05.1/openwrt/staging_dir/target-mips_34kc_uClibc-0.9.33.2/pkginfo/linux.default.install /media/Chaos_Calmer15.05.1/openwrt/staging_dir/target-mips_34kc_uClibc-0.9.33.2/pkginfo/linux.default.install.clean; fi; echo "kmod-ledtrig-usbdev" >> /media/Chaos_Calmer15.05.1/openwrt/staging_dir/target-mips_34kc_uClibc-0.9.33.2/pkginfo/linux.default.install
rm -rf /media/Chaos_Calmer15.05.1/openwrt/staging_dir/target-mips_34kc_uClibc-0.9.33.2/root-ar71xx/tmp-kmod-lib-crc-ccitt
mkdir -p /media/Chaos_Calmer15.05.1/openwrt/staging_dir/target-mips_34kc_uClibc-0.9.33.2/root-ar71xx/stamp /media/Chaos_Calmer15.05.1/openwrt/staging_dir/target-mips_34kc_uClibc-0.9.33.2/root-ar71xx/tmp-kmod-lib-crc-ccitt
. /media/Chaos_Calmer15.05.1/openwrt/include/shell.sh; export modules=; probe_module() { mods="$1"; boot="$2"; shift 2; for mod in $mods; do mkdir -p /media/Chaos_Calmer15.05.1/openwrt/staging_dir/target-mips_34kc_uClibc-0.9.33.2/root-ar71xx/tmp-kmod-lib-crc-ccitt/etc/modules.d; echo "$mod" >> /media/Chaos_Calmer15.05.1/openwrt/staging_dir/target-mips_34kc_uClibc-0.9.33.2/root-ar71xx/tmp-kmod-lib-crc-ccitt/etc/modules.d/lib-crc-ccitt; done; if [ -e /media/Chaos_Calmer15.05.1/openwrt/staging_dir/target-mips_34kc_uClibc-0.9.33.2/root-ar71xx/tmp-kmod-lib-crc-ccitt/etc/modules.d/lib-crc-ccitt ]; then if [ "$boot" = "1" ]; then mkdir -p /media/Chaos_Calmer15.05.1/openwrt/staging_dir/target-mips_34kc_uClibc-0.9.33.2/root-ar71xx/tmp-kmod-lib-crc-ccitt/etc/modules-boot.d; ln -s ../modules.d/lib-crc-ccitt /media/Chaos_Calmer15.05.1/openwrt/staging_dir/target-mips_34kc_uClibc-0.9.33.2/root-ar71xx/tmp-kmod-lib-crc-ccitt/etc/modules-boot.d/; fi; modules="${modules:+$modules }$mods"; fi; }; add_module() { priority="$1"; mods="$2"; boot="$3"; shift 3; for mod in $mods; do mkdir -p /media/Chaos_Calmer15.05.1/openwrt/staging_dir/target-mips_34kc_uClibc-0.9.33.2/root-ar71xx/tmp-kmod-lib-crc-ccitt/etc/modules.d; echo "$mod" >> /media/Chaos_Calmer15.05.1/openwrt/staging_dir/target-mips_34kc_uClibc-0.9.33.2/root-ar71xx/tmp-kmod-lib-crc-ccitt/etc/modules.d/$priority-lib-crc-ccitt; done; if [ -e /media/Chaos_Calmer15.05.1/openwrt/staging_dir/target-mips_34kc_uClibc-0.9.33.2/root-ar71xx/tmp-kmod-lib-crc-ccitt/etc/modules.d/$priority-lib-crc-ccitt ]; then if [ "$boot" = "1" ]; then mkdir -p /media/Chaos_Calmer15.05.1/openwrt/staging_dir/target-mips_34kc_uClibc-0.9.33.2/root-ar71xx/tmp-kmod-lib-crc-ccitt/etc/modules-boot.d; ln -s ../modules.d/$priority-lib-crc-ccitt /media/Chaos_Calmer15.05.1/openwrt/staging_dir/target-mips_34kc_uClibc-0.9.33.2/root-ar71xx/tmp-kmod-lib-crc-ccitt/etc/modules-boot.d/; fi; modules="${modules:+$modules }$priority-lib-crc-ccitt"; fi; }; probe_module "crc-ccitt" ""; if [ -n "$modules" ]; then mkdir -p /media/Chaos_Calmer15.05.1/openwrt/staging_dir/target-mips_34kc_uClibc-0.9.33.2/root-ar71xx/tmp-kmod-lib-crc-ccitt/etc/modules.d; mkdir -p /media/Chaos_Calmer15.05.1/openwrt/staging_dir/target-mips_34kc_uClibc-0.9.33.2/root-ar71xx/tmp-kmod-lib-crc-ccitt/CONTROL; echo "#!/bin/sh" > /media/Chaos_Calmer15.05.1/openwrt/staging_dir/target-mips_34kc_uClibc-0.9.33.2/root-ar71xx/tmp-kmod-lib-crc-ccitt/CONTROL/postinst-pkg; echo "[ -z \"\$IPKG_INSTROOT\" ] || exit 0" >> /media/Chaos_Calmer15.05.1/openwrt/staging_dir/target-mips_34kc_uClibc-0.9.33.2/root-ar71xx/tmp-kmod-lib-crc-ccitt/CONTROL/postinst-pkg; echo ". /lib/functions.sh" >> /media/Chaos_Calmer15.05.1/openwrt/staging_dir/target-mips_34kc_uClibc-0.9.33.2/root-ar71xx/tmp-kmod-lib-crc-ccitt/CONTROL/postinst-pkg; echo "insert_modules $modules" >> /media/Chaos_Calmer15.05.1/openwrt/staging_dir/target-mips_34kc_uClibc-0.9.33.2/root-ar71xx/tmp-kmod-lib-crc-ccitt/CONTROL/postinst-pkg; chmod 0755 /media/Chaos_Calmer15.05.1/openwrt/staging_dir/target-mips_34kc_uClibc-0.9.33.2/root-ar71xx/tmp-kmod-lib-crc-ccitt/CONTROL/postinst-pkg; fi
SHELL= /media/Chaos_Calmer15.05.1/openwrt/staging_dir/host/bin/flock /media/Chaos_Calmer15.05.1/openwrt/tmp/.root-copy.flock -c 'cp -fpR /media/Chaos_Calmer15.05.1/openwrt/staging_dir/target-mips_34kc_uClibc-0.9.33.2/root-ar71xx/tmp-kmod-lib-crc-ccitt/. /media/Chaos_Calmer15.05.1/openwrt/staging_dir/target-mips_34kc_uClibc-0.9.33.2/root-ar71xx/'
rm -rf /media/Chaos_Calmer15.05.1/openwrt/staging_dir/target-mips_34kc_uClibc-0.9.33.2/root-ar71xx/tmp-kmod-lib-crc-ccitt
touch /media/Chaos_Calmer15.05.1/openwrt/staging_dir/target-mips_34kc_uClibc-0.9.33.2/root-ar71xx/stamp/.kmod-lib-crc-ccitt_installed
if [ -f /media/Chaos_Calmer15.05.1/openwrt/staging_dir/target-mips_34kc_uClibc-0.9.33.2/pkginfo/linux.default.install.clean ]; then rm -f /media/Chaos_Calmer15.05.1/openwrt/staging_dir/target-mips_34kc_uClibc-0.9.33.2/pkginfo/linux.default.install /media/Chaos_Calmer15.05.1/openwrt/staging_dir/target-mips_34kc_uClibc-0.9.33.2/pkginfo/linux.default.install.clean; fi; echo "kmod-lib-crc-ccitt" >> /media/Chaos_Calmer15.05.1/openwrt/staging_dir/target-mips_34kc_uClibc-0.9.33.2/pkginfo/linux.default.install
rm -rf /media/Chaos_Calmer15.05.1/openwrt/staging_dir/target-mips_34kc_uClibc-0.9.33.2/root-ar71xx/tmp-kmod-nf-ipt
mkdir -p /media/Chaos_Calmer15.05.1/openwrt/staging_dir/target-mips_34kc_uClibc-0.9.33.2/root-ar71xx/stamp /media/Chaos_Calmer15.05.1/openwrt/staging_dir/target-mips_34kc_uClibc-0.9.33.2/root-ar71xx/tmp-kmod-nf-ipt
. /media/Chaos_Calmer15.05.1/openwrt/include/shell.sh; export modules=; probe_module() { mods="$1"; boot="$2"; shift 2; for mod in $mods; do mkdir -p /media/Chaos_Calmer15.05.1/openwrt/staging_dir/target-mips_34kc_uClibc-0.9.33.2/root-ar71xx/tmp-kmod-nf-ipt/etc/modules.d; echo "$mod" >> /media/Chaos_Calmer15.05.1/openwrt/staging_dir/target-mips_34kc_uClibc-0.9.33.2/root-ar71xx/tmp-kmod-nf-ipt/etc/modules.d/nf-ipt; done; if [ -e /media/Chaos_Calmer15.05.1/openwrt/staging_dir/target-mips_34kc_uClibc-0.9.33.2/root-ar71xx/tmp-kmod-nf-ipt/etc/modules.d/nf-ipt ]; then if [ "$boot" = "1" ]; then mkdir -p /media/Chaos_Calmer15.05.1/openwrt/staging_dir/target-mips_34kc_uClibc-0.9.33.2/root-ar71xx/tmp-kmod-nf-ipt/etc/modules-boot.d; ln -s ../modules.d/nf-ipt /media/Chaos_Calmer15.05.1/openwrt/staging_dir/target-mips_34kc_uClibc-0.9.33.2/root-ar71xx/tmp-kmod-nf-ipt/etc/modules-boot.d/; fi; modules="${modules:+$modules }$mods"; fi; }; add_module() { priority="$1"; mods="$2"; boot="$3"; shift 3; for mod in $mods; do mkdir -p /media/Chaos_Calmer15.05.1/openwrt/staging_dir/target-mips_34kc_uClibc-0.9.33.2/root-ar71xx/tmp-kmod-nf-ipt/etc/modules.d; echo "$mod" >> /media/Chaos_Calmer15.05.1/openwrt/staging_dir/target-mips_34kc_uClibc-0.9.33.2/root-ar71xx/tmp-kmod-nf-ipt/etc/modules.d/$priority-nf-ipt; done; if [ -e /media/Chaos_Calmer15.05.1/openwrt/staging_dir/target-mips_34kc_uClibc-0.9.33.2/root-ar71xx/tmp-kmod-nf-ipt/etc/modules.d/$priority-nf-ipt ]; then if [ "$boot" = "1" ]; then mkdir -p /media/Chaos_Calmer15.05.1/openwrt/staging_dir/target-mips_34kc_uClibc-0.9.33.2/root-ar71xx/tmp-kmod-nf-ipt/etc/modules-boot.d; ln -s ../modules.d/$priority-nf-ipt /media/Chaos_Calmer15.05.1/openwrt/staging_dir/target-mips_34kc_uClibc-0.9.33.2/root-ar71xx/tmp-kmod-nf-ipt/etc/modules-boot.d/; fi; modules="${modules:+$modules }$priority-nf-ipt"; fi; }; probe_module "ip_tables x_tables" ""; if [ -n "$modules" ]; then mkdir -p /media/Chaos_Calmer15.05.1/openwrt/staging_dir/target-mips_34kc_uClibc-0.9.33.2/root-ar71xx/tmp-kmod-nf-ipt/etc/modules.d; mkdir -p /media/Chaos_Calmer15.05.1/openwrt/staging_dir/target-mips_34kc_uClibc-0.9.33.2/root-ar71xx/tmp-kmod-nf-ipt/CONTROL; echo "#!/bin/sh" > /media/Chaos_Calmer15.05.1/openwrt/staging_dir/target-mips_34kc_uClibc-0.9.33.2/root-ar71xx/tmp-kmod-nf-ipt/CONTROL/postinst-pkg; echo "[ -z \"\$IPKG_INSTROOT\" ] || exit 0" >> /media/Chaos_Calmer15.05.1/openwrt/staging_dir/target-mips_34kc_uClibc-0.9.33.2/root-ar71xx/tmp-kmod-nf-ipt/CONTROL/postinst-pkg; echo ". /lib/functions.sh" >> /media/Chaos_Calmer15.05.1/openwrt/staging_dir/target-mips_34kc_uClibc-0.9.33.2/root-ar71xx/tmp-kmod-nf-ipt/CONTROL/postinst-pkg; echo "insert_modules $modules" >> /media/Chaos_Calmer15.05.1/openwrt/staging_dir/target-mips_34kc_uClibc-0.9.33.2/root-ar71xx/tmp-kmod-nf-ipt/CONTROL/postinst-pkg; chmod 0755 /media/Chaos_Calmer15.05.1/openwrt/staging_dir/target-mips_34kc_uClibc-0.9.33.2/root-ar71xx/tmp-kmod-nf-ipt/CONTROL/postinst-pkg; fi
SHELL= /media/Chaos_Calmer15.05.1/openwrt/staging_dir/host/bin/flock /media/Chaos_Calmer15.05.1/openwrt/tmp/.root-copy.flock -c 'cp -fpR /media/Chaos_Calmer15.05.1/openwrt/staging_dir/target-mips_34kc_uClibc-0.9.33.2/root-ar71xx/tmp-kmod-nf-ipt/. /media/Chaos_Calmer15.05.1/openwrt/staging_dir/target-mips_34kc_uClibc-0.9.33.2/root-ar71xx/'
rm -rf /media/Chaos_Calmer15.05.1/openwrt/staging_dir/target-mips_34kc_uClibc-0.9.33.2/root-ar71xx/tmp-kmod-nf-ipt
touch /media/Chaos_Calmer15.05.1/openwrt/staging_dir/target-mips_34kc_uClibc-0.9.33.2/root-ar71xx/stamp/.kmod-nf-ipt_installed
if [ -f /media/Chaos_Calmer15.05.1/openwrt/staging_dir/target-mips_34kc_uClibc-0.9.33.2/pkginfo/linux.default.install.clean ]; then rm -f /media/Chaos_Calmer15.05.1/openwrt/staging_dir/target-mips_34kc_uClibc-0.9.33.2/pkginfo/linux.default.install /media/Chaos_Calmer15.05.1/openwrt/staging_dir/target-mips_34kc_uClibc-0.9.33.2/pkginfo/linux.default.install.clean; fi; echo "kmod-nf-ipt" >> /media/Chaos_Calmer15.05.1/openwrt/staging_dir/target-mips_34kc_uClibc-0.9.33.2/pkginfo/linux.default.install
rm -rf /media/Chaos_Calmer15.05.1/openwrt/staging_dir/target-mips_34kc_uClibc-0.9.33.2/root-ar71xx/tmp-kmod-nf-ipt6
mkdir -p /media/Chaos_Calmer15.05.1/openwrt/staging_dir/target-mips_34kc_uClibc-0.9.33.2/root-ar71xx/stamp /media/Chaos_Calmer15.05.1/openwrt/staging_dir/target-mips_34kc_uClibc-0.9.33.2/root-ar71xx/tmp-kmod-nf-ipt6
. /media/Chaos_Calmer15.05.1/openwrt/include/shell.sh; export modules=; probe_module() { mods="$1"; boot="$2"; shift 2; for mod in $mods; do mkdir -p /media/Chaos_Calmer15.05.1/openwrt/staging_dir/target-mips_34kc_uClibc-0.9.33.2/root-ar71xx/tmp-kmod-nf-ipt6/etc/modules.d; echo "$mod" >> /media/Chaos_Calmer15.05.1/openwrt/staging_dir/target-mips_34kc_uClibc-0.9.33.2/root-ar71xx/tmp-kmod-nf-ipt6/etc/modules.d/nf-ipt6; done; if [ -e /media/Chaos_Calmer15.05.1/openwrt/staging_dir/target-mips_34kc_uClibc-0.9.33.2/root-ar71xx/tmp-kmod-nf-ipt6/etc/modules.d/nf-ipt6 ]; then if [ "$boot" = "1" ]; then mkdir -p /media/Chaos_Calmer15.05.1/openwrt/staging_dir/target-mips_34kc_uClibc-0.9.33.2/root-ar71xx/tmp-kmod-nf-ipt6/etc/modules-boot.d; ln -s ../modules.d/nf-ipt6 /media/Chaos_Calmer15.05.1/openwrt/staging_dir/target-mips_34kc_uClibc-0.9.33.2/root-ar71xx/tmp-kmod-nf-ipt6/etc/modules-boot.d/; fi; modules="${modules:+$modules }$mods"; fi; }; add_module() { priority="$1"; mods="$2"; boot="$3"; shift 3; for mod in $mods; do mkdir -p /media/Chaos_Calmer15.05.1/openwrt/staging_dir/target-mips_34kc_uClibc-0.9.33.2/root-ar71xx/tmp-kmod-nf-ipt6/etc/modules.d; echo "$mod" >> /media/Chaos_Calmer15.05.1/openwrt/staging_dir/target-mips_34kc_uClibc-0.9.33.2/root-ar71xx/tmp-kmod-nf-ipt6/etc/modules.d/$priority-nf-ipt6; done; if [ -e /media/Chaos_Calmer15.05.1/openwrt/staging_dir/target-mips_34kc_uClibc-0.9.33.2/root-ar71xx/tmp-kmod-nf-ipt6/etc/modules.d/$priority-nf-ipt6 ]; then if [ "$boot" = "1" ]; then mkdir -p /media/Chaos_Calmer15.05.1/openwrt/staging_dir/target-mips_34kc_uClibc-0.9.33.2/root-ar71xx/tmp-kmod-nf-ipt6/etc/modules-boot.d; ln -s ../modules.d/$priority-nf-ipt6 /media/Chaos_Calmer15.05.1/openwrt/staging_dir/target-mips_34kc_uClibc-0.9.33.2/root-ar71xx/tmp-kmod-nf-ipt6/etc/modules-boot.d/; fi; modules="${modules:+$modules }$priority-nf-ipt6"; fi; }; probe_module "ip6_tables" ""; if [ -n "$modules" ]; then mkdir -p /media/Chaos_Calmer15.05.1/openwrt/staging_dir/target-mips_34kc_uClibc-0.9.33.2/root-ar71xx/tmp-kmod-nf-ipt6/etc/modules.d; mkdir -p /media/Chaos_Calmer15.05.1/openwrt/staging_dir/target-mips_34kc_uClibc-0.9.33.2/root-ar71xx/tmp-kmod-nf-ipt6/CONTROL; echo "#!/bin/sh" > /media/Chaos_Calmer15.05.1/openwrt/staging_dir/target-mips_34kc_uClibc-0.9.33.2/root-ar71xx/tmp-kmod-nf-ipt6/CONTROL/postinst-pkg; echo "[ -z \"\$IPKG_INSTROOT\" ] || exit 0" >> /media/Chaos_Calmer15.05.1/openwrt/staging_dir/target-mips_34kc_uClibc-0.9.33.2/root-ar71xx/tmp-kmod-nf-ipt6/CONTROL/postinst-pkg; echo ". /lib/functions.sh" >> /media/Chaos_Calmer15.05.1/openwrt/staging_dir/target-mips_34kc_uClibc-0.9.33.2/root-ar71xx/tmp-kmod-nf-ipt6/CONTROL/postinst-pkg; echo "insert_modules $modules" >> /media/Chaos_Calmer15.05.1/openwrt/staging_dir/target-mips_34kc_uClibc-0.9.33.2/root-ar71xx/tmp-kmod-nf-ipt6/CONTROL/postinst-pkg; chmod 0755 /media/Chaos_Calmer15.05.1/openwrt/staging_dir/target-mips_34kc_uClibc-0.9.33.2/root-ar71xx/tmp-kmod-nf-ipt6/CONTROL/postinst-pkg; fi
SHELL= /media/Chaos_Calmer15.05.1/openwrt/staging_dir/host/bin/flock /media/Chaos_Calmer15.05.1/openwrt/tmp/.root-copy.flock -c 'cp -fpR /media/Chaos_Calmer15.05.1/openwrt/staging_dir/target-mips_34kc_uClibc-0.9.33.2/root-ar71xx/tmp-kmod-nf-ipt6/. /media/Chaos_Calmer15.05.1/openwrt/staging_dir/target-mips_34kc_uClibc-0.9.33.2/root-ar71xx/'
rm -rf /media/Chaos_Calmer15.05.1/openwrt/staging_dir/target-mips_34kc_uClibc-0.9.33.2/root-ar71xx/tmp-kmod-nf-ipt6
touch /media/Chaos_Calmer15.05.1/openwrt/staging_dir/target-mips_34kc_uClibc-0.9.33.2/root-ar71xx/stamp/.kmod-nf-ipt6_installed
if [ -f /media/Chaos_Calmer15.05.1/openwrt/staging_dir/target-mips_34kc_uClibc-0.9.33.2/pkginfo/linux.default.install.clean ]; then rm -f /media/Chaos_Calmer15.05.1/openwrt/staging_dir/target-mips_34kc_uClibc-0.9.33.2/pkginfo/linux.default.install /media/Chaos_Calmer15.05.1/openwrt/staging_dir/target-mips_34kc_uClibc-0.9.33.2/pkginfo/linux.default.install.clean; fi; echo "kmod-nf-ipt6" >> /media/Chaos_Calmer15.05.1/openwrt/staging_dir/target-mips_34kc_uClibc-0.9.33.2/pkginfo/linux.default.install
rm -rf /media/Chaos_Calmer15.05.1/openwrt/staging_dir/target-mips_34kc_uClibc-0.9.33.2/root-ar71xx/tmp-kmod-ipt-core
mkdir -p /media/Chaos_Calmer15.05.1/openwrt/staging_dir/target-mips_34kc_uClibc-0.9.33.2/root-ar71xx/stamp /media/Chaos_Calmer15.05.1/openwrt/staging_dir/target-mips_34kc_uClibc-0.9.33.2/root-ar71xx/tmp-kmod-ipt-core
. /media/Chaos_Calmer15.05.1/openwrt/include/shell.sh; export modules=; probe_module() { mods="$1"; boot="$2"; shift 2; for mod in $mods; do mkdir -p /media/Chaos_Calmer15.05.1/openwrt/staging_dir/target-mips_34kc_uClibc-0.9.33.2/root-ar71xx/tmp-kmod-ipt-core/etc/modules.d; echo "$mod" >> /media/Chaos_Calmer15.05.1/openwrt/staging_dir/target-mips_34kc_uClibc-0.9.33.2/root-ar71xx/tmp-kmod-ipt-core/etc/modules.d/ipt-core; done; if [ -e /media/Chaos_Calmer15.05.1/openwrt/staging_dir/target-mips_34kc_uClibc-0.9.33.2/root-ar71xx/tmp-kmod-ipt-core/etc/modules.d/ipt-core ]; then if [ "$boot" = "1" ]; then mkdir -p /media/Chaos_Calmer15.05.1/openwrt/staging_dir/target-mips_34kc_uClibc-0.9.33.2/root-ar71xx/tmp-kmod-ipt-core/etc/modules-boot.d; ln -s ../modules.d/ipt-core /media/Chaos_Calmer15.05.1/openwrt/staging_dir/target-mips_34kc_uClibc-0.9.33.2/root-ar71xx/tmp-kmod-ipt-core/etc/modules-boot.d/; fi; modules="${modules:+$modules }$mods"; fi; }; add_module() { priority="$1"; mods="$2"; boot="$3"; shift 3; for mod in $mods; do mkdir -p /media/Chaos_Calmer15.05.1/openwrt/staging_dir/target-mips_34kc_uClibc-0.9.33.2/root-ar71xx/tmp-kmod-ipt-core/etc/modules.d; echo "$mod" >> /media/Chaos_Calmer15.05.1/openwrt/staging_dir/target-mips_34kc_uClibc-0.9.33.2/root-ar71xx/tmp-kmod-ipt-core/etc/modules.d/$priority-ipt-core; done; if [ -e /media/Chaos_Calmer15.05.1/openwrt/staging_dir/target-mips_34kc_uClibc-0.9.33.2/root-ar71xx/tmp-kmod-ipt-core/etc/modules.d/$priority-ipt-core ]; then if [ "$boot" = "1" ]; then mkdir -p /media/Chaos_Calmer15.05.1/openwrt/staging_dir/target-mips_34kc_uClibc-0.9.33.2/root-ar71xx/tmp-kmod-ipt-core/etc/modules-boot.d; ln -s ../modules.d/$priority-ipt-core /media/Chaos_Calmer15.05.1/openwrt/staging_dir/target-mips_34kc_uClibc-0.9.33.2/root-ar71xx/tmp-kmod-ipt-core/etc/modules-boot.d/; fi; modules="${modules:+$modules }$priority-ipt-core"; fi; }; probe_module "xt_tcpudp iptable_filter iptable_mangle xt_limit xt_mac xt_multiport xt_comment xt_id xt_LOG nf_log_common nf_log_ipv4 xt_TCPMSS ipt_REJECT nf_reject_ipv4 xt_time xt_mark" ""; if [ -n "$modules" ]; then mkdir -p /media/Chaos_Calmer15.05.1/openwrt/staging_dir/target-mips_34kc_uClibc-0.9.33.2/root-ar71xx/tmp-kmod-ipt-core/etc/modules.d; mkdir -p /media/Chaos_Calmer15.05.1/openwrt/staging_dir/target-mips_34kc_uClibc-0.9.33.2/root-ar71xx/tmp-kmod-ipt-core/CONTROL; echo "#!/bin/sh" > /media/Chaos_Calmer15.05.1/openwrt/staging_dir/target-mips_34kc_uClibc-0.9.33.2/root-ar71xx/tmp-kmod-ipt-core/CONTROL/postinst-pkg; echo "[ -z \"\$IPKG_INSTROOT\" ] || exit 0" >> /media/Chaos_Calmer15.05.1/openwrt/staging_dir/target-mips_34kc_uClibc-0.9.33.2/root-ar71xx/tmp-kmod-ipt-core/CONTROL/postinst-pkg; echo ". /lib/functions.sh" >> /media/Chaos_Calmer15.05.1/openwrt/staging_dir/target-mips_34kc_uClibc-0.9.33.2/root-ar71xx/tmp-kmod-ipt-core/CONTROL/postinst-pkg; echo "insert_modules $modules" >> /media/Chaos_Calmer15.05.1/openwrt/staging_dir/target-mips_34kc_uClibc-0.9.33.2/root-ar71xx/tmp-kmod-ipt-core/CONTROL/postinst-pkg; chmod 0755 /media/Chaos_Calmer15.05.1/openwrt/staging_dir/target-mips_34kc_uClibc-0.9.33.2/root-ar71xx/tmp-kmod-ipt-core/CONTROL/postinst-pkg; fi
SHELL= /media/Chaos_Calmer15.05.1/openwrt/staging_dir/host/bin/flock /media/Chaos_Calmer15.05.1/openwrt/tmp/.root-copy.flock -c 'cp -fpR /media/Chaos_Calmer15.05.1/openwrt/staging_dir/target-mips_34kc_uClibc-0.9.33.2/root-ar71xx/tmp-kmod-ipt-core/. /media/Chaos_Calmer15.05.1/openwrt/staging_dir/target-mips_34kc_uClibc-0.9.33.2/root-ar71xx/'
rm -rf /media/Chaos_Calmer15.05.1/openwrt/staging_dir/target-mips_34kc_uClibc-0.9.33.2/root-ar71xx/tmp-kmod-ipt-core
touch /media/Chaos_Calmer15.05.1/openwrt/staging_dir/target-mips_34kc_uClibc-0.9.33.2/root-ar71xx/stamp/.kmod-ipt-core_installed
if [ -f /media/Chaos_Calmer15.05.1/openwrt/staging_dir/target-mips_34kc_uClibc-0.9.33.2/pkginfo/linux.default.install.clean ]; then rm -f /media/Chaos_Calmer15.05.1/openwrt/staging_dir/target-mips_34kc_uClibc-0.9.33.2/pkginfo/linux.default.install /media/Chaos_Calmer15.05.1/openwrt/staging_dir/target-mips_34kc_uClibc-0.9.33.2/pkginfo/linux.default.install.clean; fi; echo "kmod-ipt-core" >> /media/Chaos_Calmer15.05.1/openwrt/staging_dir/target-mips_34kc_uClibc-0.9.33.2/pkginfo/linux.default.install
rm -rf /media/Chaos_Calmer15.05.1/openwrt/staging_dir/target-mips_34kc_uClibc-0.9.33.2/root-ar71xx/tmp-kmod-nf-conntrack
mkdir -p /media/Chaos_Calmer15.05.1/openwrt/staging_dir/target-mips_34kc_uClibc-0.9.33.2/root-ar71xx/stamp /media/Chaos_Calmer15.05.1/openwrt/staging_dir/target-mips_34kc_uClibc-0.9.33.2/root-ar71xx/tmp-kmod-nf-conntrack
. /media/Chaos_Calmer15.05.1/openwrt/include/shell.sh; export modules=; probe_module() { mods="$1"; boot="$2"; shift 2; for mod in $mods; do mkdir -p /media/Chaos_Calmer15.05.1/openwrt/staging_dir/target-mips_34kc_uClibc-0.9.33.2/root-ar71xx/tmp-kmod-nf-conntrack/etc/modules.d; echo "$mod" >> /media/Chaos_Calmer15.05.1/openwrt/staging_dir/target-mips_34kc_uClibc-0.9.33.2/root-ar71xx/tmp-kmod-nf-conntrack/etc/modules.d/nf-conntrack; done; if [ -e /media/Chaos_Calmer15.05.1/openwrt/staging_dir/target-mips_34kc_uClibc-0.9.33.2/root-ar71xx/tmp-kmod-nf-conntrack/etc/modules.d/nf-conntrack ]; then if [ "$boot" = "1" ]; then mkdir -p /media/Chaos_Calmer15.05.1/openwrt/staging_dir/target-mips_34kc_uClibc-0.9.33.2/root-ar71xx/tmp-kmod-nf-conntrack/etc/modules-boot.d; ln -s ../modules.d/nf-conntrack /media/Chaos_Calmer15.05.1/openwrt/staging_dir/target-mips_34kc_uClibc-0.9.33.2/root-ar71xx/tmp-kmod-nf-conntrack/etc/modules-boot.d/; fi; modules="${modules:+$modules }$mods"; fi; }; add_module() { priority="$1"; mods="$2"; boot="$3"; shift 3; for mod in $mods; do mkdir -p /media/Chaos_Calmer15.05.1/openwrt/staging_dir/target-mips_34kc_uClibc-0.9.33.2/root-ar71xx/tmp-kmod-nf-conntrack/etc/modules.d; echo "$mod" >> /media/Chaos_Calmer15.05.1/openwrt/staging_dir/target-mips_34kc_uClibc-0.9.33.2/root-ar71xx/tmp-kmod-nf-conntrack/etc/modules.d/$priority-nf-conntrack; done; if [ -e /media/Chaos_Calmer15.05.1/openwrt/staging_dir/target-mips_34kc_uClibc-0.9.33.2/root-ar71xx/tmp-kmod-nf-conntrack/etc/modules.d/$priority-nf-conntrack ]; then if [ "$boot" = "1" ]; then mkdir -p /media/Chaos_Calmer15.05.1/openwrt/staging_dir/target-mips_34kc_uClibc-0.9.33.2/root-ar71xx/tmp-kmod-nf-conntrack/etc/modules-boot.d; ln -s ../modules.d/$priority-nf-conntrack /media/Chaos_Calmer15.05.1/openwrt/staging_dir/target-mips_34kc_uClibc-0.9.33.2/root-ar71xx/tmp-kmod-nf-conntrack/etc/modules-boot.d/; fi; modules="${modules:+$modules }$priority-nf-conntrack"; fi; }; probe_module "nf_conntrack nf_conntrack_rtcache nf_defrag_ipv4 nf_conntrack_ipv4" ""; if [ -n "$modules" ]; then mkdir -p /media/Chaos_Calmer15.05.1/openwrt/staging_dir/target-mips_34kc_uClibc-0.9.33.2/root-ar71xx/tmp-kmod-nf-conntrack/etc/modules.d; mkdir -p /media/Chaos_Calmer15.05.1/openwrt/staging_dir/target-mips_34kc_uClibc-0.9.33.2/root-ar71xx/tmp-kmod-nf-conntrack/CONTROL; echo "#!/bin/sh" > /media/Chaos_Calmer15.05.1/openwrt/staging_dir/target-mips_34kc_uClibc-0.9.33.2/root-ar71xx/tmp-kmod-nf-conntrack/CONTROL/postinst-pkg; echo "[ -z \"\$IPKG_INSTROOT\" ] || exit 0" >> /media/Chaos_Calmer15.05.1/openwrt/staging_dir/target-mips_34kc_uClibc-0.9.33.2/root-ar71xx/tmp-kmod-nf-conntrack/CONTROL/postinst-pkg; echo ". /lib/functions.sh" >> /media/Chaos_Calmer15.05.1/openwrt/staging_dir/target-mips_34kc_uClibc-0.9.33.2/root-ar71xx/tmp-kmod-nf-conntrack/CONTROL/postinst-pkg; echo "insert_modules $modules" >> /media/Chaos_Calmer15.05.1/openwrt/staging_dir/target-mips_34kc_uClibc-0.9.33.2/root-ar71xx/tmp-kmod-nf-conntrack/CONTROL/postinst-pkg; chmod 0755 /media/Chaos_Calmer15.05.1/openwrt/staging_dir/target-mips_34kc_uClibc-0.9.33.2/root-ar71xx/tmp-kmod-nf-conntrack/CONTROL/postinst-pkg; fi
SHELL= /media/Chaos_Calmer15.05.1/openwrt/staging_dir/host/bin/flock /media/Chaos_Calmer15.05.1/openwrt/tmp/.root-copy.flock -c 'cp -fpR /media/Chaos_Calmer15.05.1/openwrt/staging_dir/target-mips_34kc_uClibc-0.9.33.2/root-ar71xx/tmp-kmod-nf-conntrack/. /media/Chaos_Calmer15.05.1/openwrt/staging_dir/target-mips_34kc_uClibc-0.9.33.2/root-ar71xx/'
rm -rf /media/Chaos_Calmer15.05.1/openwrt/staging_dir/target-mips_34kc_uClibc-0.9.33.2/root-ar71xx/tmp-kmod-nf-conntrack
touch /media/Chaos_Calmer15.05.1/openwrt/staging_dir/target-mips_34kc_uClibc-0.9.33.2/root-ar71xx/stamp/.kmod-nf-conntrack_installed
if [ -f /media/Chaos_Calmer15.05.1/openwrt/staging_dir/target-mips_34kc_uClibc-0.9.33.2/pkginfo/linux.default.install.clean ]; then rm -f /media/Chaos_Calmer15.05.1/openwrt/staging_dir/target-mips_34kc_uClibc-0.9.33.2/pkginfo/linux.default.install /media/Chaos_Calmer15.05.1/openwrt/staging_dir/target-mips_34kc_uClibc-0.9.33.2/pkginfo/linux.default.install.clean; fi; echo "kmod-nf-conntrack" >> /media/Chaos_Calmer15.05.1/openwrt/staging_dir/target-mips_34kc_uClibc-0.9.33.2/pkginfo/linux.default.install
rm -rf /media/Chaos_Calmer15.05.1/openwrt/staging_dir/target-mips_34kc_uClibc-0.9.33.2/root-ar71xx/tmp-kmod-nf-conntrack6
mkdir -p /media/Chaos_Calmer15.05.1/openwrt/staging_dir/target-mips_34kc_uClibc-0.9.33.2/root-ar71xx/stamp /media/Chaos_Calmer15.05.1/openwrt/staging_dir/target-mips_34kc_uClibc-0.9.33.2/root-ar71xx/tmp-kmod-nf-conntrack6
. /media/Chaos_Calmer15.05.1/openwrt/include/shell.sh; export modules=; probe_module() { mods="$1"; boot="$2"; shift 2; for mod in $mods; do mkdir -p /media/Chaos_Calmer15.05.1/openwrt/staging_dir/target-mips_34kc_uClibc-0.9.33.2/root-ar71xx/tmp-kmod-nf-conntrack6/etc/modules.d; echo "$mod" >> /media/Chaos_Calmer15.05.1/openwrt/staging_dir/target-mips_34kc_uClibc-0.9.33.2/root-ar71xx/tmp-kmod-nf-conntrack6/etc/modules.d/nf-conntrack6; done; if [ -e /media/Chaos_Calmer15.05.1/openwrt/staging_dir/target-mips_34kc_uClibc-0.9.33.2/root-ar71xx/tmp-kmod-nf-conntrack6/etc/modules.d/nf-conntrack6 ]; then if [ "$boot" = "1" ]; then mkdir -p /media/Chaos_Calmer15.05.1/openwrt/staging_dir/target-mips_34kc_uClibc-0.9.33.2/root-ar71xx/tmp-kmod-nf-conntrack6/etc/modules-boot.d; ln -s ../modules.d/nf-conntrack6 /media/Chaos_Calmer15.05.1/openwrt/staging_dir/target-mips_34kc_uClibc-0.9.33.2/root-ar71xx/tmp-kmod-nf-conntrack6/etc/modules-boot.d/; fi; modules="${modules:+$modules }$mods"; fi; }; add_module() { priority="$1"; mods="$2"; boot="$3"; shift 3; for mod in $mods; do mkdir -p /media/Chaos_Calmer15.05.1/openwrt/staging_dir/target-mips_34kc_uClibc-0.9.33.2/root-ar71xx/tmp-kmod-nf-conntrack6/etc/modules.d; echo "$mod" >> /media/Chaos_Calmer15.05.1/openwrt/staging_dir/target-mips_34kc_uClibc-0.9.33.2/root-ar71xx/tmp-kmod-nf-conntrack6/etc/modules.d/$priority-nf-conntrack6; done; if [ -e /media/Chaos_Calmer15.05.1/openwrt/staging_dir/target-mips_34kc_uClibc-0.9.33.2/root-ar71xx/tmp-kmod-nf-conntrack6/etc/modules.d/$priority-nf-conntrack6 ]; then if [ "$boot" = "1" ]; then mkdir -p /media/Chaos_Calmer15.05.1/openwrt/staging_dir/target-mips_34kc_uClibc-0.9.33.2/root-ar71xx/tmp-kmod-nf-conntrack6/etc/modules-boot.d; ln -s ../modules.d/$priority-nf-conntrack6 /media/Chaos_Calmer15.05.1/openwrt/staging_dir/target-mips_34kc_uClibc-0.9.33.2/root-ar71xx/tmp-kmod-nf-conntrack6/etc/modules-boot.d/; fi; modules="${modules:+$modules }$priority-nf-conntrack6"; fi; }; probe_module "nf_defrag_ipv6 nf_conntrack_ipv6" ""; if [ -n "$modules" ]; then mkdir -p /media/Chaos_Calmer15.05.1/openwrt/staging_dir/target-mips_34kc_uClibc-0.9.33.2/root-ar71xx/tmp-kmod-nf-conntrack6/etc/modules.d; mkdir -p /media/Chaos_Calmer15.05.1/openwrt/staging_dir/target-mips_34kc_uClibc-0.9.33.2/root-ar71xx/tmp-kmod-nf-conntrack6/CONTROL; echo "#!/bin/sh" > /media/Chaos_Calmer15.05.1/openwrt/staging_dir/target-mips_34kc_uClibc-0.9.33.2/root-ar71xx/tmp-kmod-nf-conntrack6/CONTROL/postinst-pkg; echo "[ -z \"\$IPKG_INSTROOT\" ] || exit 0" >> /media/Chaos_Calmer15.05.1/openwrt/staging_dir/target-mips_34kc_uClibc-0.9.33.2/root-ar71xx/tmp-kmod-nf-conntrack6/CONTROL/postinst-pkg; echo ". /lib/functions.sh" >> /media/Chaos_Calmer15.05.1/openwrt/staging_dir/target-mips_34kc_uClibc-0.9.33.2/root-ar71xx/tmp-kmod-nf-conntrack6/CONTROL/postinst-pkg; echo "insert_modules $modules" >> /media/Chaos_Calmer15.05.1/openwrt/staging_dir/target-mips_34kc_uClibc-0.9.33.2/root-ar71xx/tmp-kmod-nf-conntrack6/CONTROL/postinst-pkg; chmod 0755 /media/Chaos_Calmer15.05.1/openwrt/staging_dir/target-mips_34kc_uClibc-0.9.33.2/root-ar71xx/tmp-kmod-nf-conntrack6/CONTROL/postinst-pkg; fi
SHELL= /media/Chaos_Calmer15.05.1/openwrt/staging_dir/host/bin/flock /media/Chaos_Calmer15.05.1/openwrt/tmp/.root-copy.flock -c 'cp -fpR /media/Chaos_Calmer15.05.1/openwrt/staging_dir/target-mips_34kc_uClibc-0.9.33.2/root-ar71xx/tmp-kmod-nf-conntrack6/. /media/Chaos_Calmer15.05.1/openwrt/staging_dir/target-mips_34kc_uClibc-0.9.33.2/root-ar71xx/'
rm -rf /media/Chaos_Calmer15.05.1/openwrt/staging_dir/target-mips_34kc_uClibc-0.9.33.2/root-ar71xx/tmp-kmod-nf-conntrack6
touch /media/Chaos_Calmer15.05.1/openwrt/staging_dir/target-mips_34kc_uClibc-0.9.33.2/root-ar71xx/stamp/.kmod-nf-conntrack6_installed
if [ -f /media/Chaos_Calmer15.05.1/openwrt/staging_dir/target-mips_34kc_uClibc-0.9.33.2/pkginfo/linux.default.install.clean ]; then rm -f /media/Chaos_Calmer15.05.1/openwrt/staging_dir/target-mips_34kc_uClibc-0.9.33.2/pkginfo/linux.default.install /media/Chaos_Calmer15.05.1/openwrt/staging_dir/target-mips_34kc_uClibc-0.9.33.2/pkginfo/linux.default.install.clean; fi; echo "kmod-nf-conntrack6" >> /media/Chaos_Calmer15.05.1/openwrt/staging_dir/target-mips_34kc_uClibc-0.9.33.2/pkginfo/linux.default.install
rm -rf /media/Chaos_Calmer15.05.1/openwrt/staging_dir/target-mips_34kc_uClibc-0.9.33.2/root-ar71xx/tmp-kmod-nf-nat
mkdir -p /media/Chaos_Calmer15.05.1/openwrt/staging_dir/target-mips_34kc_uClibc-0.9.33.2/root-ar71xx/stamp /media/Chaos_Calmer15.05.1/openwrt/staging_dir/target-mips_34kc_uClibc-0.9.33.2/root-ar71xx/tmp-kmod-nf-nat
. /media/Chaos_Calmer15.05.1/openwrt/include/shell.sh; export modules=; probe_module() { mods="$1"; boot="$2"; shift 2; for mod in $mods; do mkdir -p /media/Chaos_Calmer15.05.1/openwrt/staging_dir/target-mips_34kc_uClibc-0.9.33.2/root-ar71xx/tmp-kmod-nf-nat/etc/modules.d; echo "$mod" >> /media/Chaos_Calmer15.05.1/openwrt/staging_dir/target-mips_34kc_uClibc-0.9.33.2/root-ar71xx/tmp-kmod-nf-nat/etc/modules.d/nf-nat; done; if [ -e /media/Chaos_Calmer15.05.1/openwrt/staging_dir/target-mips_34kc_uClibc-0.9.33.2/root-ar71xx/tmp-kmod-nf-nat/etc/modules.d/nf-nat ]; then if [ "$boot" = "1" ]; then mkdir -p /media/Chaos_Calmer15.05.1/openwrt/staging_dir/target-mips_34kc_uClibc-0.9.33.2/root-ar71xx/tmp-kmod-nf-nat/etc/modules-boot.d; ln -s ../modules.d/nf-nat /media/Chaos_Calmer15.05.1/openwrt/staging_dir/target-mips_34kc_uClibc-0.9.33.2/root-ar71xx/tmp-kmod-nf-nat/etc/modules-boot.d/; fi; modules="${modules:+$modules }$mods"; fi; }; add_module() { priority="$1"; mods="$2"; boot="$3"; shift 3; for mod in $mods; do mkdir -p /media/Chaos_Calmer15.05.1/openwrt/staging_dir/target-mips_34kc_uClibc-0.9.33.2/root-ar71xx/tmp-kmod-nf-nat/etc/modules.d; echo "$mod" >> /media/Chaos_Calmer15.05.1/openwrt/staging_dir/target-mips_34kc_uClibc-0.9.33.2/root-ar71xx/tmp-kmod-nf-nat/etc/modules.d/$priority-nf-nat; done; if [ -e /media/Chaos_Calmer15.05.1/openwrt/staging_dir/target-mips_34kc_uClibc-0.9.33.2/root-ar71xx/tmp-kmod-nf-nat/etc/modules.d/$priority-nf-nat ]; then if [ "$boot" = "1" ]; then mkdir -p /media/Chaos_Calmer15.05.1/openwrt/staging_dir/target-mips_34kc_uClibc-0.9.33.2/root-ar71xx/tmp-kmod-nf-nat/etc/modules-boot.d; ln -s ../modules.d/$priority-nf-nat /media/Chaos_Calmer15.05.1/openwrt/staging_dir/target-mips_34kc_uClibc-0.9.33.2/root-ar71xx/tmp-kmod-nf-nat/etc/modules-boot.d/; fi; modules="${modules:+$modules }$priority-nf-nat"; fi; }; probe_module "nf_nat nf_nat_ipv4" ""; if [ -n "$modules" ]; then mkdir -p /media/Chaos_Calmer15.05.1/openwrt/staging_dir/target-mips_34kc_uClibc-0.9.33.2/root-ar71xx/tmp-kmod-nf-nat/etc/modules.d; mkdir -p /media/Chaos_Calmer15.05.1/openwrt/staging_dir/target-mips_34kc_uClibc-0.9.33.2/root-ar71xx/tmp-kmod-nf-nat/CONTROL; echo "#!/bin/sh" > /media/Chaos_Calmer15.05.1/openwrt/staging_dir/target-mips_34kc_uClibc-0.9.33.2/root-ar71xx/tmp-kmod-nf-nat/CONTROL/postinst-pkg; echo "[ -z \"\$IPKG_INSTROOT\" ] || exit 0" >> /media/Chaos_Calmer15.05.1/openwrt/staging_dir/target-mips_34kc_uClibc-0.9.33.2/root-ar71xx/tmp-kmod-nf-nat/CONTROL/postinst-pkg; echo ". /lib/functions.sh" >> /media/Chaos_Calmer15.05.1/openwrt/staging_dir/target-mips_34kc_uClibc-0.9.33.2/root-ar71xx/tmp-kmod-nf-nat/CONTROL/postinst-pkg; echo "insert_modules $modules" >> /media/Chaos_Calmer15.05.1/openwrt/staging_dir/target-mips_34kc_uClibc-0.9.33.2/root-ar71xx/tmp-kmod-nf-nat/CONTROL/postinst-pkg; chmod 0755 /media/Chaos_Calmer15.05.1/openwrt/staging_dir/target-mips_34kc_uClibc-0.9.33.2/root-ar71xx/tmp-kmod-nf-nat/CONTROL/postinst-pkg; fi
SHELL= /media/Chaos_Calmer15.05.1/openwrt/staging_dir/host/bin/flock /media/Chaos_Calmer15.05.1/openwrt/tmp/.root-copy.flock -c 'cp -fpR /media/Chaos_Calmer15.05.1/openwrt/staging_dir/target-mips_34kc_uClibc-0.9.33.2/root-ar71xx/tmp-kmod-nf-nat/. /media/Chaos_Calmer15.05.1/openwrt/staging_dir/target-mips_34kc_uClibc-0.9.33.2/root-ar71xx/'
rm -rf /media/Chaos_Calmer15.05.1/openwrt/staging_dir/target-mips_34kc_uClibc-0.9.33.2/root-ar71xx/tmp-kmod-nf-nat
touch /media/Chaos_Calmer15.05.1/openwrt/staging_dir/target-mips_34kc_uClibc-0.9.33.2/root-ar71xx/stamp/.kmod-nf-nat_installed
if [ -f /media/Chaos_Calmer15.05.1/openwrt/staging_dir/target-mips_34kc_uClibc-0.9.33.2/pkginfo/linux.default.install.clean ]; then rm -f /media/Chaos_Calmer15.05.1/openwrt/staging_dir/target-mips_34kc_uClibc-0.9.33.2/pkginfo/linux.default.install /media/Chaos_Calmer15.05.1/openwrt/staging_dir/target-mips_34kc_uClibc-0.9.33.2/pkginfo/linux.default.install.clean; fi; echo "kmod-nf-nat" >> /media/Chaos_Calmer15.05.1/openwrt/staging_dir/target-mips_34kc_uClibc-0.9.33.2/pkginfo/linux.default.install
rm -rf /media/Chaos_Calmer15.05.1/openwrt/staging_dir/target-mips_34kc_uClibc-0.9.33.2/root-ar71xx/tmp-kmod-ipt-conntrack
mkdir -p /media/Chaos_Calmer15.05.1/openwrt/staging_dir/target-mips_34kc_uClibc-0.9.33.2/root-ar71xx/stamp /media/Chaos_Calmer15.05.1/openwrt/staging_dir/target-mips_34kc_uClibc-0.9.33.2/root-ar71xx/tmp-kmod-ipt-conntrack
. /media/Chaos_Calmer15.05.1/openwrt/include/shell.sh; export modules=; probe_module() { mods="$1"; boot="$2"; shift 2; for mod in $mods; do mkdir -p /media/Chaos_Calmer15.05.1/openwrt/staging_dir/target-mips_34kc_uClibc-0.9.33.2/root-ar71xx/tmp-kmod-ipt-conntrack/etc/modules.d; echo "$mod" >> /media/Chaos_Calmer15.05.1/openwrt/staging_dir/target-mips_34kc_uClibc-0.9.33.2/root-ar71xx/tmp-kmod-ipt-conntrack/etc/modules.d/ipt-conntrack; done; if [ -e /media/Chaos_Calmer15.05.1/openwrt/staging_dir/target-mips_34kc_uClibc-0.9.33.2/root-ar71xx/tmp-kmod-ipt-conntrack/etc/modules.d/ipt-conntrack ]; then if [ "$boot" = "1" ]; then mkdir -p /media/Chaos_Calmer15.05.1/openwrt/staging_dir/target-mips_34kc_uClibc-0.9.33.2/root-ar71xx/tmp-kmod-ipt-conntrack/etc/modules-boot.d; ln -s ../modules.d/ipt-conntrack /media/Chaos_Calmer15.05.1/openwrt/staging_dir/target-mips_34kc_uClibc-0.9.33.2/root-ar71xx/tmp-kmod-ipt-conntrack/etc/modules-boot.d/; fi; modules="${modules:+$modules }$mods"; fi; }; add_module() { priority="$1"; mods="$2"; boot="$3"; shift 3; for mod in $mods; do mkdir -p /media/Chaos_Calmer15.05.1/openwrt/staging_dir/target-mips_34kc_uClibc-0.9.33.2/root-ar71xx/tmp-kmod-ipt-conntrack/etc/modules.d; echo "$mod" >> /media/Chaos_Calmer15.05.1/openwrt/staging_dir/target-mips_34kc_uClibc-0.9.33.2/root-ar71xx/tmp-kmod-ipt-conntrack/etc/modules.d/$priority-ipt-conntrack; done; if [ -e /media/Chaos_Calmer15.05.1/openwrt/staging_dir/target-mips_34kc_uClibc-0.9.33.2/root-ar71xx/tmp-kmod-ipt-conntrack/etc/modules.d/$priority-ipt-conntrack ]; then if [ "$boot" = "1" ]; then mkdir -p /media/Chaos_Calmer15.05.1/openwrt/staging_dir/target-mips_34kc_uClibc-0.9.33.2/root-ar71xx/tmp-kmod-ipt-conntrack/etc/modules-boot.d; ln -s ../modules.d/$priority-ipt-conntrack /media/Chaos_Calmer15.05.1/openwrt/staging_dir/target-mips_34kc_uClibc-0.9.33.2/root-ar71xx/tmp-kmod-ipt-conntrack/etc/modules-boot.d/; fi; modules="${modules:+$modules }$priority-ipt-conntrack"; fi; }; probe_module "xt_state iptable_raw xt_CT xt_conntrack" ""; if [ -n "$modules" ]; then mkdir -p /media/Chaos_Calmer15.05.1/openwrt/staging_dir/target-mips_34kc_uClibc-0.9.33.2/root-ar71xx/tmp-kmod-ipt-conntrack/etc/modules.d; mkdir -p /media/Chaos_Calmer15.05.1/openwrt/staging_dir/target-mips_34kc_uClibc-0.9.33.2/root-ar71xx/tmp-kmod-ipt-conntrack/CONTROL; echo "#!/bin/sh" > /media/Chaos_Calmer15.05.1/openwrt/staging_dir/target-mips_34kc_uClibc-0.9.33.2/root-ar71xx/tmp-kmod-ipt-conntrack/CONTROL/postinst-pkg; echo "[ -z \"\$IPKG_INSTROOT\" ] || exit 0" >> /media/Chaos_Calmer15.05.1/openwrt/staging_dir/target-mips_34kc_uClibc-0.9.33.2/root-ar71xx/tmp-kmod-ipt-conntrack/CONTROL/postinst-pkg; echo ". /lib/functions.sh" >> /media/Chaos_Calmer15.05.1/openwrt/staging_dir/target-mips_34kc_uClibc-0.9.33.2/root-ar71xx/tmp-kmod-ipt-conntrack/CONTROL/postinst-pkg; echo "insert_modules $modules" >> /media/Chaos_Calmer15.05.1/openwrt/staging_dir/target-mips_34kc_uClibc-0.9.33.2/root-ar71xx/tmp-kmod-ipt-conntrack/CONTROL/postinst-pkg; chmod 0755 /media/Chaos_Calmer15.05.1/openwrt/staging_dir/target-mips_34kc_uClibc-0.9.33.2/root-ar71xx/tmp-kmod-ipt-conntrack/CONTROL/postinst-pkg; fi
SHELL= /media/Chaos_Calmer15.05.1/openwrt/staging_dir/host/bin/flock /media/Chaos_Calmer15.05.1/openwrt/tmp/.root-copy.flock -c 'cp -fpR /media/Chaos_Calmer15.05.1/openwrt/staging_dir/target-mips_34kc_uClibc-0.9.33.2/root-ar71xx/tmp-kmod-ipt-conntrack/. /media/Chaos_Calmer15.05.1/openwrt/staging_dir/target-mips_34kc_uClibc-0.9.33.2/root-ar71xx/'
rm -rf /media/Chaos_Calmer15.05.1/openwrt/staging_dir/target-mips_34kc_uClibc-0.9.33.2/root-ar71xx/tmp-kmod-ipt-conntrack
touch /media/Chaos_Calmer15.05.1/openwrt/staging_dir/target-mips_34kc_uClibc-0.9.33.2/root-ar71xx/stamp/.kmod-ipt-conntrack_installed
if [ -f /media/Chaos_Calmer15.05.1/openwrt/staging_dir/target-mips_34kc_uClibc-0.9.33.2/pkginfo/linux.default.install.clean ]; then rm -f /media/Chaos_Calmer15.05.1/openwrt/staging_dir/target-mips_34kc_uClibc-0.9.33.2/pkginfo/linux.default.install /media/Chaos_Calmer15.05.1/openwrt/staging_dir/target-mips_34kc_uClibc-0.9.33.2/pkginfo/linux.default.install.clean; fi; echo "kmod-ipt-conntrack" >> /media/Chaos_Calmer15.05.1/openwrt/staging_dir/target-mips_34kc_uClibc-0.9.33.2/pkginfo/linux.default.install
rm -rf /media/Chaos_Calmer15.05.1/openwrt/staging_dir/target-mips_34kc_uClibc-0.9.33.2/root-ar71xx/tmp-kmod-ipt-nat
mkdir -p /media/Chaos_Calmer15.05.1/openwrt/staging_dir/target-mips_34kc_uClibc-0.9.33.2/root-ar71xx/stamp /media/Chaos_Calmer15.05.1/openwrt/staging_dir/target-mips_34kc_uClibc-0.9.33.2/root-ar71xx/tmp-kmod-ipt-nat
. /media/Chaos_Calmer15.05.1/openwrt/include/shell.sh; export modules=; probe_module() { mods="$1"; boot="$2"; shift 2; for mod in $mods; do mkdir -p /media/Chaos_Calmer15.05.1/openwrt/staging_dir/target-mips_34kc_uClibc-0.9.33.2/root-ar71xx/tmp-kmod-ipt-nat/etc/modules.d; echo "$mod" >> /media/Chaos_Calmer15.05.1/openwrt/staging_dir/target-mips_34kc_uClibc-0.9.33.2/root-ar71xx/tmp-kmod-ipt-nat/etc/modules.d/ipt-nat; done; if [ -e /media/Chaos_Calmer15.05.1/openwrt/staging_dir/target-mips_34kc_uClibc-0.9.33.2/root-ar71xx/tmp-kmod-ipt-nat/etc/modules.d/ipt-nat ]; then if [ "$boot" = "1" ]; then mkdir -p /media/Chaos_Calmer15.05.1/openwrt/staging_dir/target-mips_34kc_uClibc-0.9.33.2/root-ar71xx/tmp-kmod-ipt-nat/etc/modules-boot.d; ln -s ../modules.d/ipt-nat /media/Chaos_Calmer15.05.1/openwrt/staging_dir/target-mips_34kc_uClibc-0.9.33.2/root-ar71xx/tmp-kmod-ipt-nat/etc/modules-boot.d/; fi; modules="${modules:+$modules }$mods"; fi; }; add_module() { priority="$1"; mods="$2"; boot="$3"; shift 3; for mod in $mods; do mkdir -p /media/Chaos_Calmer15.05.1/openwrt/staging_dir/target-mips_34kc_uClibc-0.9.33.2/root-ar71xx/tmp-kmod-ipt-nat/etc/modules.d; echo "$mod" >> /media/Chaos_Calmer15.05.1/openwrt/staging_dir/target-mips_34kc_uClibc-0.9.33.2/root-ar71xx/tmp-kmod-ipt-nat/etc/modules.d/$priority-ipt-nat; done; if [ -e /media/Chaos_Calmer15.05.1/openwrt/staging_dir/target-mips_34kc_uClibc-0.9.33.2/root-ar71xx/tmp-kmod-ipt-nat/etc/modules.d/$priority-ipt-nat ]; then if [ "$boot" = "1" ]; then mkdir -p /media/Chaos_Calmer15.05.1/openwrt/staging_dir/target-mips_34kc_uClibc-0.9.33.2/root-ar71xx/tmp-kmod-ipt-nat/etc/modules-boot.d; ln -s ../modules.d/$priority-ipt-nat /media/Chaos_Calmer15.05.1/openwrt/staging_dir/target-mips_34kc_uClibc-0.9.33.2/root-ar71xx/tmp-kmod-ipt-nat/etc/modules-boot.d/; fi; modules="${modules:+$modules }$priority-ipt-nat"; fi; }; probe_module "xt_nat iptable_nat ipt_MASQUERADE nf_nat_masquerade_ipv4 xt_REDIRECT" ""; if [ -n "$modules" ]; then mkdir -p /media/Chaos_Calmer15.05.1/openwrt/staging_dir/target-mips_34kc_uClibc-0.9.33.2/root-ar71xx/tmp-kmod-ipt-nat/etc/modules.d; mkdir -p /media/Chaos_Calmer15.05.1/openwrt/staging_dir/target-mips_34kc_uClibc-0.9.33.2/root-ar71xx/tmp-kmod-ipt-nat/CONTROL; echo "#!/bin/sh" > /media/Chaos_Calmer15.05.1/openwrt/staging_dir/target-mips_34kc_uClibc-0.9.33.2/root-ar71xx/tmp-kmod-ipt-nat/CONTROL/postinst-pkg; echo "[ -z \"\$IPKG_INSTROOT\" ] || exit 0" >> /media/Chaos_Calmer15.05.1/openwrt/staging_dir/target-mips_34kc_uClibc-0.9.33.2/root-ar71xx/tmp-kmod-ipt-nat/CONTROL/postinst-pkg; echo ". /lib/functions.sh" >> /media/Chaos_Calmer15.05.1/openwrt/staging_dir/target-mips_34kc_uClibc-0.9.33.2/root-ar71xx/tmp-kmod-ipt-nat/CONTROL/postinst-pkg; echo "insert_modules $modules" >> /media/Chaos_Calmer15.05.1/openwrt/staging_dir/target-mips_34kc_uClibc-0.9.33.2/root-ar71xx/tmp-kmod-ipt-nat/CONTROL/postinst-pkg; chmod 0755 /media/Chaos_Calmer15.05.1/openwrt/staging_dir/target-mips_34kc_uClibc-0.9.33.2/root-ar71xx/tmp-kmod-ipt-nat/CONTROL/postinst-pkg; fi
SHELL= /media/Chaos_Calmer15.05.1/openwrt/staging_dir/host/bin/flock /media/Chaos_Calmer15.05.1/openwrt/tmp/.root-copy.flock -c 'cp -fpR /media/Chaos_Calmer15.05.1/openwrt/staging_dir/target-mips_34kc_uClibc-0.9.33.2/root-ar71xx/tmp-kmod-ipt-nat/. /media/Chaos_Calmer15.05.1/openwrt/staging_dir/target-mips_34kc_uClibc-0.9.33.2/root-ar71xx/'
rm -rf /media/Chaos_Calmer15.05.1/openwrt/staging_dir/target-mips_34kc_uClibc-0.9.33.2/root-ar71xx/tmp-kmod-ipt-nat
touch /media/Chaos_Calmer15.05.1/openwrt/staging_dir/target-mips_34kc_uClibc-0.9.33.2/root-ar71xx/stamp/.kmod-ipt-nat_installed
if [ -f /media/Chaos_Calmer15.05.1/openwrt/staging_dir/target-mips_34kc_uClibc-0.9.33.2/pkginfo/linux.default.install.clean ]; then rm -f /media/Chaos_Calmer15.05.1/openwrt/staging_dir/target-mips_34kc_uClibc-0.9.33.2/pkginfo/linux.default.install /media/Chaos_Calmer15.05.1/openwrt/staging_dir/target-mips_34kc_uClibc-0.9.33.2/pkginfo/linux.default.install.clean; fi; echo "kmod-ipt-nat" >> /media/Chaos_Calmer15.05.1/openwrt/staging_dir/target-mips_34kc_uClibc-0.9.33.2/pkginfo/linux.default.install
rm -rf /media/Chaos_Calmer15.05.1/openwrt/staging_dir/target-mips_34kc_uClibc-0.9.33.2/root-ar71xx/tmp-kmod-nf-nathelper
mkdir -p /media/Chaos_Calmer15.05.1/openwrt/staging_dir/target-mips_34kc_uClibc-0.9.33.2/root-ar71xx/stamp /media/Chaos_Calmer15.05.1/openwrt/staging_dir/target-mips_34kc_uClibc-0.9.33.2/root-ar71xx/tmp-kmod-nf-nathelper
. /media/Chaos_Calmer15.05.1/openwrt/include/shell.sh; export modules=; probe_module() { mods="$1"; boot="$2"; shift 2; for mod in $mods; do mkdir -p /media/Chaos_Calmer15.05.1/openwrt/staging_dir/target-mips_34kc_uClibc-0.9.33.2/root-ar71xx/tmp-kmod-nf-nathelper/etc/modules.d; echo "$mod" >> /media/Chaos_Calmer15.05.1/openwrt/staging_dir/target-mips_34kc_uClibc-0.9.33.2/root-ar71xx/tmp-kmod-nf-nathelper/etc/modules.d/nf-nathelper; done; if [ -e /media/Chaos_Calmer15.05.1/openwrt/staging_dir/target-mips_34kc_uClibc-0.9.33.2/root-ar71xx/tmp-kmod-nf-nathelper/etc/modules.d/nf-nathelper ]; then if [ "$boot" = "1" ]; then mkdir -p /media/Chaos_Calmer15.05.1/openwrt/staging_dir/target-mips_34kc_uClibc-0.9.33.2/root-ar71xx/tmp-kmod-nf-nathelper/etc/modules-boot.d; ln -s ../modules.d/nf-nathelper /media/Chaos_Calmer15.05.1/openwrt/staging_dir/target-mips_34kc_uClibc-0.9.33.2/root-ar71xx/tmp-kmod-nf-nathelper/etc/modules-boot.d/; fi; modules="${modules:+$modules }$mods"; fi; }; add_module() { priority="$1"; mods="$2"; boot="$3"; shift 3; for mod in $mods; do mkdir -p /media/Chaos_Calmer15.05.1/openwrt/staging_dir/target-mips_34kc_uClibc-0.9.33.2/root-ar71xx/tmp-kmod-nf-nathelper/etc/modules.d; echo "$mod" >> /media/Chaos_Calmer15.05.1/openwrt/staging_dir/target-mips_34kc_uClibc-0.9.33.2/root-ar71xx/tmp-kmod-nf-nathelper/etc/modules.d/$priority-nf-nathelper; done; if [ -e /media/Chaos_Calmer15.05.1/openwrt/staging_dir/target-mips_34kc_uClibc-0.9.33.2/root-ar71xx/tmp-kmod-nf-nathelper/etc/modules.d/$priority-nf-nathelper ]; then if [ "$boot" = "1" ]; then mkdir -p /media/Chaos_Calmer15.05.1/openwrt/staging_dir/target-mips_34kc_uClibc-0.9.33.2/root-ar71xx/tmp-kmod-nf-nathelper/etc/modules-boot.d; ln -s ../modules.d/$priority-nf-nathelper /media/Chaos_Calmer15.05.1/openwrt/staging_dir/target-mips_34kc_uClibc-0.9.33.2/root-ar71xx/tmp-kmod-nf-nathelper/etc/modules-boot.d/; fi; modules="${modules:+$modules }$priority-nf-nathelper"; fi; }; probe_module "nf_conntrack_ftp nf_nat_ftp" ""; if [ -n "$modules" ]; then mkdir -p /media/Chaos_Calmer15.05.1/openwrt/staging_dir/target-mips_34kc_uClibc-0.9.33.2/root-ar71xx/tmp-kmod-nf-nathelper/etc/modules.d; mkdir -p /media/Chaos_Calmer15.05.1/openwrt/staging_dir/target-mips_34kc_uClibc-0.9.33.2/root-ar71xx/tmp-kmod-nf-nathelper/CONTROL; echo "#!/bin/sh" > /media/Chaos_Calmer15.05.1/openwrt/staging_dir/target-mips_34kc_uClibc-0.9.33.2/root-ar71xx/tmp-kmod-nf-nathelper/CONTROL/postinst-pkg; echo "[ -z \"\$IPKG_INSTROOT\" ] || exit 0" >> /media/Chaos_Calmer15.05.1/openwrt/staging_dir/target-mips_34kc_uClibc-0.9.33.2/root-ar71xx/tmp-kmod-nf-nathelper/CONTROL/postinst-pkg; echo ". /lib/functions.sh" >> /media/Chaos_Calmer15.05.1/openwrt/staging_dir/target-mips_34kc_uClibc-0.9.33.2/root-ar71xx/tmp-kmod-nf-nathelper/CONTROL/postinst-pkg; echo "insert_modules $modules" >> /media/Chaos_Calmer15.05.1/openwrt/staging_dir/target-mips_34kc_uClibc-0.9.33.2/root-ar71xx/tmp-kmod-nf-nathelper/CONTROL/postinst-pkg; chmod 0755 /media/Chaos_Calmer15.05.1/openwrt/staging_dir/target-mips_34kc_uClibc-0.9.33.2/root-ar71xx/tmp-kmod-nf-nathelper/CONTROL/postinst-pkg; fi
SHELL= /media/Chaos_Calmer15.05.1/openwrt/staging_dir/host/bin/flock /media/Chaos_Calmer15.05.1/openwrt/tmp/.root-copy.flock -c 'cp -fpR /media/Chaos_Calmer15.05.1/openwrt/staging_dir/target-mips_34kc_uClibc-0.9.33.2/root-ar71xx/tmp-kmod-nf-nathelper/. /media/Chaos_Calmer15.05.1/openwrt/staging_dir/target-mips_34kc_uClibc-0.9.33.2/root-ar71xx/'
rm -rf /media/Chaos_Calmer15.05.1/openwrt/staging_dir/target-mips_34kc_uClibc-0.9.33.2/root-ar71xx/tmp-kmod-nf-nathelper
touch /media/Chaos_Calmer15.05.1/openwrt/staging_dir/target-mips_34kc_uClibc-0.9.33.2/root-ar71xx/stamp/.kmod-nf-nathelper_installed
if [ -f /media/Chaos_Calmer15.05.1/openwrt/staging_dir/target-mips_34kc_uClibc-0.9.33.2/pkginfo/linux.default.install.clean ]; then rm -f /media/Chaos_Calmer15.05.1/openwrt/staging_dir/target-mips_34kc_uClibc-0.9.33.2/pkginfo/linux.default.install /media/Chaos_Calmer15.05.1/openwrt/staging_dir/target-mips_34kc_uClibc-0.9.33.2/pkginfo/linux.default.install.clean; fi; echo "kmod-nf-nathelper" >> /media/Chaos_Calmer15.05.1/openwrt/staging_dir/target-mips_34kc_uClibc-0.9.33.2/pkginfo/linux.default.install
rm -rf /media/Chaos_Calmer15.05.1/openwrt/staging_dir/target-mips_34kc_uClibc-0.9.33.2/root-ar71xx/tmp-kmod-ip6tables
mkdir -p /media/Chaos_Calmer15.05.1/openwrt/staging_dir/target-mips_34kc_uClibc-0.9.33.2/root-ar71xx/stamp /media/Chaos_Calmer15.05.1/openwrt/staging_dir/target-mips_34kc_uClibc-0.9.33.2/root-ar71xx/tmp-kmod-ip6tables
. /media/Chaos_Calmer15.05.1/openwrt/include/shell.sh; export modules=; probe_module() { mods="$1"; boot="$2"; shift 2; for mod in $mods; do mkdir -p /media/Chaos_Calmer15.05.1/openwrt/staging_dir/target-mips_34kc_uClibc-0.9.33.2/root-ar71xx/tmp-kmod-ip6tables/etc/modules.d; echo "$mod" >> /media/Chaos_Calmer15.05.1/openwrt/staging_dir/target-mips_34kc_uClibc-0.9.33.2/root-ar71xx/tmp-kmod-ip6tables/etc/modules.d/ip6tables; done; if [ -e /media/Chaos_Calmer15.05.1/openwrt/staging_dir/target-mips_34kc_uClibc-0.9.33.2/root-ar71xx/tmp-kmod-ip6tables/etc/modules.d/ip6tables ]; then if [ "$boot" = "1" ]; then mkdir -p /media/Chaos_Calmer15.05.1/openwrt/staging_dir/target-mips_34kc_uClibc-0.9.33.2/root-ar71xx/tmp-kmod-ip6tables/etc/modules-boot.d; ln -s ../modules.d/ip6tables /media/Chaos_Calmer15.05.1/openwrt/staging_dir/target-mips_34kc_uClibc-0.9.33.2/root-ar71xx/tmp-kmod-ip6tables/etc/modules-boot.d/; fi; modules="${modules:+$modules }$mods"; fi; }; add_module() { priority="$1"; mods="$2"; boot="$3"; shift 3; for mod in $mods; do mkdir -p /media/Chaos_Calmer15.05.1/openwrt/staging_dir/target-mips_34kc_uClibc-0.9.33.2/root-ar71xx/tmp-kmod-ip6tables/etc/modules.d; echo "$mod" >> /media/Chaos_Calmer15.05.1/openwrt/staging_dir/target-mips_34kc_uClibc-0.9.33.2/root-ar71xx/tmp-kmod-ip6tables/etc/modules.d/$priority-ip6tables; done; if [ -e /media/Chaos_Calmer15.05.1/openwrt/staging_dir/target-mips_34kc_uClibc-0.9.33.2/root-ar71xx/tmp-kmod-ip6tables/etc/modules.d/$priority-ip6tables ]; then if [ "$boot" = "1" ]; then mkdir -p /media/Chaos_Calmer15.05.1/openwrt/staging_dir/target-mips_34kc_uClibc-0.9.33.2/root-ar71xx/tmp-kmod-ip6tables/etc/modules-boot.d; ln -s ../modules.d/$priority-ip6tables /media/Chaos_Calmer15.05.1/openwrt/staging_dir/target-mips_34kc_uClibc-0.9.33.2/root-ar71xx/tmp-kmod-ip6tables/etc/modules-boot.d/; fi; modules="${modules:+$modules }$priority-ip6tables"; fi; }; add_module "42" "ip6table_filter ip6table_mangle ip6table_raw nf_log_ipv6 ip6t_REJECT nf_reject_ipv6" ""; if [ -n "$modules" ]; then mkdir -p /media/Chaos_Calmer15.05.1/openwrt/staging_dir/target-mips_34kc_uClibc-0.9.33.2/root-ar71xx/tmp-kmod-ip6tables/etc/modules.d; mkdir -p /media/Chaos_Calmer15.05.1/openwrt/staging_dir/target-mips_34kc_uClibc-0.9.33.2/root-ar71xx/tmp-kmod-ip6tables/CONTROL; echo "#!/bin/sh" > /media/Chaos_Calmer15.05.1/openwrt/staging_dir/target-mips_34kc_uClibc-0.9.33.2/root-ar71xx/tmp-kmod-ip6tables/CONTROL/postinst-pkg; echo "[ -z \"\$IPKG_INSTROOT\" ] || exit 0" >> /media/Chaos_Calmer15.05.1/openwrt/staging_dir/target-mips_34kc_uClibc-0.9.33.2/root-ar71xx/tmp-kmod-ip6tables/CONTROL/postinst-pkg; echo ". /lib/functions.sh" >> /media/Chaos_Calmer15.05.1/openwrt/staging_dir/target-mips_34kc_uClibc-0.9.33.2/root-ar71xx/tmp-kmod-ip6tables/CONTROL/postinst-pkg; echo "insert_modules $modules" >> /media/Chaos_Calmer15.05.1/openwrt/staging_dir/target-mips_34kc_uClibc-0.9.33.2/root-ar71xx/tmp-kmod-ip6tables/CONTROL/postinst-pkg; chmod 0755 /media/Chaos_Calmer15.05.1/openwrt/staging_dir/target-mips_34kc_uClibc-0.9.33.2/root-ar71xx/tmp-kmod-ip6tables/CONTROL/postinst-pkg; fi
SHELL= /media/Chaos_Calmer15.05.1/openwrt/staging_dir/host/bin/flock /media/Chaos_Calmer15.05.1/openwrt/tmp/.root-copy.flock -c 'cp -fpR /media/Chaos_Calmer15.05.1/openwrt/staging_dir/target-mips_34kc_uClibc-0.9.33.2/root-ar71xx/tmp-kmod-ip6tables/. /media/Chaos_Calmer15.05.1/openwrt/staging_dir/target-mips_34kc_uClibc-0.9.33.2/root-ar71xx/'
rm -rf /media/Chaos_Calmer15.05.1/openwrt/staging_dir/target-mips_34kc_uClibc-0.9.33.2/root-ar71xx/tmp-kmod-ip6tables
touch /media/Chaos_Calmer15.05.1/openwrt/staging_dir/target-mips_34kc_uClibc-0.9.33.2/root-ar71xx/stamp/.kmod-ip6tables_installed
if [ -f /media/Chaos_Calmer15.05.1/openwrt/staging_dir/target-mips_34kc_uClibc-0.9.33.2/pkginfo/linux.default.install.clean ]; then rm -f /media/Chaos_Calmer15.05.1/openwrt/staging_dir/target-mips_34kc_uClibc-0.9.33.2/pkginfo/linux.default.install /media/Chaos_Calmer15.05.1/openwrt/staging_dir/target-mips_34kc_uClibc-0.9.33.2/pkginfo/linux.default.install.clean; fi; echo "kmod-ip6tables" >> /media/Chaos_Calmer15.05.1/openwrt/staging_dir/target-mips_34kc_uClibc-0.9.33.2/pkginfo/linux.default.install
rm -rf /media/Chaos_Calmer15.05.1/openwrt/staging_dir/target-mips_34kc_uClibc-0.9.33.2/root-ar71xx/tmp-kmod-ipv6
mkdir -p /media/Chaos_Calmer15.05.1/openwrt/staging_dir/target-mips_34kc_uClibc-0.9.33.2/root-ar71xx/stamp /media/Chaos_Calmer15.05.1/openwrt/staging_dir/target-mips_34kc_uClibc-0.9.33.2/root-ar71xx/tmp-kmod-ipv6
. /media/Chaos_Calmer15.05.1/openwrt/include/shell.sh; export modules=; probe_module() { mods="$1"; boot="$2"; shift 2; for mod in $mods; do mkdir -p /media/Chaos_Calmer15.05.1/openwrt/staging_dir/target-mips_34kc_uClibc-0.9.33.2/root-ar71xx/tmp-kmod-ipv6/etc/modules.d; echo "$mod" >> /media/Chaos_Calmer15.05.1/openwrt/staging_dir/target-mips_34kc_uClibc-0.9.33.2/root-ar71xx/tmp-kmod-ipv6/etc/modules.d/ipv6; done; if [ -e /media/Chaos_Calmer15.05.1/openwrt/staging_dir/target-mips_34kc_uClibc-0.9.33.2/root-ar71xx/tmp-kmod-ipv6/etc/modules.d/ipv6 ]; then if [ "$boot" = "1" ]; then mkdir -p /media/Chaos_Calmer15.05.1/openwrt/staging_dir/target-mips_34kc_uClibc-0.9.33.2/root-ar71xx/tmp-kmod-ipv6/etc/modules-boot.d; ln -s ../modules.d/ipv6 /media/Chaos_Calmer15.05.1/openwrt/staging_dir/target-mips_34kc_uClibc-0.9.33.2/root-ar71xx/tmp-kmod-ipv6/etc/modules-boot.d/; fi; modules="${modules:+$modules }$mods"; fi; }; add_module() { priority="$1"; mods="$2"; boot="$3"; shift 3; for mod in $mods; do mkdir -p /media/Chaos_Calmer15.05.1/openwrt/staging_dir/target-mips_34kc_uClibc-0.9.33.2/root-ar71xx/tmp-kmod-ipv6/etc/modules.d; echo "$mod" >> /media/Chaos_Calmer15.05.1/openwrt/staging_dir/target-mips_34kc_uClibc-0.9.33.2/root-ar71xx/tmp-kmod-ipv6/etc/modules.d/$priority-ipv6; done; if [ -e /media/Chaos_Calmer15.05.1/openwrt/staging_dir/target-mips_34kc_uClibc-0.9.33.2/root-ar71xx/tmp-kmod-ipv6/etc/modules.d/$priority-ipv6 ]; then if [ "$boot" = "1" ]; then mkdir -p /media/Chaos_Calmer15.05.1/openwrt/staging_dir/target-mips_34kc_uClibc-0.9.33.2/root-ar71xx/tmp-kmod-ipv6/etc/modules-boot.d; ln -s ../modules.d/$priority-ipv6 /media/Chaos_Calmer15.05.1/openwrt/staging_dir/target-mips_34kc_uClibc-0.9.33.2/root-ar71xx/tmp-kmod-ipv6/etc/modules-boot.d/; fi; modules="${modules:+$modules }$priority-ipv6"; fi; }; add_module "20" "ipv6" ""; if [ -n "$modules" ]; then mkdir -p /media/Chaos_Calmer15.05.1/openwrt/staging_dir/target-mips_34kc_uClibc-0.9.33.2/root-ar71xx/tmp-kmod-ipv6/etc/modules.d; mkdir -p /media/Chaos_Calmer15.05.1/openwrt/staging_dir/target-mips_34kc_uClibc-0.9.33.2/root-ar71xx/tmp-kmod-ipv6/CONTROL; echo "#!/bin/sh" > /media/Chaos_Calmer15.05.1/openwrt/staging_dir/target-mips_34kc_uClibc-0.9.33.2/root-ar71xx/tmp-kmod-ipv6/CONTROL/postinst-pkg; echo "[ -z \"\$IPKG_INSTROOT\" ] || exit 0" >> /media/Chaos_Calmer15.05.1/openwrt/staging_dir/target-mips_34kc_uClibc-0.9.33.2/root-ar71xx/tmp-kmod-ipv6/CONTROL/postinst-pkg; echo ". /lib/functions.sh" >> /media/Chaos_Calmer15.05.1/openwrt/staging_dir/target-mips_34kc_uClibc-0.9.33.2/root-ar71xx/tmp-kmod-ipv6/CONTROL/postinst-pkg; echo "insert_modules $modules" >> /media/Chaos_Calmer15.05.1/openwrt/staging_dir/target-mips_34kc_uClibc-0.9.33.2/root-ar71xx/tmp-kmod-ipv6/CONTROL/postinst-pkg; chmod 0755 /media/Chaos_Calmer15.05.1/openwrt/staging_dir/target-mips_34kc_uClibc-0.9.33.2/root-ar71xx/tmp-kmod-ipv6/CONTROL/postinst-pkg; fi
SHELL= /media/Chaos_Calmer15.05.1/openwrt/staging_dir/host/bin/flock /media/Chaos_Calmer15.05.1/openwrt/tmp/.root-copy.flock -c 'cp -fpR /media/Chaos_Calmer15.05.1/openwrt/staging_dir/target-mips_34kc_uClibc-0.9.33.2/root-ar71xx/tmp-kmod-ipv6/. /media/Chaos_Calmer15.05.1/openwrt/staging_dir/target-mips_34kc_uClibc-0.9.33.2/root-ar71xx/'
rm -rf /media/Chaos_Calmer15.05.1/openwrt/staging_dir/target-mips_34kc_uClibc-0.9.33.2/root-ar71xx/tmp-kmod-ipv6
touch /media/Chaos_Calmer15.05.1/openwrt/staging_dir/target-mips_34kc_uClibc-0.9.33.2/root-ar71xx/stamp/.kmod-ipv6_installed
if [ -f /media/Chaos_Calmer15.05.1/openwrt/staging_dir/target-mips_34kc_uClibc-0.9.33.2/pkginfo/linux.default.install.clean ]; then rm -f /media/Chaos_Calmer15.05.1/openwrt/staging_dir/target-mips_34kc_uClibc-0.9.33.2/pkginfo/linux.default.install /media/Chaos_Calmer15.05.1/openwrt/staging_dir/target-mips_34kc_uClibc-0.9.33.2/pkginfo/linux.default.install.clean; fi; echo "kmod-ipv6" >> /media/Chaos_Calmer15.05.1/openwrt/staging_dir/target-mips_34kc_uClibc-0.9.33.2/pkginfo/linux.default.install
rm -rf /media/Chaos_Calmer15.05.1/openwrt/staging_dir/target-mips_34kc_uClibc-0.9.33.2/root-ar71xx/tmp-kmod-slhc
mkdir -p /media/Chaos_Calmer15.05.1/openwrt/staging_dir/target-mips_34kc_uClibc-0.9.33.2/root-ar71xx/stamp /media/Chaos_Calmer15.05.1/openwrt/staging_dir/target-mips_34kc_uClibc-0.9.33.2/root-ar71xx/tmp-kmod-slhc
. /media/Chaos_Calmer15.05.1/openwrt/include/shell.sh; export modules=; probe_module() { mods="$1"; boot="$2"; shift 2; for mod in $mods; do mkdir -p /media/Chaos_Calmer15.05.1/openwrt/staging_dir/target-mips_34kc_uClibc-0.9.33.2/root-ar71xx/tmp-kmod-slhc/etc/modules.d; echo "$mod" >> /media/Chaos_Calmer15.05.1/openwrt/staging_dir/target-mips_34kc_uClibc-0.9.33.2/root-ar71xx/tmp-kmod-slhc/etc/modules.d/slhc; done; if [ -e /media/Chaos_Calmer15.05.1/openwrt/staging_dir/target-mips_34kc_uClibc-0.9.33.2/root-ar71xx/tmp-kmod-slhc/etc/modules.d/slhc ]; then if [ "$boot" = "1" ]; then mkdir -p /media/Chaos_Calmer15.05.1/openwrt/staging_dir/target-mips_34kc_uClibc-0.9.33.2/root-ar71xx/tmp-kmod-slhc/etc/modules-boot.d; ln -s ../modules.d/slhc /media/Chaos_Calmer15.05.1/openwrt/staging_dir/target-mips_34kc_uClibc-0.9.33.2/root-ar71xx/tmp-kmod-slhc/etc/modules-boot.d/; fi; modules="${modules:+$modules }$mods"; fi; }; add_module() { priority="$1"; mods="$2"; boot="$3"; shift 3; for mod in $mods; do mkdir -p /media/Chaos_Calmer15.05.1/openwrt/staging_dir/target-mips_34kc_uClibc-0.9.33.2/root-ar71xx/tmp-kmod-slhc/etc/modules.d; echo "$mod" >> /media/Chaos_Calmer15.05.1/openwrt/staging_dir/target-mips_34kc_uClibc-0.9.33.2/root-ar71xx/tmp-kmod-slhc/etc/modules.d/$priority-slhc; done; if [ -e /media/Chaos_Calmer15.05.1/openwrt/staging_dir/target-mips_34kc_uClibc-0.9.33.2/root-ar71xx/tmp-kmod-slhc/etc/modules.d/$priority-slhc ]; then if [ "$boot" = "1" ]; then mkdir -p /media/Chaos_Calmer15.05.1/openwrt/staging_dir/target-mips_34kc_uClibc-0.9.33.2/root-ar71xx/tmp-kmod-slhc/etc/modules-boot.d; ln -s ../modules.d/$priority-slhc /media/Chaos_Calmer15.05.1/openwrt/staging_dir/target-mips_34kc_uClibc-0.9.33.2/root-ar71xx/tmp-kmod-slhc/etc/modules-boot.d/; fi; modules="${modules:+$modules }$priority-slhc"; fi; };  if [ -n "$modules" ]; then mkdir -p /media/Chaos_Calmer15.05.1/openwrt/staging_dir/target-mips_34kc_uClibc-0.9.33.2/root-ar71xx/tmp-kmod-slhc/etc/modules.d; mkdir -p /media/Chaos_Calmer15.05.1/openwrt/staging_dir/target-mips_34kc_uClibc-0.9.33.2/root-ar71xx/tmp-kmod-slhc/CONTROL; echo "#!/bin/sh" > /media/Chaos_Calmer15.05.1/openwrt/staging_dir/target-mips_34kc_uClibc-0.9.33.2/root-ar71xx/tmp-kmod-slhc/CONTROL/postinst-pkg; echo "[ -z \"\$IPKG_INSTROOT\" ] || exit 0" >> /media/Chaos_Calmer15.05.1/openwrt/staging_dir/target-mips_34kc_uClibc-0.9.33.2/root-ar71xx/tmp-kmod-slhc/CONTROL/postinst-pkg; echo ". /lib/functions.sh" >> /media/Chaos_Calmer15.05.1/openwrt/staging_dir/target-mips_34kc_uClibc-0.9.33.2/root-ar71xx/tmp-kmod-slhc/CONTROL/postinst-pkg; echo "insert_modules $modules" >> /media/Chaos_Calmer15.05.1/openwrt/staging_dir/target-mips_34kc_uClibc-0.9.33.2/root-ar71xx/tmp-kmod-slhc/CONTROL/postinst-pkg; chmod 0755 /media/Chaos_Calmer15.05.1/openwrt/staging_dir/target-mips_34kc_uClibc-0.9.33.2/root-ar71xx/tmp-kmod-slhc/CONTROL/postinst-pkg; fi
SHELL= /media/Chaos_Calmer15.05.1/openwrt/staging_dir/host/bin/flock /media/Chaos_Calmer15.05.1/openwrt/tmp/.root-copy.flock -c 'cp -fpR /media/Chaos_Calmer15.05.1/openwrt/staging_dir/target-mips_34kc_uClibc-0.9.33.2/root-ar71xx/tmp-kmod-slhc/. /media/Chaos_Calmer15.05.1/openwrt/staging_dir/target-mips_34kc_uClibc-0.9.33.2/root-ar71xx/'
rm -rf /media/Chaos_Calmer15.05.1/openwrt/staging_dir/target-mips_34kc_uClibc-0.9.33.2/root-ar71xx/tmp-kmod-slhc
touch /media/Chaos_Calmer15.05.1/openwrt/staging_dir/target-mips_34kc_uClibc-0.9.33.2/root-ar71xx/stamp/.kmod-slhc_installed
if [ -f /media/Chaos_Calmer15.05.1/openwrt/staging_dir/target-mips_34kc_uClibc-0.9.33.2/pkginfo/linux.default.install.clean ]; then rm -f /media/Chaos_Calmer15.05.1/openwrt/staging_dir/target-mips_34kc_uClibc-0.9.33.2/pkginfo/linux.default.install /media/Chaos_Calmer15.05.1/openwrt/staging_dir/target-mips_34kc_uClibc-0.9.33.2/pkginfo/linux.default.install.clean; fi; echo "kmod-slhc" >> /media/Chaos_Calmer15.05.1/openwrt/staging_dir/target-mips_34kc_uClibc-0.9.33.2/pkginfo/linux.default.install
rm -rf /media/Chaos_Calmer15.05.1/openwrt/staging_dir/target-mips_34kc_uClibc-0.9.33.2/root-ar71xx/tmp-kmod-ppp
mkdir -p /media/Chaos_Calmer15.05.1/openwrt/staging_dir/target-mips_34kc_uClibc-0.9.33.2/root-ar71xx/stamp /media/Chaos_Calmer15.05.1/openwrt/staging_dir/target-mips_34kc_uClibc-0.9.33.2/root-ar71xx/tmp-kmod-ppp
. /media/Chaos_Calmer15.05.1/openwrt/include/shell.sh; export modules=; probe_module() { mods="$1"; boot="$2"; shift 2; for mod in $mods; do mkdir -p /media/Chaos_Calmer15.05.1/openwrt/staging_dir/target-mips_34kc_uClibc-0.9.33.2/root-ar71xx/tmp-kmod-ppp/etc/modules.d; echo "$mod" >> /media/Chaos_Calmer15.05.1/openwrt/staging_dir/target-mips_34kc_uClibc-0.9.33.2/root-ar71xx/tmp-kmod-ppp/etc/modules.d/ppp; done; if [ -e /media/Chaos_Calmer15.05.1/openwrt/staging_dir/target-mips_34kc_uClibc-0.9.33.2/root-ar71xx/tmp-kmod-ppp/etc/modules.d/ppp ]; then if [ "$boot" = "1" ]; then mkdir -p /media/Chaos_Calmer15.05.1/openwrt/staging_dir/target-mips_34kc_uClibc-0.9.33.2/root-ar71xx/tmp-kmod-ppp/etc/modules-boot.d; ln -s ../modules.d/ppp /media/Chaos_Calmer15.05.1/openwrt/staging_dir/target-mips_34kc_uClibc-0.9.33.2/root-ar71xx/tmp-kmod-ppp/etc/modules-boot.d/; fi; modules="${modules:+$modules }$mods"; fi; }; add_module() { priority="$1"; mods="$2"; boot="$3"; shift 3; for mod in $mods; do mkdir -p /media/Chaos_Calmer15.05.1/openwrt/staging_dir/target-mips_34kc_uClibc-0.9.33.2/root-ar71xx/tmp-kmod-ppp/etc/modules.d; echo "$mod" >> /media/Chaos_Calmer15.05.1/openwrt/staging_dir/target-mips_34kc_uClibc-0.9.33.2/root-ar71xx/tmp-kmod-ppp/etc/modules.d/$priority-ppp; done; if [ -e /media/Chaos_Calmer15.05.1/openwrt/staging_dir/target-mips_34kc_uClibc-0.9.33.2/root-ar71xx/tmp-kmod-ppp/etc/modules.d/$priority-ppp ]; then if [ "$boot" = "1" ]; then mkdir -p /media/Chaos_Calmer15.05.1/openwrt/staging_dir/target-mips_34kc_uClibc-0.9.33.2/root-ar71xx/tmp-kmod-ppp/etc/modules-boot.d; ln -s ../modules.d/$priority-ppp /media/Chaos_Calmer15.05.1/openwrt/staging_dir/target-mips_34kc_uClibc-0.9.33.2/root-ar71xx/tmp-kmod-ppp/etc/modules-boot.d/; fi; modules="${modules:+$modules }$priority-ppp"; fi; }; probe_module "ppp_async" ""; if [ -n "$modules" ]; then mkdir -p /media/Chaos_Calmer15.05.1/openwrt/staging_dir/target-mips_34kc_uClibc-0.9.33.2/root-ar71xx/tmp-kmod-ppp/etc/modules.d; mkdir -p /media/Chaos_Calmer15.05.1/openwrt/staging_dir/target-mips_34kc_uClibc-0.9.33.2/root-ar71xx/tmp-kmod-ppp/CONTROL; echo "#!/bin/sh" > /media/Chaos_Calmer15.05.1/openwrt/staging_dir/target-mips_34kc_uClibc-0.9.33.2/root-ar71xx/tmp-kmod-ppp/CONTROL/postinst-pkg; echo "[ -z \"\$IPKG_INSTROOT\" ] || exit 0" >> /media/Chaos_Calmer15.05.1/openwrt/staging_dir/target-mips_34kc_uClibc-0.9.33.2/root-ar71xx/tmp-kmod-ppp/CONTROL/postinst-pkg; echo ". /lib/functions.sh" >> /media/Chaos_Calmer15.05.1/openwrt/staging_dir/target-mips_34kc_uClibc-0.9.33.2/root-ar71xx/tmp-kmod-ppp/CONTROL/postinst-pkg; echo "insert_modules $modules" >> /media/Chaos_Calmer15.05.1/openwrt/staging_dir/target-mips_34kc_uClibc-0.9.33.2/root-ar71xx/tmp-kmod-ppp/CONTROL/postinst-pkg; chmod 0755 /media/Chaos_Calmer15.05.1/openwrt/staging_dir/target-mips_34kc_uClibc-0.9.33.2/root-ar71xx/tmp-kmod-ppp/CONTROL/postinst-pkg; fi
SHELL= /media/Chaos_Calmer15.05.1/openwrt/staging_dir/host/bin/flock /media/Chaos_Calmer15.05.1/openwrt/tmp/.root-copy.flock -c 'cp -fpR /media/Chaos_Calmer15.05.1/openwrt/staging_dir/target-mips_34kc_uClibc-0.9.33.2/root-ar71xx/tmp-kmod-ppp/. /media/Chaos_Calmer15.05.1/openwrt/staging_dir/target-mips_34kc_uClibc-0.9.33.2/root-ar71xx/'
rm -rf /media/Chaos_Calmer15.05.1/openwrt/staging_dir/target-mips_34kc_uClibc-0.9.33.2/root-ar71xx/tmp-kmod-ppp
touch /media/Chaos_Calmer15.05.1/openwrt/staging_dir/target-mips_34kc_uClibc-0.9.33.2/root-ar71xx/stamp/.kmod-ppp_installed
if [ -f /media/Chaos_Calmer15.05.1/openwrt/staging_dir/target-mips_34kc_uClibc-0.9.33.2/pkginfo/linux.default.install.clean ]; then rm -f /media/Chaos_Calmer15.05.1/openwrt/staging_dir/target-mips_34kc_uClibc-0.9.33.2/pkginfo/linux.default.install /media/Chaos_Calmer15.05.1/openwrt/staging_dir/target-mips_34kc_uClibc-0.9.33.2/pkginfo/linux.default.install.clean; fi; echo "kmod-ppp" >> /media/Chaos_Calmer15.05.1/openwrt/staging_dir/target-mips_34kc_uClibc-0.9.33.2/pkginfo/linux.default.install
rm -rf /media/Chaos_Calmer15.05.1/openwrt/staging_dir/target-mips_34kc_uClibc-0.9.33.2/root-ar71xx/tmp-kmod-pppox
mkdir -p /media/Chaos_Calmer15.05.1/openwrt/staging_dir/target-mips_34kc_uClibc-0.9.33.2/root-ar71xx/stamp /media/Chaos_Calmer15.05.1/openwrt/staging_dir/target-mips_34kc_uClibc-0.9.33.2/root-ar71xx/tmp-kmod-pppox
. /media/Chaos_Calmer15.05.1/openwrt/include/shell.sh; export modules=; probe_module() { mods="$1"; boot="$2"; shift 2; for mod in $mods; do mkdir -p /media/Chaos_Calmer15.05.1/openwrt/staging_dir/target-mips_34kc_uClibc-0.9.33.2/root-ar71xx/tmp-kmod-pppox/etc/modules.d; echo "$mod" >> /media/Chaos_Calmer15.05.1/openwrt/staging_dir/target-mips_34kc_uClibc-0.9.33.2/root-ar71xx/tmp-kmod-pppox/etc/modules.d/pppox; done; if [ -e /media/Chaos_Calmer15.05.1/openwrt/staging_dir/target-mips_34kc_uClibc-0.9.33.2/root-ar71xx/tmp-kmod-pppox/etc/modules.d/pppox ]; then if [ "$boot" = "1" ]; then mkdir -p /media/Chaos_Calmer15.05.1/openwrt/staging_dir/target-mips_34kc_uClibc-0.9.33.2/root-ar71xx/tmp-kmod-pppox/etc/modules-boot.d; ln -s ../modules.d/pppox /media/Chaos_Calmer15.05.1/openwrt/staging_dir/target-mips_34kc_uClibc-0.9.33.2/root-ar71xx/tmp-kmod-pppox/etc/modules-boot.d/; fi; modules="${modules:+$modules }$mods"; fi; }; add_module() { priority="$1"; mods="$2"; boot="$3"; shift 3; for mod in $mods; do mkdir -p /media/Chaos_Calmer15.05.1/openwrt/staging_dir/target-mips_34kc_uClibc-0.9.33.2/root-ar71xx/tmp-kmod-pppox/etc/modules.d; echo "$mod" >> /media/Chaos_Calmer15.05.1/openwrt/staging_dir/target-mips_34kc_uClibc-0.9.33.2/root-ar71xx/tmp-kmod-pppox/etc/modules.d/$priority-pppox; done; if [ -e /media/Chaos_Calmer15.05.1/openwrt/staging_dir/target-mips_34kc_uClibc-0.9.33.2/root-ar71xx/tmp-kmod-pppox/etc/modules.d/$priority-pppox ]; then if [ "$boot" = "1" ]; then mkdir -p /media/Chaos_Calmer15.05.1/openwrt/staging_dir/target-mips_34kc_uClibc-0.9.33.2/root-ar71xx/tmp-kmod-pppox/etc/modules-boot.d; ln -s ../modules.d/$priority-pppox /media/Chaos_Calmer15.05.1/openwrt/staging_dir/target-mips_34kc_uClibc-0.9.33.2/root-ar71xx/tmp-kmod-pppox/etc/modules-boot.d/; fi; modules="${modules:+$modules }$priority-pppox"; fi; };  if [ -n "$modules" ]; then mkdir -p /media/Chaos_Calmer15.05.1/openwrt/staging_dir/target-mips_34kc_uClibc-0.9.33.2/root-ar71xx/tmp-kmod-pppox/etc/modules.d; mkdir -p /media/Chaos_Calmer15.05.1/openwrt/staging_dir/target-mips_34kc_uClibc-0.9.33.2/root-ar71xx/tmp-kmod-pppox/CONTROL; echo "#!/bin/sh" > /media/Chaos_Calmer15.05.1/openwrt/staging_dir/target-mips_34kc_uClibc-0.9.33.2/root-ar71xx/tmp-kmod-pppox/CONTROL/postinst-pkg; echo "[ -z \"\$IPKG_INSTROOT\" ] || exit 0" >> /media/Chaos_Calmer15.05.1/openwrt/staging_dir/target-mips_34kc_uClibc-0.9.33.2/root-ar71xx/tmp-kmod-pppox/CONTROL/postinst-pkg; echo ". /lib/functions.sh" >> /media/Chaos_Calmer15.05.1/openwrt/staging_dir/target-mips_34kc_uClibc-0.9.33.2/root-ar71xx/tmp-kmod-pppox/CONTROL/postinst-pkg; echo "insert_modules $modules" >> /media/Chaos_Calmer15.05.1/openwrt/staging_dir/target-mips_34kc_uClibc-0.9.33.2/root-ar71xx/tmp-kmod-pppox/CONTROL/postinst-pkg; chmod 0755 /media/Chaos_Calmer15.05.1/openwrt/staging_dir/target-mips_34kc_uClibc-0.9.33.2/root-ar71xx/tmp-kmod-pppox/CONTROL/postinst-pkg; fi
SHELL= /media/Chaos_Calmer15.05.1/openwrt/staging_dir/host/bin/flock /media/Chaos_Calmer15.05.1/openwrt/tmp/.root-copy.flock -c 'cp -fpR /media/Chaos_Calmer15.05.1/openwrt/staging_dir/target-mips_34kc_uClibc-0.9.33.2/root-ar71xx/tmp-kmod-pppox/. /media/Chaos_Calmer15.05.1/openwrt/staging_dir/target-mips_34kc_uClibc-0.9.33.2/root-ar71xx/'
rm -rf /media/Chaos_Calmer15.05.1/openwrt/staging_dir/target-mips_34kc_uClibc-0.9.33.2/root-ar71xx/tmp-kmod-pppox
touch /media/Chaos_Calmer15.05.1/openwrt/staging_dir/target-mips_34kc_uClibc-0.9.33.2/root-ar71xx/stamp/.kmod-pppox_installed
if [ -f /media/Chaos_Calmer15.05.1/openwrt/staging_dir/target-mips_34kc_uClibc-0.9.33.2/pkginfo/linux.default.install.clean ]; then rm -f /media/Chaos_Calmer15.05.1/openwrt/staging_dir/target-mips_34kc_uClibc-0.9.33.2/pkginfo/linux.default.install /media/Chaos_Calmer15.05.1/openwrt/staging_dir/target-mips_34kc_uClibc-0.9.33.2/pkginfo/linux.default.install.clean; fi; echo "kmod-pppox" >> /media/Chaos_Calmer15.05.1/openwrt/staging_dir/target-mips_34kc_uClibc-0.9.33.2/pkginfo/linux.default.install
rm -rf /media/Chaos_Calmer15.05.1/openwrt/staging_dir/target-mips_34kc_uClibc-0.9.33.2/root-ar71xx/tmp-kmod-pppoe
mkdir -p /media/Chaos_Calmer15.05.1/openwrt/staging_dir/target-mips_34kc_uClibc-0.9.33.2/root-ar71xx/stamp /media/Chaos_Calmer15.05.1/openwrt/staging_dir/target-mips_34kc_uClibc-0.9.33.2/root-ar71xx/tmp-kmod-pppoe
. /media/Chaos_Calmer15.05.1/openwrt/include/shell.sh; export modules=; probe_module() { mods="$1"; boot="$2"; shift 2; for mod in $mods; do mkdir -p /media/Chaos_Calmer15.05.1/openwrt/staging_dir/target-mips_34kc_uClibc-0.9.33.2/root-ar71xx/tmp-kmod-pppoe/etc/modules.d; echo "$mod" >> /media/Chaos_Calmer15.05.1/openwrt/staging_dir/target-mips_34kc_uClibc-0.9.33.2/root-ar71xx/tmp-kmod-pppoe/etc/modules.d/pppoe; done; if [ -e /media/Chaos_Calmer15.05.1/openwrt/staging_dir/target-mips_34kc_uClibc-0.9.33.2/root-ar71xx/tmp-kmod-pppoe/etc/modules.d/pppoe ]; then if [ "$boot" = "1" ]; then mkdir -p /media/Chaos_Calmer15.05.1/openwrt/staging_dir/target-mips_34kc_uClibc-0.9.33.2/root-ar71xx/tmp-kmod-pppoe/etc/modules-boot.d; ln -s ../modules.d/pppoe /media/Chaos_Calmer15.05.1/openwrt/staging_dir/target-mips_34kc_uClibc-0.9.33.2/root-ar71xx/tmp-kmod-pppoe/etc/modules-boot.d/; fi; modules="${modules:+$modules }$mods"; fi; }; add_module() { priority="$1"; mods="$2"; boot="$3"; shift 3; for mod in $mods; do mkdir -p /media/Chaos_Calmer15.05.1/openwrt/staging_dir/target-mips_34kc_uClibc-0.9.33.2/root-ar71xx/tmp-kmod-pppoe/etc/modules.d; echo "$mod" >> /media/Chaos_Calmer15.05.1/openwrt/staging_dir/target-mips_34kc_uClibc-0.9.33.2/root-ar71xx/tmp-kmod-pppoe/etc/modules.d/$priority-pppoe; done; if [ -e /media/Chaos_Calmer15.05.1/openwrt/staging_dir/target-mips_34kc_uClibc-0.9.33.2/root-ar71xx/tmp-kmod-pppoe/etc/modules.d/$priority-pppoe ]; then if [ "$boot" = "1" ]; then mkdir -p /media/Chaos_Calmer15.05.1/openwrt/staging_dir/target-mips_34kc_uClibc-0.9.33.2/root-ar71xx/tmp-kmod-pppoe/etc/modules-boot.d; ln -s ../modules.d/$priority-pppoe /media/Chaos_Calmer15.05.1/openwrt/staging_dir/target-mips_34kc_uClibc-0.9.33.2/root-ar71xx/tmp-kmod-pppoe/etc/modules-boot.d/; fi; modules="${modules:+$modules }$priority-pppoe"; fi; }; probe_module "pppoe" ""; if [ -n "$modules" ]; then mkdir -p /media/Chaos_Calmer15.05.1/openwrt/staging_dir/target-mips_34kc_uClibc-0.9.33.2/root-ar71xx/tmp-kmod-pppoe/etc/modules.d; mkdir -p /media/Chaos_Calmer15.05.1/openwrt/staging_dir/target-mips_34kc_uClibc-0.9.33.2/root-ar71xx/tmp-kmod-pppoe/CONTROL; echo "#!/bin/sh" > /media/Chaos_Calmer15.05.1/openwrt/staging_dir/target-mips_34kc_uClibc-0.9.33.2/root-ar71xx/tmp-kmod-pppoe/CONTROL/postinst-pkg; echo "[ -z \"\$IPKG_INSTROOT\" ] || exit 0" >> /media/Chaos_Calmer15.05.1/openwrt/staging_dir/target-mips_34kc_uClibc-0.9.33.2/root-ar71xx/tmp-kmod-pppoe/CONTROL/postinst-pkg; echo ". /lib/functions.sh" >> /media/Chaos_Calmer15.05.1/openwrt/staging_dir/target-mips_34kc_uClibc-0.9.33.2/root-ar71xx/tmp-kmod-pppoe/CONTROL/postinst-pkg; echo "insert_modules $modules" >> /media/Chaos_Calmer15.05.1/openwrt/staging_dir/target-mips_34kc_uClibc-0.9.33.2/root-ar71xx/tmp-kmod-pppoe/CONTROL/postinst-pkg; chmod 0755 /media/Chaos_Calmer15.05.1/openwrt/staging_dir/target-mips_34kc_uClibc-0.9.33.2/root-ar71xx/tmp-kmod-pppoe/CONTROL/postinst-pkg; fi
SHELL= /media/Chaos_Calmer15.05.1/openwrt/staging_dir/host/bin/flock /media/Chaos_Calmer15.05.1/openwrt/tmp/.root-copy.flock -c 'cp -fpR /media/Chaos_Calmer15.05.1/openwrt/staging_dir/target-mips_34kc_uClibc-0.9.33.2/root-ar71xx/tmp-kmod-pppoe/. /media/Chaos_Calmer15.05.1/openwrt/staging_dir/target-mips_34kc_uClibc-0.9.33.2/root-ar71xx/'
rm -rf /media/Chaos_Calmer15.05.1/openwrt/staging_dir/target-mips_34kc_uClibc-0.9.33.2/root-ar71xx/tmp-kmod-pppoe
touch /media/Chaos_Calmer15.05.1/openwrt/staging_dir/target-mips_34kc_uClibc-0.9.33.2/root-ar71xx/stamp/.kmod-pppoe_installed
if [ -f /media/Chaos_Calmer15.05.1/openwrt/staging_dir/target-mips_34kc_uClibc-0.9.33.2/pkginfo/linux.default.install.clean ]; then rm -f /media/Chaos_Calmer15.05.1/openwrt/staging_dir/target-mips_34kc_uClibc-0.9.33.2/pkginfo/linux.default.install /media/Chaos_Calmer15.05.1/openwrt/staging_dir/target-mips_34kc_uClibc-0.9.33.2/pkginfo/linux.default.install.clean; fi; echo "kmod-pppoe" >> /media/Chaos_Calmer15.05.1/openwrt/staging_dir/target-mips_34kc_uClibc-0.9.33.2/pkginfo/linux.default.install
rm -rf /media/Chaos_Calmer15.05.1/openwrt/staging_dir/target-mips_34kc_uClibc-0.9.33.2/root-ar71xx/tmp-kmod-nls-base
mkdir -p /media/Chaos_Calmer15.05.1/openwrt/staging_dir/target-mips_34kc_uClibc-0.9.33.2/root-ar71xx/stamp /media/Chaos_Calmer15.05.1/openwrt/staging_dir/target-mips_34kc_uClibc-0.9.33.2/root-ar71xx/tmp-kmod-nls-base
. /media/Chaos_Calmer15.05.1/openwrt/include/shell.sh; export modules=; probe_module() { mods="$1"; boot="$2"; shift 2; for mod in $mods; do mkdir -p /media/Chaos_Calmer15.05.1/openwrt/staging_dir/target-mips_34kc_uClibc-0.9.33.2/root-ar71xx/tmp-kmod-nls-base/etc/modules.d; echo "$mod" >> /media/Chaos_Calmer15.05.1/openwrt/staging_dir/target-mips_34kc_uClibc-0.9.33.2/root-ar71xx/tmp-kmod-nls-base/etc/modules.d/nls-base; done; if [ -e /media/Chaos_Calmer15.05.1/openwrt/staging_dir/target-mips_34kc_uClibc-0.9.33.2/root-ar71xx/tmp-kmod-nls-base/etc/modules.d/nls-base ]; then if [ "$boot" = "1" ]; then mkdir -p /media/Chaos_Calmer15.05.1/openwrt/staging_dir/target-mips_34kc_uClibc-0.9.33.2/root-ar71xx/tmp-kmod-nls-base/etc/modules-boot.d; ln -s ../modules.d/nls-base /media/Chaos_Calmer15.05.1/openwrt/staging_dir/target-mips_34kc_uClibc-0.9.33.2/root-ar71xx/tmp-kmod-nls-base/etc/modules-boot.d/; fi; modules="${modules:+$modules }$mods"; fi; }; add_module() { priority="$1"; mods="$2"; boot="$3"; shift 3; for mod in $mods; do mkdir -p /media/Chaos_Calmer15.05.1/openwrt/staging_dir/target-mips_34kc_uClibc-0.9.33.2/root-ar71xx/tmp-kmod-nls-base/etc/modules.d; echo "$mod" >> /media/Chaos_Calmer15.05.1/openwrt/staging_dir/target-mips_34kc_uClibc-0.9.33.2/root-ar71xx/tmp-kmod-nls-base/etc/modules.d/$priority-nls-base; done; if [ -e /media/Chaos_Calmer15.05.1/openwrt/staging_dir/target-mips_34kc_uClibc-0.9.33.2/root-ar71xx/tmp-kmod-nls-base/etc/modules.d/$priority-nls-base ]; then if [ "$boot" = "1" ]; then mkdir -p /media/Chaos_Calmer15.05.1/openwrt/staging_dir/target-mips_34kc_uClibc-0.9.33.2/root-ar71xx/tmp-kmod-nls-base/etc/modules-boot.d; ln -s ../modules.d/$priority-nls-base /media/Chaos_Calmer15.05.1/openwrt/staging_dir/target-mips_34kc_uClibc-0.9.33.2/root-ar71xx/tmp-kmod-nls-base/etc/modules-boot.d/; fi; modules="${modules:+$modules }$priority-nls-base"; fi; };  if [ -n "$modules" ]; then mkdir -p /media/Chaos_Calmer15.05.1/openwrt/staging_dir/target-mips_34kc_uClibc-0.9.33.2/root-ar71xx/tmp-kmod-nls-base/etc/modules.d; mkdir -p /media/Chaos_Calmer15.05.1/openwrt/staging_dir/target-mips_34kc_uClibc-0.9.33.2/root-ar71xx/tmp-kmod-nls-base/CONTROL; echo "#!/bin/sh" > /media/Chaos_Calmer15.05.1/openwrt/staging_dir/target-mips_34kc_uClibc-0.9.33.2/root-ar71xx/tmp-kmod-nls-base/CONTROL/postinst-pkg; echo "[ -z \"\$IPKG_INSTROOT\" ] || exit 0" >> /media/Chaos_Calmer15.05.1/openwrt/staging_dir/target-mips_34kc_uClibc-0.9.33.2/root-ar71xx/tmp-kmod-nls-base/CONTROL/postinst-pkg; echo ". /lib/functions.sh" >> /media/Chaos_Calmer15.05.1/openwrt/staging_dir/target-mips_34kc_uClibc-0.9.33.2/root-ar71xx/tmp-kmod-nls-base/CONTROL/postinst-pkg; echo "insert_modules $modules" >> /media/Chaos_Calmer15.05.1/openwrt/staging_dir/target-mips_34kc_uClibc-0.9.33.2/root-ar71xx/tmp-kmod-nls-base/CONTROL/postinst-pkg; chmod 0755 /media/Chaos_Calmer15.05.1/openwrt/staging_dir/target-mips_34kc_uClibc-0.9.33.2/root-ar71xx/tmp-kmod-nls-base/CONTROL/postinst-pkg; fi
SHELL= /media/Chaos_Calmer15.05.1/openwrt/staging_dir/host/bin/flock /media/Chaos_Calmer15.05.1/openwrt/tmp/.root-copy.flock -c 'cp -fpR /media/Chaos_Calmer15.05.1/openwrt/staging_dir/target-mips_34kc_uClibc-0.9.33.2/root-ar71xx/tmp-kmod-nls-base/. /media/Chaos_Calmer15.05.1/openwrt/staging_dir/target-mips_34kc_uClibc-0.9.33.2/root-ar71xx/'
rm -rf /media/Chaos_Calmer15.05.1/openwrt/staging_dir/target-mips_34kc_uClibc-0.9.33.2/root-ar71xx/tmp-kmod-nls-base
touch /media/Chaos_Calmer15.05.1/openwrt/staging_dir/target-mips_34kc_uClibc-0.9.33.2/root-ar71xx/stamp/.kmod-nls-base_installed
if [ -f /media/Chaos_Calmer15.05.1/openwrt/staging_dir/target-mips_34kc_uClibc-0.9.33.2/pkginfo/linux.default.install.clean ]; then rm -f /media/Chaos_Calmer15.05.1/openwrt/staging_dir/target-mips_34kc_uClibc-0.9.33.2/pkginfo/linux.default.install /media/Chaos_Calmer15.05.1/openwrt/staging_dir/target-mips_34kc_uClibc-0.9.33.2/pkginfo/linux.default.install.clean; fi; echo "kmod-nls-base" >> /media/Chaos_Calmer15.05.1/openwrt/staging_dir/target-mips_34kc_uClibc-0.9.33.2/pkginfo/linux.default.install
rm -rf /media/Chaos_Calmer15.05.1/openwrt/staging_dir/target-mips_34kc_uClibc-0.9.33.2/root-ar71xx/tmp-kmod-usb-core
mkdir -p /media/Chaos_Calmer15.05.1/openwrt/staging_dir/target-mips_34kc_uClibc-0.9.33.2/root-ar71xx/stamp /media/Chaos_Calmer15.05.1/openwrt/staging_dir/target-mips_34kc_uClibc-0.9.33.2/root-ar71xx/tmp-kmod-usb-core
. /media/Chaos_Calmer15.05.1/openwrt/include/shell.sh; export modules=; probe_module() { mods="$1"; boot="$2"; shift 2; for mod in $mods; do mkdir -p /media/Chaos_Calmer15.05.1/openwrt/staging_dir/target-mips_34kc_uClibc-0.9.33.2/root-ar71xx/tmp-kmod-usb-core/etc/modules.d; echo "$mod" >> /media/Chaos_Calmer15.05.1/openwrt/staging_dir/target-mips_34kc_uClibc-0.9.33.2/root-ar71xx/tmp-kmod-usb-core/etc/modules.d/usb-core; done; if [ -e /media/Chaos_Calmer15.05.1/openwrt/staging_dir/target-mips_34kc_uClibc-0.9.33.2/root-ar71xx/tmp-kmod-usb-core/etc/modules.d/usb-core ]; then if [ "$boot" = "1" ]; then mkdir -p /media/Chaos_Calmer15.05.1/openwrt/staging_dir/target-mips_34kc_uClibc-0.9.33.2/root-ar71xx/tmp-kmod-usb-core/etc/modules-boot.d; ln -s ../modules.d/usb-core /media/Chaos_Calmer15.05.1/openwrt/staging_dir/target-mips_34kc_uClibc-0.9.33.2/root-ar71xx/tmp-kmod-usb-core/etc/modules-boot.d/; fi; modules="${modules:+$modules }$mods"; fi; }; add_module() { priority="$1"; mods="$2"; boot="$3"; shift 3; for mod in $mods; do mkdir -p /media/Chaos_Calmer15.05.1/openwrt/staging_dir/target-mips_34kc_uClibc-0.9.33.2/root-ar71xx/tmp-kmod-usb-core/etc/modules.d; echo "$mod" >> /media/Chaos_Calmer15.05.1/openwrt/staging_dir/target-mips_34kc_uClibc-0.9.33.2/root-ar71xx/tmp-kmod-usb-core/etc/modules.d/$priority-usb-core; done; if [ -e /media/Chaos_Calmer15.05.1/openwrt/staging_dir/target-mips_34kc_uClibc-0.9.33.2/root-ar71xx/tmp-kmod-usb-core/etc/modules.d/$priority-usb-core ]; then if [ "$boot" = "1" ]; then mkdir -p /media/Chaos_Calmer15.05.1/openwrt/staging_dir/target-mips_34kc_uClibc-0.9.33.2/root-ar71xx/tmp-kmod-usb-core/etc/modules-boot.d; ln -s ../modules.d/$priority-usb-core /media/Chaos_Calmer15.05.1/openwrt/staging_dir/target-mips_34kc_uClibc-0.9.33.2/root-ar71xx/tmp-kmod-usb-core/etc/modules-boot.d/; fi; modules="${modules:+$modules }$priority-usb-core"; fi; }; add_module "20" "usb-common usbcore" "1"; if [ -n "$modules" ]; then mkdir -p /media/Chaos_Calmer15.05.1/openwrt/staging_dir/target-mips_34kc_uClibc-0.9.33.2/root-ar71xx/tmp-kmod-usb-core/etc/modules.d; mkdir -p /media/Chaos_Calmer15.05.1/openwrt/staging_dir/target-mips_34kc_uClibc-0.9.33.2/root-ar71xx/tmp-kmod-usb-core/CONTROL; echo "#!/bin/sh" > /media/Chaos_Calmer15.05.1/openwrt/staging_dir/target-mips_34kc_uClibc-0.9.33.2/root-ar71xx/tmp-kmod-usb-core/CONTROL/postinst-pkg; echo "[ -z \"\$IPKG_INSTROOT\" ] || exit 0" >> /media/Chaos_Calmer15.05.1/openwrt/staging_dir/target-mips_34kc_uClibc-0.9.33.2/root-ar71xx/tmp-kmod-usb-core/CONTROL/postinst-pkg; echo ". /lib/functions.sh" >> /media/Chaos_Calmer15.05.1/openwrt/staging_dir/target-mips_34kc_uClibc-0.9.33.2/root-ar71xx/tmp-kmod-usb-core/CONTROL/postinst-pkg; echo "insert_modules $modules" >> /media/Chaos_Calmer15.05.1/openwrt/staging_dir/target-mips_34kc_uClibc-0.9.33.2/root-ar71xx/tmp-kmod-usb-core/CONTROL/postinst-pkg; chmod 0755 /media/Chaos_Calmer15.05.1/openwrt/staging_dir/target-mips_34kc_uClibc-0.9.33.2/root-ar71xx/tmp-kmod-usb-core/CONTROL/postinst-pkg; fi
SHELL= /media/Chaos_Calmer15.05.1/openwrt/staging_dir/host/bin/flock /media/Chaos_Calmer15.05.1/openwrt/tmp/.root-copy.flock -c 'cp -fpR /media/Chaos_Calmer15.05.1/openwrt/staging_dir/target-mips_34kc_uClibc-0.9.33.2/root-ar71xx/tmp-kmod-usb-core/. /media/Chaos_Calmer15.05.1/openwrt/staging_dir/target-mips_34kc_uClibc-0.9.33.2/root-ar71xx/'
rm -rf /media/Chaos_Calmer15.05.1/openwrt/staging_dir/target-mips_34kc_uClibc-0.9.33.2/root-ar71xx/tmp-kmod-usb-core
touch /media/Chaos_Calmer15.05.1/openwrt/staging_dir/target-mips_34kc_uClibc-0.9.33.2/root-ar71xx/stamp/.kmod-usb-core_installed
if [ -f /media/Chaos_Calmer15.05.1/openwrt/staging_dir/target-mips_34kc_uClibc-0.9.33.2/pkginfo/linux.default.install.clean ]; then rm -f /media/Chaos_Calmer15.05.1/openwrt/staging_dir/target-mips_34kc_uClibc-0.9.33.2/pkginfo/linux.default.install /media/Chaos_Calmer15.05.1/openwrt/staging_dir/target-mips_34kc_uClibc-0.9.33.2/pkginfo/linux.default.install.clean; fi; echo "kmod-usb-core" >> /media/Chaos_Calmer15.05.1/openwrt/staging_dir/target-mips_34kc_uClibc-0.9.33.2/pkginfo/linux.default.install
rm -rf /media/Chaos_Calmer15.05.1/openwrt/staging_dir/target-mips_34kc_uClibc-0.9.33.2/root-ar71xx/tmp-kmod-usb-ohci
mkdir -p /media/Chaos_Calmer15.05.1/openwrt/staging_dir/target-mips_34kc_uClibc-0.9.33.2/root-ar71xx/stamp /media/Chaos_Calmer15.05.1/openwrt/staging_dir/target-mips_34kc_uClibc-0.9.33.2/root-ar71xx/tmp-kmod-usb-ohci
. /media/Chaos_Calmer15.05.1/openwrt/include/shell.sh; export modules=; probe_module() { mods="$1"; boot="$2"; shift 2; for mod in $mods; do mkdir -p /media/Chaos_Calmer15.05.1/openwrt/staging_dir/target-mips_34kc_uClibc-0.9.33.2/root-ar71xx/tmp-kmod-usb-ohci/etc/modules.d; echo "$mod" >> /media/Chaos_Calmer15.05.1/openwrt/staging_dir/target-mips_34kc_uClibc-0.9.33.2/root-ar71xx/tmp-kmod-usb-ohci/etc/modules.d/usb-ohci; done; if [ -e /media/Chaos_Calmer15.05.1/openwrt/staging_dir/target-mips_34kc_uClibc-0.9.33.2/root-ar71xx/tmp-kmod-usb-ohci/etc/modules.d/usb-ohci ]; then if [ "$boot" = "1" ]; then mkdir -p /media/Chaos_Calmer15.05.1/openwrt/staging_dir/target-mips_34kc_uClibc-0.9.33.2/root-ar71xx/tmp-kmod-usb-ohci/etc/modules-boot.d; ln -s ../modules.d/usb-ohci /media/Chaos_Calmer15.05.1/openwrt/staging_dir/target-mips_34kc_uClibc-0.9.33.2/root-ar71xx/tmp-kmod-usb-ohci/etc/modules-boot.d/; fi; modules="${modules:+$modules }$mods"; fi; }; add_module() { priority="$1"; mods="$2"; boot="$3"; shift 3; for mod in $mods; do mkdir -p /media/Chaos_Calmer15.05.1/openwrt/staging_dir/target-mips_34kc_uClibc-0.9.33.2/root-ar71xx/tmp-kmod-usb-ohci/etc/modules.d; echo "$mod" >> /media/Chaos_Calmer15.05.1/openwrt/staging_dir/target-mips_34kc_uClibc-0.9.33.2/root-ar71xx/tmp-kmod-usb-ohci/etc/modules.d/$priority-usb-ohci; done; if [ -e /media/Chaos_Calmer15.05.1/openwrt/staging_dir/target-mips_34kc_uClibc-0.9.33.2/root-ar71xx/tmp-kmod-usb-ohci/etc/modules.d/$priority-usb-ohci ]; then if [ "$boot" = "1" ]; then mkdir -p /media/Chaos_Calmer15.05.1/openwrt/staging_dir/target-mips_34kc_uClibc-0.9.33.2/root-ar71xx/tmp-kmod-usb-ohci/etc/modules-boot.d; ln -s ../modules.d/$priority-usb-ohci /media/Chaos_Calmer15.05.1/openwrt/staging_dir/target-mips_34kc_uClibc-0.9.33.2/root-ar71xx/tmp-kmod-usb-ohci/etc/modules-boot.d/; fi; modules="${modules:+$modules }$priority-usb-ohci"; fi; }; add_module "50" "ohci-hcd ohci-platform ohci-at91" "1"; if [ -n "$modules" ]; then mkdir -p /media/Chaos_Calmer15.05.1/openwrt/staging_dir/target-mips_34kc_uClibc-0.9.33.2/root-ar71xx/tmp-kmod-usb-ohci/etc/modules.d; mkdir -p /media/Chaos_Calmer15.05.1/openwrt/staging_dir/target-mips_34kc_uClibc-0.9.33.2/root-ar71xx/tmp-kmod-usb-ohci/CONTROL; echo "#!/bin/sh" > /media/Chaos_Calmer15.05.1/openwrt/staging_dir/target-mips_34kc_uClibc-0.9.33.2/root-ar71xx/tmp-kmod-usb-ohci/CONTROL/postinst-pkg; echo "[ -z \"\$IPKG_INSTROOT\" ] || exit 0" >> /media/Chaos_Calmer15.05.1/openwrt/staging_dir/target-mips_34kc_uClibc-0.9.33.2/root-ar71xx/tmp-kmod-usb-ohci/CONTROL/postinst-pkg; echo ". /lib/functions.sh" >> /media/Chaos_Calmer15.05.1/openwrt/staging_dir/target-mips_34kc_uClibc-0.9.33.2/root-ar71xx/tmp-kmod-usb-ohci/CONTROL/postinst-pkg; echo "insert_modules $modules" >> /media/Chaos_Calmer15.05.1/openwrt/staging_dir/target-mips_34kc_uClibc-0.9.33.2/root-ar71xx/tmp-kmod-usb-ohci/CONTROL/postinst-pkg; chmod 0755 /media/Chaos_Calmer15.05.1/openwrt/staging_dir/target-mips_34kc_uClibc-0.9.33.2/root-ar71xx/tmp-kmod-usb-ohci/CONTROL/postinst-pkg; fi
SHELL= /media/Chaos_Calmer15.05.1/openwrt/staging_dir/host/bin/flock /media/Chaos_Calmer15.05.1/openwrt/tmp/.root-copy.flock -c 'cp -fpR /media/Chaos_Calmer15.05.1/openwrt/staging_dir/target-mips_34kc_uClibc-0.9.33.2/root-ar71xx/tmp-kmod-usb-ohci/. /media/Chaos_Calmer15.05.1/openwrt/staging_dir/target-mips_34kc_uClibc-0.9.33.2/root-ar71xx/'
rm -rf /media/Chaos_Calmer15.05.1/openwrt/staging_dir/target-mips_34kc_uClibc-0.9.33.2/root-ar71xx/tmp-kmod-usb-ohci
touch /media/Chaos_Calmer15.05.1/openwrt/staging_dir/target-mips_34kc_uClibc-0.9.33.2/root-ar71xx/stamp/.kmod-usb-ohci_installed
if [ -f /media/Chaos_Calmer15.05.1/openwrt/staging_dir/target-mips_34kc_uClibc-0.9.33.2/pkginfo/linux.default.install.clean ]; then rm -f /media/Chaos_Calmer15.05.1/openwrt/staging_dir/target-mips_34kc_uClibc-0.9.33.2/pkginfo/linux.default.install /media/Chaos_Calmer15.05.1/openwrt/staging_dir/target-mips_34kc_uClibc-0.9.33.2/pkginfo/linux.default.install.clean; fi; echo "kmod-usb-ohci" >> /media/Chaos_Calmer15.05.1/openwrt/staging_dir/target-mips_34kc_uClibc-0.9.33.2/pkginfo/linux.default.install
rm -rf /media/Chaos_Calmer15.05.1/openwrt/staging_dir/target-mips_34kc_uClibc-0.9.33.2/root-ar71xx/tmp-kmod-usb-ohci-pci
mkdir -p /media/Chaos_Calmer15.05.1/openwrt/staging_dir/target-mips_34kc_uClibc-0.9.33.2/root-ar71xx/stamp /media/Chaos_Calmer15.05.1/openwrt/staging_dir/target-mips_34kc_uClibc-0.9.33.2/root-ar71xx/tmp-kmod-usb-ohci-pci
. /media/Chaos_Calmer15.05.1/openwrt/include/shell.sh; export modules=; probe_module() { mods="$1"; boot="$2"; shift 2; for mod in $mods; do mkdir -p /media/Chaos_Calmer15.05.1/openwrt/staging_dir/target-mips_34kc_uClibc-0.9.33.2/root-ar71xx/tmp-kmod-usb-ohci-pci/etc/modules.d; echo "$mod" >> /media/Chaos_Calmer15.05.1/openwrt/staging_dir/target-mips_34kc_uClibc-0.9.33.2/root-ar71xx/tmp-kmod-usb-ohci-pci/etc/modules.d/usb-ohci-pci; done; if [ -e /media/Chaos_Calmer15.05.1/openwrt/staging_dir/target-mips_34kc_uClibc-0.9.33.2/root-ar71xx/tmp-kmod-usb-ohci-pci/etc/modules.d/usb-ohci-pci ]; then if [ "$boot" = "1" ]; then mkdir -p /media/Chaos_Calmer15.05.1/openwrt/staging_dir/target-mips_34kc_uClibc-0.9.33.2/root-ar71xx/tmp-kmod-usb-ohci-pci/etc/modules-boot.d; ln -s ../modules.d/usb-ohci-pci /media/Chaos_Calmer15.05.1/openwrt/staging_dir/target-mips_34kc_uClibc-0.9.33.2/root-ar71xx/tmp-kmod-usb-ohci-pci/etc/modules-boot.d/; fi; modules="${modules:+$modules }$mods"; fi; }; add_module() { priority="$1"; mods="$2"; boot="$3"; shift 3; for mod in $mods; do mkdir -p /media/Chaos_Calmer15.05.1/openwrt/staging_dir/target-mips_34kc_uClibc-0.9.33.2/root-ar71xx/tmp-kmod-usb-ohci-pci/etc/modules.d; echo "$mod" >> /media/Chaos_Calmer15.05.1/openwrt/staging_dir/target-mips_34kc_uClibc-0.9.33.2/root-ar71xx/tmp-kmod-usb-ohci-pci/etc/modules.d/$priority-usb-ohci-pci; done; if [ -e /media/Chaos_Calmer15.05.1/openwrt/staging_dir/target-mips_34kc_uClibc-0.9.33.2/root-ar71xx/tmp-kmod-usb-ohci-pci/etc/modules.d/$priority-usb-ohci-pci ]; then if [ "$boot" = "1" ]; then mkdir -p /media/Chaos_Calmer15.05.1/openwrt/staging_dir/target-mips_34kc_uClibc-0.9.33.2/root-ar71xx/tmp-kmod-usb-ohci-pci/etc/modules-boot.d; ln -s ../modules.d/$priority-usb-ohci-pci /media/Chaos_Calmer15.05.1/openwrt/staging_dir/target-mips_34kc_uClibc-0.9.33.2/root-ar71xx/tmp-kmod-usb-ohci-pci/etc/modules-boot.d/; fi; modules="${modules:+$modules }$priority-usb-ohci-pci"; fi; }; add_module "51" "ohci-pci" "1"; if [ -n "$modules" ]; then mkdir -p /media/Chaos_Calmer15.05.1/openwrt/staging_dir/target-mips_34kc_uClibc-0.9.33.2/root-ar71xx/tmp-kmod-usb-ohci-pci/etc/modules.d; mkdir -p /media/Chaos_Calmer15.05.1/openwrt/staging_dir/target-mips_34kc_uClibc-0.9.33.2/root-ar71xx/tmp-kmod-usb-ohci-pci/CONTROL; echo "#!/bin/sh" > /media/Chaos_Calmer15.05.1/openwrt/staging_dir/target-mips_34kc_uClibc-0.9.33.2/root-ar71xx/tmp-kmod-usb-ohci-pci/CONTROL/postinst-pkg; echo "[ -z \"\$IPKG_INSTROOT\" ] || exit 0" >> /media/Chaos_Calmer15.05.1/openwrt/staging_dir/target-mips_34kc_uClibc-0.9.33.2/root-ar71xx/tmp-kmod-usb-ohci-pci/CONTROL/postinst-pkg; echo ". /lib/functions.sh" >> /media/Chaos_Calmer15.05.1/openwrt/staging_dir/target-mips_34kc_uClibc-0.9.33.2/root-ar71xx/tmp-kmod-usb-ohci-pci/CONTROL/postinst-pkg; echo "insert_modules $modules" >> /media/Chaos_Calmer15.05.1/openwrt/staging_dir/target-mips_34kc_uClibc-0.9.33.2/root-ar71xx/tmp-kmod-usb-ohci-pci/CONTROL/postinst-pkg; chmod 0755 /media/Chaos_Calmer15.05.1/openwrt/staging_dir/target-mips_34kc_uClibc-0.9.33.2/root-ar71xx/tmp-kmod-usb-ohci-pci/CONTROL/postinst-pkg; fi
SHELL= /media/Chaos_Calmer15.05.1/openwrt/staging_dir/host/bin/flock /media/Chaos_Calmer15.05.1/openwrt/tmp/.root-copy.flock -c 'cp -fpR /media/Chaos_Calmer15.05.1/openwrt/staging_dir/target-mips_34kc_uClibc-0.9.33.2/root-ar71xx/tmp-kmod-usb-ohci-pci/. /media/Chaos_Calmer15.05.1/openwrt/staging_dir/target-mips_34kc_uClibc-0.9.33.2/root-ar71xx/'
rm -rf /media/Chaos_Calmer15.05.1/openwrt/staging_dir/target-mips_34kc_uClibc-0.9.33.2/root-ar71xx/tmp-kmod-usb-ohci-pci
touch /media/Chaos_Calmer15.05.1/openwrt/staging_dir/target-mips_34kc_uClibc-0.9.33.2/root-ar71xx/stamp/.kmod-usb-ohci-pci_installed
if [ -f /media/Chaos_Calmer15.05.1/openwrt/staging_dir/target-mips_34kc_uClibc-0.9.33.2/pkginfo/linux.default.install.clean ]; then rm -f /media/Chaos_Calmer15.05.1/openwrt/staging_dir/target-mips_34kc_uClibc-0.9.33.2/pkginfo/linux.default.install /media/Chaos_Calmer15.05.1/openwrt/staging_dir/target-mips_34kc_uClibc-0.9.33.2/pkginfo/linux.default.install.clean; fi; echo "kmod-usb-ohci-pci" >> /media/Chaos_Calmer15.05.1/openwrt/staging_dir/target-mips_34kc_uClibc-0.9.33.2/pkginfo/linux.default.install
rm -rf /media/Chaos_Calmer15.05.1/openwrt/staging_dir/target-mips_34kc_uClibc-0.9.33.2/root-ar71xx/tmp-kmod-usb2
mkdir -p /media/Chaos_Calmer15.05.1/openwrt/staging_dir/target-mips_34kc_uClibc-0.9.33.2/root-ar71xx/stamp /media/Chaos_Calmer15.05.1/openwrt/staging_dir/target-mips_34kc_uClibc-0.9.33.2/root-ar71xx/tmp-kmod-usb2
. /media/Chaos_Calmer15.05.1/openwrt/include/shell.sh; export modules=; probe_module() { mods="$1"; boot="$2"; shift 2; for mod in $mods; do mkdir -p /media/Chaos_Calmer15.05.1/openwrt/staging_dir/target-mips_34kc_uClibc-0.9.33.2/root-ar71xx/tmp-kmod-usb2/etc/modules.d; echo "$mod" >> /media/Chaos_Calmer15.05.1/openwrt/staging_dir/target-mips_34kc_uClibc-0.9.33.2/root-ar71xx/tmp-kmod-usb2/etc/modules.d/usb2; done; if [ -e /media/Chaos_Calmer15.05.1/openwrt/staging_dir/target-mips_34kc_uClibc-0.9.33.2/root-ar71xx/tmp-kmod-usb2/etc/modules.d/usb2 ]; then if [ "$boot" = "1" ]; then mkdir -p /media/Chaos_Calmer15.05.1/openwrt/staging_dir/target-mips_34kc_uClibc-0.9.33.2/root-ar71xx/tmp-kmod-usb2/etc/modules-boot.d; ln -s ../modules.d/usb2 /media/Chaos_Calmer15.05.1/openwrt/staging_dir/target-mips_34kc_uClibc-0.9.33.2/root-ar71xx/tmp-kmod-usb2/etc/modules-boot.d/; fi; modules="${modules:+$modules }$mods"; fi; }; add_module() { priority="$1"; mods="$2"; boot="$3"; shift 3; for mod in $mods; do mkdir -p /media/Chaos_Calmer15.05.1/openwrt/staging_dir/target-mips_34kc_uClibc-0.9.33.2/root-ar71xx/tmp-kmod-usb2/etc/modules.d; echo "$mod" >> /media/Chaos_Calmer15.05.1/openwrt/staging_dir/target-mips_34kc_uClibc-0.9.33.2/root-ar71xx/tmp-kmod-usb2/etc/modules.d/$priority-usb2; done; if [ -e /media/Chaos_Calmer15.05.1/openwrt/staging_dir/target-mips_34kc_uClibc-0.9.33.2/root-ar71xx/tmp-kmod-usb2/etc/modules.d/$priority-usb2 ]; then if [ "$boot" = "1" ]; then mkdir -p /media/Chaos_Calmer15.05.1/openwrt/staging_dir/target-mips_34kc_uClibc-0.9.33.2/root-ar71xx/tmp-kmod-usb2/etc/modules-boot.d; ln -s ../modules.d/$priority-usb2 /media/Chaos_Calmer15.05.1/openwrt/staging_dir/target-mips_34kc_uClibc-0.9.33.2/root-ar71xx/tmp-kmod-usb2/etc/modules-boot.d/; fi; modules="${modules:+$modules }$priority-usb2"; fi; }; add_module "40" "ehci-hcd ehci-platform ehci-orion ehci-atmel" "1"; if [ -n "$modules" ]; then mkdir -p /media/Chaos_Calmer15.05.1/openwrt/staging_dir/target-mips_34kc_uClibc-0.9.33.2/root-ar71xx/tmp-kmod-usb2/etc/modules.d; mkdir -p /media/Chaos_Calmer15.05.1/openwrt/staging_dir/target-mips_34kc_uClibc-0.9.33.2/root-ar71xx/tmp-kmod-usb2/CONTROL; echo "#!/bin/sh" > /media/Chaos_Calmer15.05.1/openwrt/staging_dir/target-mips_34kc_uClibc-0.9.33.2/root-ar71xx/tmp-kmod-usb2/CONTROL/postinst-pkg; echo "[ -z \"\$IPKG_INSTROOT\" ] || exit 0" >> /media/Chaos_Calmer15.05.1/openwrt/staging_dir/target-mips_34kc_uClibc-0.9.33.2/root-ar71xx/tmp-kmod-usb2/CONTROL/postinst-pkg; echo ". /lib/functions.sh" >> /media/Chaos_Calmer15.05.1/openwrt/staging_dir/target-mips_34kc_uClibc-0.9.33.2/root-ar71xx/tmp-kmod-usb2/CONTROL/postinst-pkg; echo "insert_modules $modules" >> /media/Chaos_Calmer15.05.1/openwrt/staging_dir/target-mips_34kc_uClibc-0.9.33.2/root-ar71xx/tmp-kmod-usb2/CONTROL/postinst-pkg; chmod 0755 /media/Chaos_Calmer15.05.1/openwrt/staging_dir/target-mips_34kc_uClibc-0.9.33.2/root-ar71xx/tmp-kmod-usb2/CONTROL/postinst-pkg; fi
SHELL= /media/Chaos_Calmer15.05.1/openwrt/staging_dir/host/bin/flock /media/Chaos_Calmer15.05.1/openwrt/tmp/.root-copy.flock -c 'cp -fpR /media/Chaos_Calmer15.05.1/openwrt/staging_dir/target-mips_34kc_uClibc-0.9.33.2/root-ar71xx/tmp-kmod-usb2/. /media/Chaos_Calmer15.05.1/openwrt/staging_dir/target-mips_34kc_uClibc-0.9.33.2/root-ar71xx/'
rm -rf /media/Chaos_Calmer15.05.1/openwrt/staging_dir/target-mips_34kc_uClibc-0.9.33.2/root-ar71xx/tmp-kmod-usb2
touch /media/Chaos_Calmer15.05.1/openwrt/staging_dir/target-mips_34kc_uClibc-0.9.33.2/root-ar71xx/stamp/.kmod-usb2_installed
if [ -f /media/Chaos_Calmer15.05.1/openwrt/staging_dir/target-mips_34kc_uClibc-0.9.33.2/pkginfo/linux.default.install.clean ]; then rm -f /media/Chaos_Calmer15.05.1/openwrt/staging_dir/target-mips_34kc_uClibc-0.9.33.2/pkginfo/linux.default.install /media/Chaos_Calmer15.05.1/openwrt/staging_dir/target-mips_34kc_uClibc-0.9.33.2/pkginfo/linux.default.install.clean; fi; echo "kmod-usb2" >> /media/Chaos_Calmer15.05.1/openwrt/staging_dir/target-mips_34kc_uClibc-0.9.33.2/pkginfo/linux.default.install
rm -rf /media/Chaos_Calmer15.05.1/openwrt/staging_dir/target-mips_34kc_uClibc-0.9.33.2/root-ar71xx/tmp-kmod-usb-serial
mkdir -p /media/Chaos_Calmer15.05.1/openwrt/staging_dir/target-mips_34kc_uClibc-0.9.33.2/root-ar71xx/stamp /media/Chaos_Calmer15.05.1/openwrt/staging_dir/target-mips_34kc_uClibc-0.9.33.2/root-ar71xx/tmp-kmod-usb-serial
. /media/Chaos_Calmer15.05.1/openwrt/include/shell.sh; export modules=; probe_module() { mods="$1"; boot="$2"; shift 2; for mod in $mods; do mkdir -p /media/Chaos_Calmer15.05.1/openwrt/staging_dir/target-mips_34kc_uClibc-0.9.33.2/root-ar71xx/tmp-kmod-usb-serial/etc/modules.d; echo "$mod" >> /media/Chaos_Calmer15.05.1/openwrt/staging_dir/target-mips_34kc_uClibc-0.9.33.2/root-ar71xx/tmp-kmod-usb-serial/etc/modules.d/usb-serial; done; if [ -e /media/Chaos_Calmer15.05.1/openwrt/staging_dir/target-mips_34kc_uClibc-0.9.33.2/root-ar71xx/tmp-kmod-usb-serial/etc/modules.d/usb-serial ]; then if [ "$boot" = "1" ]; then mkdir -p /media/Chaos_Calmer15.05.1/openwrt/staging_dir/target-mips_34kc_uClibc-0.9.33.2/root-ar71xx/tmp-kmod-usb-serial/etc/modules-boot.d; ln -s ../modules.d/usb-serial /media/Chaos_Calmer15.05.1/openwrt/staging_dir/target-mips_34kc_uClibc-0.9.33.2/root-ar71xx/tmp-kmod-usb-serial/etc/modules-boot.d/; fi; modules="${modules:+$modules }$mods"; fi; }; add_module() { priority="$1"; mods="$2"; boot="$3"; shift 3; for mod in $mods; do mkdir -p /media/Chaos_Calmer15.05.1/openwrt/staging_dir/target-mips_34kc_uClibc-0.9.33.2/root-ar71xx/tmp-kmod-usb-serial/etc/modules.d; echo "$mod" >> /media/Chaos_Calmer15.05.1/openwrt/staging_dir/target-mips_34kc_uClibc-0.9.33.2/root-ar71xx/tmp-kmod-usb-serial/etc/modules.d/$priority-usb-serial; done; if [ -e /media/Chaos_Calmer15.05.1/openwrt/staging_dir/target-mips_34kc_uClibc-0.9.33.2/root-ar71xx/tmp-kmod-usb-serial/etc/modules.d/$priority-usb-serial ]; then if [ "$boot" = "1" ]; then mkdir -p /media/Chaos_Calmer15.05.1/openwrt/staging_dir/target-mips_34kc_uClibc-0.9.33.2/root-ar71xx/tmp-kmod-usb-serial/etc/modules-boot.d; ln -s ../modules.d/$priority-usb-serial /media/Chaos_Calmer15.05.1/openwrt/staging_dir/target-mips_34kc_uClibc-0.9.33.2/root-ar71xx/tmp-kmod-usb-serial/etc/modules-boot.d/; fi; modules="${modules:+$modules }$priority-usb-serial"; fi; }; probe_module "usbserial" ""; if [ -n "$modules" ]; then mkdir -p /media/Chaos_Calmer15.05.1/openwrt/staging_dir/target-mips_34kc_uClibc-0.9.33.2/root-ar71xx/tmp-kmod-usb-serial/etc/modules.d; mkdir -p /media/Chaos_Calmer15.05.1/openwrt/staging_dir/target-mips_34kc_uClibc-0.9.33.2/root-ar71xx/tmp-kmod-usb-serial/CONTROL; echo "#!/bin/sh" > /media/Chaos_Calmer15.05.1/openwrt/staging_dir/target-mips_34kc_uClibc-0.9.33.2/root-ar71xx/tmp-kmod-usb-serial/CONTROL/postinst-pkg; echo "[ -z \"\$IPKG_INSTROOT\" ] || exit 0" >> /media/Chaos_Calmer15.05.1/openwrt/staging_dir/target-mips_34kc_uClibc-0.9.33.2/root-ar71xx/tmp-kmod-usb-serial/CONTROL/postinst-pkg; echo ". /lib/functions.sh" >> /media/Chaos_Calmer15.05.1/openwrt/staging_dir/target-mips_34kc_uClibc-0.9.33.2/root-ar71xx/tmp-kmod-usb-serial/CONTROL/postinst-pkg; echo "insert_modules $modules" >> /media/Chaos_Calmer15.05.1/openwrt/staging_dir/target-mips_34kc_uClibc-0.9.33.2/root-ar71xx/tmp-kmod-usb-serial/CONTROL/postinst-pkg; chmod 0755 /media/Chaos_Calmer15.05.1/openwrt/staging_dir/target-mips_34kc_uClibc-0.9.33.2/root-ar71xx/tmp-kmod-usb-serial/CONTROL/postinst-pkg; fi
SHELL= /media/Chaos_Calmer15.05.1/openwrt/staging_dir/host/bin/flock /media/Chaos_Calmer15.05.1/openwrt/tmp/.root-copy.flock -c 'cp -fpR /media/Chaos_Calmer15.05.1/openwrt/staging_dir/target-mips_34kc_uClibc-0.9.33.2/root-ar71xx/tmp-kmod-usb-serial/. /media/Chaos_Calmer15.05.1/openwrt/staging_dir/target-mips_34kc_uClibc-0.9.33.2/root-ar71xx/'
rm -rf /media/Chaos_Calmer15.05.1/openwrt/staging_dir/target-mips_34kc_uClibc-0.9.33.2/root-ar71xx/tmp-kmod-usb-serial
touch /media/Chaos_Calmer15.05.1/openwrt/staging_dir/target-mips_34kc_uClibc-0.9.33.2/root-ar71xx/stamp/.kmod-usb-serial_installed
if [ -f /media/Chaos_Calmer15.05.1/openwrt/staging_dir/target-mips_34kc_uClibc-0.9.33.2/pkginfo/linux.default.install.clean ]; then rm -f /media/Chaos_Calmer15.05.1/openwrt/staging_dir/target-mips_34kc_uClibc-0.9.33.2/pkginfo/linux.default.install /media/Chaos_Calmer15.05.1/openwrt/staging_dir/target-mips_34kc_uClibc-0.9.33.2/pkginfo/linux.default.install.clean; fi; echo "kmod-usb-serial" >> /media/Chaos_Calmer15.05.1/openwrt/staging_dir/target-mips_34kc_uClibc-0.9.33.2/pkginfo/linux.default.install
rm -rf /media/Chaos_Calmer15.05.1/openwrt/staging_dir/target-mips_34kc_uClibc-0.9.33.2/root-ar71xx/tmp-kmod-usb-serial-wwan
mkdir -p /media/Chaos_Calmer15.05.1/openwrt/staging_dir/target-mips_34kc_uClibc-0.9.33.2/root-ar71xx/stamp /media/Chaos_Calmer15.05.1/openwrt/staging_dir/target-mips_34kc_uClibc-0.9.33.2/root-ar71xx/tmp-kmod-usb-serial-wwan
. /media/Chaos_Calmer15.05.1/openwrt/include/shell.sh; export modules=; probe_module() { mods="$1"; boot="$2"; shift 2; for mod in $mods; do mkdir -p /media/Chaos_Calmer15.05.1/openwrt/staging_dir/target-mips_34kc_uClibc-0.9.33.2/root-ar71xx/tmp-kmod-usb-serial-wwan/etc/modules.d; echo "$mod" >> /media/Chaos_Calmer15.05.1/openwrt/staging_dir/target-mips_34kc_uClibc-0.9.33.2/root-ar71xx/tmp-kmod-usb-serial-wwan/etc/modules.d/usb-serial-wwan; done; if [ -e /media/Chaos_Calmer15.05.1/openwrt/staging_dir/target-mips_34kc_uClibc-0.9.33.2/root-ar71xx/tmp-kmod-usb-serial-wwan/etc/modules.d/usb-serial-wwan ]; then if [ "$boot" = "1" ]; then mkdir -p /media/Chaos_Calmer15.05.1/openwrt/staging_dir/target-mips_34kc_uClibc-0.9.33.2/root-ar71xx/tmp-kmod-usb-serial-wwan/etc/modules-boot.d; ln -s ../modules.d/usb-serial-wwan /media/Chaos_Calmer15.05.1/openwrt/staging_dir/target-mips_34kc_uClibc-0.9.33.2/root-ar71xx/tmp-kmod-usb-serial-wwan/etc/modules-boot.d/; fi; modules="${modules:+$modules }$mods"; fi; }; add_module() { priority="$1"; mods="$2"; boot="$3"; shift 3; for mod in $mods; do mkdir -p /media/Chaos_Calmer15.05.1/openwrt/staging_dir/target-mips_34kc_uClibc-0.9.33.2/root-ar71xx/tmp-kmod-usb-serial-wwan/etc/modules.d; echo "$mod" >> /media/Chaos_Calmer15.05.1/openwrt/staging_dir/target-mips_34kc_uClibc-0.9.33.2/root-ar71xx/tmp-kmod-usb-serial-wwan/etc/modules.d/$priority-usb-serial-wwan; done; if [ -e /media/Chaos_Calmer15.05.1/openwrt/staging_dir/target-mips_34kc_uClibc-0.9.33.2/root-ar71xx/tmp-kmod-usb-serial-wwan/etc/modules.d/$priority-usb-serial-wwan ]; then if [ "$boot" = "1" ]; then mkdir -p /media/Chaos_Calmer15.05.1/openwrt/staging_dir/target-mips_34kc_uClibc-0.9.33.2/root-ar71xx/tmp-kmod-usb-serial-wwan/etc/modules-boot.d; ln -s ../modules.d/$priority-usb-serial-wwan /media/Chaos_Calmer15.05.1/openwrt/staging_dir/target-mips_34kc_uClibc-0.9.33.2/root-ar71xx/tmp-kmod-usb-serial-wwan/etc/modules-boot.d/; fi; modules="${modules:+$modules }$priority-usb-serial-wwan"; fi; }; probe_module "usb_wwan" ""; if [ -n "$modules" ]; then mkdir -p /media/Chaos_Calmer15.05.1/openwrt/staging_dir/target-mips_34kc_uClibc-0.9.33.2/root-ar71xx/tmp-kmod-usb-serial-wwan/etc/modules.d; mkdir -p /media/Chaos_Calmer15.05.1/openwrt/staging_dir/target-mips_34kc_uClibc-0.9.33.2/root-ar71xx/tmp-kmod-usb-serial-wwan/CONTROL; echo "#!/bin/sh" > /media/Chaos_Calmer15.05.1/openwrt/staging_dir/target-mips_34kc_uClibc-0.9.33.2/root-ar71xx/tmp-kmod-usb-serial-wwan/CONTROL/postinst-pkg; echo "[ -z \"\$IPKG_INSTROOT\" ] || exit 0" >> /media/Chaos_Calmer15.05.1/openwrt/staging_dir/target-mips_34kc_uClibc-0.9.33.2/root-ar71xx/tmp-kmod-usb-serial-wwan/CONTROL/postinst-pkg; echo ". /lib/functions.sh" >> /media/Chaos_Calmer15.05.1/openwrt/staging_dir/target-mips_34kc_uClibc-0.9.33.2/root-ar71xx/tmp-kmod-usb-serial-wwan/CONTROL/postinst-pkg; echo "insert_modules $modules" >> /media/Chaos_Calmer15.05.1/openwrt/staging_dir/target-mips_34kc_uClibc-0.9.33.2/root-ar71xx/tmp-kmod-usb-serial-wwan/CONTROL/postinst-pkg; chmod 0755 /media/Chaos_Calmer15.05.1/openwrt/staging_dir/target-mips_34kc_uClibc-0.9.33.2/root-ar71xx/tmp-kmod-usb-serial-wwan/CONTROL/postinst-pkg; fi
SHELL= /media/Chaos_Calmer15.05.1/openwrt/staging_dir/host/bin/flock /media/Chaos_Calmer15.05.1/openwrt/tmp/.root-copy.flock -c 'cp -fpR /media/Chaos_Calmer15.05.1/openwrt/staging_dir/target-mips_34kc_uClibc-0.9.33.2/root-ar71xx/tmp-kmod-usb-serial-wwan/. /media/Chaos_Calmer15.05.1/openwrt/staging_dir/target-mips_34kc_uClibc-0.9.33.2/root-ar71xx/'
rm -rf /media/Chaos_Calmer15.05.1/openwrt/staging_dir/target-mips_34kc_uClibc-0.9.33.2/root-ar71xx/tmp-kmod-usb-serial-wwan
touch /media/Chaos_Calmer15.05.1/openwrt/staging_dir/target-mips_34kc_uClibc-0.9.33.2/root-ar71xx/stamp/.kmod-usb-serial-wwan_installed
if [ -f /media/Chaos_Calmer15.05.1/openwrt/staging_dir/target-mips_34kc_uClibc-0.9.33.2/pkginfo/linux.default.install.clean ]; then rm -f /media/Chaos_Calmer15.05.1/openwrt/staging_dir/target-mips_34kc_uClibc-0.9.33.2/pkginfo/linux.default.install /media/Chaos_Calmer15.05.1/openwrt/staging_dir/target-mips_34kc_uClibc-0.9.33.2/pkginfo/linux.default.install.clean; fi; echo "kmod-usb-serial-wwan" >> /media/Chaos_Calmer15.05.1/openwrt/staging_dir/target-mips_34kc_uClibc-0.9.33.2/pkginfo/linux.default.install
rm -rf /media/Chaos_Calmer15.05.1/openwrt/staging_dir/target-mips_34kc_uClibc-0.9.33.2/root-ar71xx/tmp-kmod-usb-serial-option
mkdir -p /media/Chaos_Calmer15.05.1/openwrt/staging_dir/target-mips_34kc_uClibc-0.9.33.2/root-ar71xx/stamp /media/Chaos_Calmer15.05.1/openwrt/staging_dir/target-mips_34kc_uClibc-0.9.33.2/root-ar71xx/tmp-kmod-usb-serial-option
. /media/Chaos_Calmer15.05.1/openwrt/include/shell.sh; export modules=; probe_module() { mods="$1"; boot="$2"; shift 2; for mod in $mods; do mkdir -p /media/Chaos_Calmer15.05.1/openwrt/staging_dir/target-mips_34kc_uClibc-0.9.33.2/root-ar71xx/tmp-kmod-usb-serial-option/etc/modules.d; echo "$mod" >> /media/Chaos_Calmer15.05.1/openwrt/staging_dir/target-mips_34kc_uClibc-0.9.33.2/root-ar71xx/tmp-kmod-usb-serial-option/etc/modules.d/usb-serial-option; done; if [ -e /media/Chaos_Calmer15.05.1/openwrt/staging_dir/target-mips_34kc_uClibc-0.9.33.2/root-ar71xx/tmp-kmod-usb-serial-option/etc/modules.d/usb-serial-option ]; then if [ "$boot" = "1" ]; then mkdir -p /media/Chaos_Calmer15.05.1/openwrt/staging_dir/target-mips_34kc_uClibc-0.9.33.2/root-ar71xx/tmp-kmod-usb-serial-option/etc/modules-boot.d; ln -s ../modules.d/usb-serial-option /media/Chaos_Calmer15.05.1/openwrt/staging_dir/target-mips_34kc_uClibc-0.9.33.2/root-ar71xx/tmp-kmod-usb-serial-option/etc/modules-boot.d/; fi; modules="${modules:+$modules }$mods"; fi; }; add_module() { priority="$1"; mods="$2"; boot="$3"; shift 3; for mod in $mods; do mkdir -p /media/Chaos_Calmer15.05.1/openwrt/staging_dir/target-mips_34kc_uClibc-0.9.33.2/root-ar71xx/tmp-kmod-usb-serial-option/etc/modules.d; echo "$mod" >> /media/Chaos_Calmer15.05.1/openwrt/staging_dir/target-mips_34kc_uClibc-0.9.33.2/root-ar71xx/tmp-kmod-usb-serial-option/etc/modules.d/$priority-usb-serial-option; done; if [ -e /media/Chaos_Calmer15.05.1/openwrt/staging_dir/target-mips_34kc_uClibc-0.9.33.2/root-ar71xx/tmp-kmod-usb-serial-option/etc/modules.d/$priority-usb-serial-option ]; then if [ "$boot" = "1" ]; then mkdir -p /media/Chaos_Calmer15.05.1/openwrt/staging_dir/target-mips_34kc_uClibc-0.9.33.2/root-ar71xx/tmp-kmod-usb-serial-option/etc/modules-boot.d; ln -s ../modules.d/$priority-usb-serial-option /media/Chaos_Calmer15.05.1/openwrt/staging_dir/target-mips_34kc_uClibc-0.9.33.2/root-ar71xx/tmp-kmod-usb-serial-option/etc/modules-boot.d/; fi; modules="${modules:+$modules }$priority-usb-serial-option"; fi; }; probe_module "option" ""; if [ -n "$modules" ]; then mkdir -p /media/Chaos_Calmer15.05.1/openwrt/staging_dir/target-mips_34kc_uClibc-0.9.33.2/root-ar71xx/tmp-kmod-usb-serial-option/etc/modules.d; mkdir -p /media/Chaos_Calmer15.05.1/openwrt/staging_dir/target-mips_34kc_uClibc-0.9.33.2/root-ar71xx/tmp-kmod-usb-serial-option/CONTROL; echo "#!/bin/sh" > /media/Chaos_Calmer15.05.1/openwrt/staging_dir/target-mips_34kc_uClibc-0.9.33.2/root-ar71xx/tmp-kmod-usb-serial-option/CONTROL/postinst-pkg; echo "[ -z \"\$IPKG_INSTROOT\" ] || exit 0" >> /media/Chaos_Calmer15.05.1/openwrt/staging_dir/target-mips_34kc_uClibc-0.9.33.2/root-ar71xx/tmp-kmod-usb-serial-option/CONTROL/postinst-pkg; echo ". /lib/functions.sh" >> /media/Chaos_Calmer15.05.1/openwrt/staging_dir/target-mips_34kc_uClibc-0.9.33.2/root-ar71xx/tmp-kmod-usb-serial-option/CONTROL/postinst-pkg; echo "insert_modules $modules" >> /media/Chaos_Calmer15.05.1/openwrt/staging_dir/target-mips_34kc_uClibc-0.9.33.2/root-ar71xx/tmp-kmod-usb-serial-option/CONTROL/postinst-pkg; chmod 0755 /media/Chaos_Calmer15.05.1/openwrt/staging_dir/target-mips_34kc_uClibc-0.9.33.2/root-ar71xx/tmp-kmod-usb-serial-option/CONTROL/postinst-pkg; fi
SHELL= /media/Chaos_Calmer15.05.1/openwrt/staging_dir/host/bin/flock /media/Chaos_Calmer15.05.1/openwrt/tmp/.root-copy.flock -c 'cp -fpR /media/Chaos_Calmer15.05.1/openwrt/staging_dir/target-mips_34kc_uClibc-0.9.33.2/root-ar71xx/tmp-kmod-usb-serial-option/. /media/Chaos_Calmer15.05.1/openwrt/staging_dir/target-mips_34kc_uClibc-0.9.33.2/root-ar71xx/'
rm -rf /media/Chaos_Calmer15.05.1/openwrt/staging_dir/target-mips_34kc_uClibc-0.9.33.2/root-ar71xx/tmp-kmod-usb-serial-option
touch /media/Chaos_Calmer15.05.1/openwrt/staging_dir/target-mips_34kc_uClibc-0.9.33.2/root-ar71xx/stamp/.kmod-usb-serial-option_installed
if [ -f /media/Chaos_Calmer15.05.1/openwrt/staging_dir/target-mips_34kc_uClibc-0.9.33.2/pkginfo/linux.default.install.clean ]; then rm -f /media/Chaos_Calmer15.05.1/openwrt/staging_dir/target-mips_34kc_uClibc-0.9.33.2/pkginfo/linux.default.install /media/Chaos_Calmer15.05.1/openwrt/staging_dir/target-mips_34kc_uClibc-0.9.33.2/pkginfo/linux.default.install.clean; fi; echo "kmod-usb-serial-option" >> /media/Chaos_Calmer15.05.1/openwrt/staging_dir/target-mips_34kc_uClibc-0.9.33.2/pkginfo/linux.default.install
make[3]: Leaving directory `/media/Chaos_Calmer15.05.1/openwrt/package/kernel/linux'
make[3]: Entering directory `/media/Chaos_Calmer15.05.1/openwrt/package/libs/ocf-crypto-headers'
make[3]: Leaving directory `/media/Chaos_Calmer15.05.1/openwrt/package/libs/ocf-crypto-headers'
make[3]: Entering directory `/media/Chaos_Calmer15.05.1/openwrt/package/libs/openssl'
make[3]: Leaving directory `/media/Chaos_Calmer15.05.1/openwrt/package/libs/openssl'
make[3]: Entering directory `/media/Chaos_Calmer15.05.1/openwrt/package/network/services/hostapd'
rm -rf /media/Chaos_Calmer15.05.1/openwrt/staging_dir/target-mips_34kc_uClibc-0.9.33.2/root-ar71xx/tmp-wpad-mini
mkdir -p /media/Chaos_Calmer15.05.1/openwrt/staging_dir/target-mips_34kc_uClibc-0.9.33.2/root-ar71xx/stamp /media/Chaos_Calmer15.05.1/openwrt/staging_dir/target-mips_34kc_uClibc-0.9.33.2/root-ar71xx/tmp-wpad-mini
install -d -m0755 /media/Chaos_Calmer15.05.1/openwrt/staging_dir/target-mips_34kc_uClibc-0.9.33.2/root-ar71xx/tmp-wpad-mini/usr/sbin
install -d -m0755 /media/Chaos_Calmer15.05.1/openwrt/staging_dir/target-mips_34kc_uClibc-0.9.33.2/root-ar71xx/tmp-wpad-mini/usr/sbin
install -m0755 /media/Chaos_Calmer15.05.1/openwrt/build_dir/target-mips_34kc_uClibc-0.9.33.2/hostapd-wpad-mini/hostapd-2015-03-25/wpad /media/Chaos_Calmer15.05.1/openwrt/staging_dir/target-mips_34kc_uClibc-0.9.33.2/root-ar71xx/tmp-wpad-mini/usr/sbin/
ln -sf wpad /media/Chaos_Calmer15.05.1/openwrt/staging_dir/target-mips_34kc_uClibc-0.9.33.2/root-ar71xx/tmp-wpad-mini/usr/sbin/hostapd
ln -sf wpad /media/Chaos_Calmer15.05.1/openwrt/staging_dir/target-mips_34kc_uClibc-0.9.33.2/root-ar71xx/tmp-wpad-mini/usr/sbin/wpa_supplicant
SHELL= /media/Chaos_Calmer15.05.1/openwrt/staging_dir/host/bin/flock /media/Chaos_Calmer15.05.1/openwrt/tmp/.root-copy.flock -c 'cp -fpR /media/Chaos_Calmer15.05.1/openwrt/staging_dir/target-mips_34kc_uClibc-0.9.33.2/root-ar71xx/tmp-wpad-mini/. /media/Chaos_Calmer15.05.1/openwrt/staging_dir/target-mips_34kc_uClibc-0.9.33.2/root-ar71xx/'
rm -rf /media/Chaos_Calmer15.05.1/openwrt/staging_dir/target-mips_34kc_uClibc-0.9.33.2/root-ar71xx/tmp-wpad-mini
touch /media/Chaos_Calmer15.05.1/openwrt/staging_dir/target-mips_34kc_uClibc-0.9.33.2/root-ar71xx/stamp/.wpad-mini_installed
if [ -f /media/Chaos_Calmer15.05.1/openwrt/staging_dir/target-mips_34kc_uClibc-0.9.33.2/pkginfo/hostapd.wpad-mini.install.clean ]; then rm -f /media/Chaos_Calmer15.05.1/openwrt/staging_dir/target-mips_34kc_uClibc-0.9.33.2/pkginfo/hostapd.wpad-mini.install /media/Chaos_Calmer15.05.1/openwrt/staging_dir/target-mips_34kc_uClibc-0.9.33.2/pkginfo/hostapd.wpad-mini.install.clean; fi; echo "wpad-mini" >> /media/Chaos_Calmer15.05.1/openwrt/staging_dir/target-mips_34kc_uClibc-0.9.33.2/pkginfo/hostapd.wpad-mini.install
rm -rf /media/Chaos_Calmer15.05.1/openwrt/staging_dir/target-mips_34kc_uClibc-0.9.33.2/root-ar71xx/tmp-hostapd-common
mkdir -p /media/Chaos_Calmer15.05.1/openwrt/staging_dir/target-mips_34kc_uClibc-0.9.33.2/root-ar71xx/stamp /media/Chaos_Calmer15.05.1/openwrt/staging_dir/target-mips_34kc_uClibc-0.9.33.2/root-ar71xx/tmp-hostapd-common
install -d -m0755 /media/Chaos_Calmer15.05.1/openwrt/staging_dir/target-mips_34kc_uClibc-0.9.33.2/root-ar71xx/tmp-hostapd-common/lib/netifd
install -m0644 ./files/netifd.sh /media/Chaos_Calmer15.05.1/openwrt/staging_dir/target-mips_34kc_uClibc-0.9.33.2/root-ar71xx/tmp-hostapd-common/lib/netifd/hostapd.sh
SHELL= /media/Chaos_Calmer15.05.1/openwrt/staging_dir/host/bin/flock /media/Chaos_Calmer15.05.1/openwrt/tmp/.root-copy.flock -c 'cp -fpR /media/Chaos_Calmer15.05.1/openwrt/staging_dir/target-mips_34kc_uClibc-0.9.33.2/root-ar71xx/tmp-hostapd-common/. /media/Chaos_Calmer15.05.1/openwrt/staging_dir/target-mips_34kc_uClibc-0.9.33.2/root-ar71xx/'
rm -rf /media/Chaos_Calmer15.05.1/openwrt/staging_dir/target-mips_34kc_uClibc-0.9.33.2/root-ar71xx/tmp-hostapd-common
touch /media/Chaos_Calmer15.05.1/openwrt/staging_dir/target-mips_34kc_uClibc-0.9.33.2/root-ar71xx/stamp/.hostapd-common_installed
if [ -f /media/Chaos_Calmer15.05.1/openwrt/staging_dir/target-mips_34kc_uClibc-0.9.33.2/pkginfo/hostapd.wpad-mini.install.clean ]; then rm -f /media/Chaos_Calmer15.05.1/openwrt/staging_dir/target-mips_34kc_uClibc-0.9.33.2/pkginfo/hostapd.wpad-mini.install /media/Chaos_Calmer15.05.1/openwrt/staging_dir/target-mips_34kc_uClibc-0.9.33.2/pkginfo/hostapd.wpad-mini.install.clean; fi; echo "hostapd-common" >> /media/Chaos_Calmer15.05.1/openwrt/staging_dir/target-mips_34kc_uClibc-0.9.33.2/pkginfo/hostapd.wpad-mini.install
make[3]: Leaving directory `/media/Chaos_Calmer15.05.1/openwrt/package/network/services/hostapd'
make[3]: Entering directory `/media/Chaos_Calmer15.05.1/openwrt/package/network/utils/iw'
rm -rf /media/Chaos_Calmer15.05.1/openwrt/staging_dir/target-mips_34kc_uClibc-0.9.33.2/root-ar71xx/tmp-iw
mkdir -p /media/Chaos_Calmer15.05.1/openwrt/staging_dir/target-mips_34kc_uClibc-0.9.33.2/root-ar71xx/stamp /media/Chaos_Calmer15.05.1/openwrt/staging_dir/target-mips_34kc_uClibc-0.9.33.2/root-ar71xx/tmp-iw
install -d -m0755 /media/Chaos_Calmer15.05.1/openwrt/staging_dir/target-mips_34kc_uClibc-0.9.33.2/root-ar71xx/tmp-iw/usr/sbin
install -m0755 /media/Chaos_Calmer15.05.1/openwrt/build_dir/target-mips_34kc_uClibc-0.9.33.2/iw-3.17/iw /media/Chaos_Calmer15.05.1/openwrt/staging_dir/target-mips_34kc_uClibc-0.9.33.2/root-ar71xx/tmp-iw/usr/sbin/
SHELL= /media/Chaos_Calmer15.05.1/openwrt/staging_dir/host/bin/flock /media/Chaos_Calmer15.05.1/openwrt/tmp/.root-copy.flock -c 'cp -fpR /media/Chaos_Calmer15.05.1/openwrt/staging_dir/target-mips_34kc_uClibc-0.9.33.2/root-ar71xx/tmp-iw/. /media/Chaos_Calmer15.05.1/openwrt/staging_dir/target-mips_34kc_uClibc-0.9.33.2/root-ar71xx/'
rm -rf /media/Chaos_Calmer15.05.1/openwrt/staging_dir/target-mips_34kc_uClibc-0.9.33.2/root-ar71xx/tmp-iw
touch /media/Chaos_Calmer15.05.1/openwrt/staging_dir/target-mips_34kc_uClibc-0.9.33.2/root-ar71xx/stamp/.iw_installed
if [ -f /media/Chaos_Calmer15.05.1/openwrt/staging_dir/target-mips_34kc_uClibc-0.9.33.2/pkginfo/iw.default.install.clean ]; then rm -f /media/Chaos_Calmer15.05.1/openwrt/staging_dir/target-mips_34kc_uClibc-0.9.33.2/pkginfo/iw.default.install /media/Chaos_Calmer15.05.1/openwrt/staging_dir/target-mips_34kc_uClibc-0.9.33.2/pkginfo/iw.default.install.clean; fi; echo "iw" >> /media/Chaos_Calmer15.05.1/openwrt/staging_dir/target-mips_34kc_uClibc-0.9.33.2/pkginfo/iw.default.install
make[3]: Leaving directory `/media/Chaos_Calmer15.05.1/openwrt/package/network/utils/iw'
make[3]: Entering directory `/media/Chaos_Calmer15.05.1/openwrt/package/kernel/mac80211'
. /media/Chaos_Calmer15.05.1/openwrt/include/shell.sh; var2file "V_mac80211_config" /media/Chaos_Calmer15.05.1/openwrt/build_dir/target-mips_34kc_uClibc-0.9.33.2/linux-ar71xx_generic/compat-wireless-2015-03-09/.config
make -C "/media/Chaos_Calmer15.05.1/openwrt/build_dir/target-mips_34kc_uClibc-0.9.33.2/linux-ar71xx_generic/compat-wireless-2015-03-09" CROSS_COMPILE="mips-openwrt-linux-uclibc-" ARCH="mips" EXTRA_CFLAGS="-I/media/Chaos_Calmer15.05.1/openwrt/build_dir/target-mips_34kc_uClibc-0.9.33.2/linux-ar71xx_generic/compat-wireless-2015-03-09/include" KLIB_BUILD="/media/Chaos_Calmer15.05.1/openwrt/build_dir/target-mips_34kc_uClibc-0.9.33.2/linux-ar71xx_generic/linux-3.18.23" MODPROBE=true KLIB=/lib/modules/3.18.23 KERNEL_SUBLEVEL=18 KBUILD_LDFLAGS_MODULE_PREREQ= allnoconfig
make[4]: Entering directory `/media/Chaos_Calmer15.05.1/openwrt/build_dir/target-mips_34kc_uClibc-0.9.33.2/linux-ar71xx_generic/compat-wireless-2015-03-09'
make[5]: `Kconfig.versions' is up to date.
make[6]: `conf' is up to date.
#
# configuration written to .config
#
make[4]: Leaving directory `/media/Chaos_Calmer15.05.1/openwrt/build_dir/target-mips_34kc_uClibc-0.9.33.2/linux-ar71xx_generic/compat-wireless-2015-03-09'
rm -rf /media/Chaos_Calmer15.05.1/openwrt/build_dir/target-mips_34kc_uClibc-0.9.33.2/linux-ar71xx_generic/compat-wireless-2015-03-09/modules
make   -C "/media/Chaos_Calmer15.05.1/openwrt/build_dir/target-mips_34kc_uClibc-0.9.33.2/linux-ar71xx_generic/compat-wireless-2015-03-09" CROSS_COMPILE="mips-openwrt-linux-uclibc-" ARCH="mips" EXTRA_CFLAGS="-I/media/Chaos_Calmer15.05.1/openwrt/build_dir/target-mips_34kc_uClibc-0.9.33.2/linux-ar71xx_generic/compat-wireless-2015-03-09/include" KLIB_BUILD="/media/Chaos_Calmer15.05.1/openwrt/build_dir/target-mips_34kc_uClibc-0.9.33.2/linux-ar71xx_generic/linux-3.18.23" MODPROBE=true KLIB=/lib/modules/3.18.23 KERNEL_SUBLEVEL=18 KBUILD_LDFLAGS_MODULE_PREREQ= modules
make[4]: Entering directory `/media/Chaos_Calmer15.05.1/openwrt/build_dir/target-mips_34kc_uClibc-0.9.33.2/linux-ar71xx_generic/compat-wireless-2015-03-09'
make[5]: `Kconfig.versions' is up to date.
make[7]: `Kconfig.versions' is up to date.
make[8]: `conf' is up to date.
#
# configuration written to .config
#
Building backport-include/backport/autoconf.h ... done.
  Building modules, stage 2.
  MODPOST 7 modules
make[4]: Leaving directory `/media/Chaos_Calmer15.05.1/openwrt/build_dir/target-mips_34kc_uClibc-0.9.33.2/linux-ar71xx_generic/compat-wireless-2015-03-09'
touch /media/Chaos_Calmer15.05.1/openwrt/build_dir/target-mips_34kc_uClibc-0.9.33.2/linux-ar71xx_generic/compat-wireless-2015-03-09/.built
rm -rf /media/Chaos_Calmer15.05.1/openwrt/tmp/stage-mac80211
mkdir -p /media/Chaos_Calmer15.05.1/openwrt/tmp/stage-mac80211/host /media/Chaos_Calmer15.05.1/openwrt/staging_dir/target-mips_34kc_uClibc-0.9.33.2/packages /media/Chaos_Calmer15.05.1/openwrt/staging_dir/host/packages
mkdir -p /media/Chaos_Calmer15.05.1/openwrt/tmp/stage-mac80211/usr/include/mac80211 /media/Chaos_Calmer15.05.1/openwrt/tmp/stage-mac80211/usr/include/mac80211-backport /media/Chaos_Calmer15.05.1/openwrt/tmp/stage-mac80211/usr/include/mac80211/ath /media/Chaos_Calmer15.05.1/openwrt/tmp/stage-mac80211/usr/include/net/mac80211
cp -fpR /media/Chaos_Calmer15.05.1/openwrt/build_dir/target-mips_34kc_uClibc-0.9.33.2/linux-ar71xx_generic/compat-wireless-2015-03-09/net/mac80211/*.h /media/Chaos_Calmer15.05.1/openwrt/build_dir/target-mips_34kc_uClibc-0.9.33.2/linux-ar71xx_generic/compat-wireless-2015-03-09/include/* /media/Chaos_Calmer15.05.1/openwrt/tmp/stage-mac80211/usr/include/mac80211/
cp -fpR /media/Chaos_Calmer15.05.1/openwrt/build_dir/target-mips_34kc_uClibc-0.9.33.2/linux-ar71xx_generic/compat-wireless-2015-03-09/backport-include/* /media/Chaos_Calmer15.05.1/openwrt/tmp/stage-mac80211/usr/include/mac80211-backport/
cp -fpR /media/Chaos_Calmer15.05.1/openwrt/build_dir/target-mips_34kc_uClibc-0.9.33.2/linux-ar71xx_generic/compat-wireless-2015-03-09/net/mac80211/rate.h /media/Chaos_Calmer15.05.1/openwrt/tmp/stage-mac80211/usr/include/net/mac80211/
cp -fpR /media/Chaos_Calmer15.05.1/openwrt/build_dir/target-mips_34kc_uClibc-0.9.33.2/linux-ar71xx_generic/compat-wireless-2015-03-09/drivers/net/wireless/ath/*.h /media/Chaos_Calmer15.05.1/openwrt/tmp/stage-mac80211/usr/include/mac80211/ath/
rm -f /media/Chaos_Calmer15.05.1/openwrt/tmp/stage-mac80211/usr/include/mac80211-backport/linux/module.h
find /media/Chaos_Calmer15.05.1/openwrt/tmp/stage-mac80211 -name '*.la' | xargs -r rm -f; 
if [ -f /media/Chaos_Calmer15.05.1/openwrt/staging_dir/target-mips_34kc_uClibc-0.9.33.2/packages/mac80211.list ]; then /media/Chaos_Calmer15.05.1/openwrt/scripts/clean-package.sh "/media/Chaos_Calmer15.05.1/openwrt/staging_dir/target-mips_34kc_uClibc-0.9.33.2/packages/mac80211.list" "/media/Chaos_Calmer15.05.1/openwrt/staging_dir/target-mips_34kc_uClibc-0.9.33.2"; fi
if [ -d /media/Chaos_Calmer15.05.1/openwrt/tmp/stage-mac80211 ]; then (cd /media/Chaos_Calmer15.05.1/openwrt/tmp/stage-mac80211; find ./ > /media/Chaos_Calmer15.05.1/openwrt/tmp/stage-mac80211.files); 	SHELL= /media/Chaos_Calmer15.05.1/openwrt/staging_dir/host/bin/flock /media/Chaos_Calmer15.05.1/openwrt/tmp/.staging-dir.flock -c ' mv /media/Chaos_Calmer15.05.1/openwrt/tmp/stage-mac80211.files /media/Chaos_Calmer15.05.1/openwrt/staging_dir/target-mips_34kc_uClibc-0.9.33.2/packages/mac80211.list && cp -fpR /media/Chaos_Calmer15.05.1/openwrt/tmp/stage-mac80211/* /media/Chaos_Calmer15.05.1/openwrt/staging_dir/target-mips_34kc_uClibc-0.9.33.2/; '; fi
rm -rf /media/Chaos_Calmer15.05.1/openwrt/tmp/stage-mac80211
touch /media/Chaos_Calmer15.05.1/openwrt/staging_dir/target-mips_34kc_uClibc-0.9.33.2/stamp/.mac80211_installed
mkdir -p /media/Chaos_Calmer15.05.1/openwrt/bin/ar71xx/packages /media/Chaos_Calmer15.05.1/openwrt/build_dir/target-mips_34kc_uClibc-0.9.33.2/linux-ar71xx_generic/compat-wireless-2015-03-09/ipkg-ar71xx/kmod-cfg80211/CONTROL /media/Chaos_Calmer15.05.1/openwrt/staging_dir/target-mips_34kc_uClibc-0.9.33.2/pkginfo
. /media/Chaos_Calmer15.05.1/openwrt/include/shell.sh; export modules=; probe_module() { mods="$1"; boot="$2"; shift 2; for mod in $mods; do mkdir -p /media/Chaos_Calmer15.05.1/openwrt/build_dir/target-mips_34kc_uClibc-0.9.33.2/linux-ar71xx_generic/compat-wireless-2015-03-09/ipkg-ar71xx/kmod-cfg80211/etc/modules.d; echo "$mod" >> /media/Chaos_Calmer15.05.1/openwrt/build_dir/target-mips_34kc_uClibc-0.9.33.2/linux-ar71xx_generic/compat-wireless-2015-03-09/ipkg-ar71xx/kmod-cfg80211/etc/modules.d/cfg80211; done; if [ -e /media/Chaos_Calmer15.05.1/openwrt/build_dir/target-mips_34kc_uClibc-0.9.33.2/linux-ar71xx_generic/compat-wireless-2015-03-09/ipkg-ar71xx/kmod-cfg80211/etc/modules.d/cfg80211 ]; then if [ "$boot" = "1" ]; then mkdir -p /media/Chaos_Calmer15.05.1/openwrt/build_dir/target-mips_34kc_uClibc-0.9.33.2/linux-ar71xx_generic/compat-wireless-2015-03-09/ipkg-ar71xx/kmod-cfg80211/etc/modules-boot.d; ln -s ../modules.d/cfg80211 /media/Chaos_Calmer15.05.1/openwrt/build_dir/target-mips_34kc_uClibc-0.9.33.2/linux-ar71xx_generic/compat-wireless-2015-03-09/ipkg-ar71xx/kmod-cfg80211/etc/modules-boot.d/; fi; modules="${modules:+$modules }$mods"; fi; }; add_module() { priority="$1"; mods="$2"; boot="$3"; shift 3; for mod in $mods; do mkdir -p /media/Chaos_Calmer15.05.1/openwrt/build_dir/target-mips_34kc_uClibc-0.9.33.2/linux-ar71xx_generic/compat-wireless-2015-03-09/ipkg-ar71xx/kmod-cfg80211/etc/modules.d; echo "$mod" >> /media/Chaos_Calmer15.05.1/openwrt/build_dir/target-mips_34kc_uClibc-0.9.33.2/linux-ar71xx_generic/compat-wireless-2015-03-09/ipkg-ar71xx/kmod-cfg80211/etc/modules.d/$priority-cfg80211; done; if [ -e /media/Chaos_Calmer15.05.1/openwrt/build_dir/target-mips_34kc_uClibc-0.9.33.2/linux-ar71xx_generic/compat-wireless-2015-03-09/ipkg-ar71xx/kmod-cfg80211/etc/modules.d/$priority-cfg80211 ]; then if [ "$boot" = "1" ]; then mkdir -p /media/Chaos_Calmer15.05.1/openwrt/build_dir/target-mips_34kc_uClibc-0.9.33.2/linux-ar71xx_generic/compat-wireless-2015-03-09/ipkg-ar71xx/kmod-cfg80211/etc/modules-boot.d; ln -s ../modules.d/$priority-cfg80211 /media/Chaos_Calmer15.05.1/openwrt/build_dir/target-mips_34kc_uClibc-0.9.33.2/linux-ar71xx_generic/compat-wireless-2015-03-09/ipkg-ar71xx/kmod-cfg80211/etc/modules-boot.d/; fi; modules="${modules:+$modules }$priority-cfg80211"; fi; };  if [ -n "$modules" ]; then mkdir -p /media/Chaos_Calmer15.05.1/openwrt/build_dir/target-mips_34kc_uClibc-0.9.33.2/linux-ar71xx_generic/compat-wireless-2015-03-09/ipkg-ar71xx/kmod-cfg80211/etc/modules.d; mkdir -p /media/Chaos_Calmer15.05.1/openwrt/build_dir/target-mips_34kc_uClibc-0.9.33.2/linux-ar71xx_generic/compat-wireless-2015-03-09/ipkg-ar71xx/kmod-cfg80211/CONTROL; echo "#!/bin/sh" > /media/Chaos_Calmer15.05.1/openwrt/build_dir/target-mips_34kc_uClibc-0.9.33.2/linux-ar71xx_generic/compat-wireless-2015-03-09/ipkg-ar71xx/kmod-cfg80211/CONTROL/postinst-pkg; echo "[ -z \"\$IPKG_INSTROOT\" ] || exit 0" >> /media/Chaos_Calmer15.05.1/openwrt/build_dir/target-mips_34kc_uClibc-0.9.33.2/linux-ar71xx_generic/compat-wireless-2015-03-09/ipkg-ar71xx/kmod-cfg80211/CONTROL/postinst-pkg; echo ". /lib/functions.sh" >> /media/Chaos_Calmer15.05.1/openwrt/build_dir/target-mips_34kc_uClibc-0.9.33.2/linux-ar71xx_generic/compat-wireless-2015-03-09/ipkg-ar71xx/kmod-cfg80211/CONTROL/postinst-pkg; echo "insert_modules $modules" >> /media/Chaos_Calmer15.05.1/openwrt/build_dir/target-mips_34kc_uClibc-0.9.33.2/linux-ar71xx_generic/compat-wireless-2015-03-09/ipkg-ar71xx/kmod-cfg80211/CONTROL/postinst-pkg; chmod 0755 /media/Chaos_Calmer15.05.1/openwrt/build_dir/target-mips_34kc_uClibc-0.9.33.2/linux-ar71xx_generic/compat-wireless-2015-03-09/ipkg-ar71xx/kmod-cfg80211/CONTROL/postinst-pkg; fi
install -d -m0755 /media/Chaos_Calmer15.05.1/openwrt/build_dir/target-mips_34kc_uClibc-0.9.33.2/linux-ar71xx_generic/compat-wireless-2015-03-09/ipkg-ar71xx/kmod-cfg80211/lib/wifi /media/Chaos_Calmer15.05.1/openwrt/build_dir/target-mips_34kc_uClibc-0.9.33.2/linux-ar71xx_generic/compat-wireless-2015-03-09/ipkg-ar71xx/kmod-cfg80211/lib/netifd/wireless
install -m0644 ./files/lib/wifi/mac80211.sh /media/Chaos_Calmer15.05.1/openwrt/build_dir/target-mips_34kc_uClibc-0.9.33.2/linux-ar71xx_generic/compat-wireless-2015-03-09/ipkg-ar71xx/kmod-cfg80211/lib/wifi
install -m0755 ./files/lib/netifd/wireless/mac80211.sh /media/Chaos_Calmer15.05.1/openwrt/build_dir/target-mips_34kc_uClibc-0.9.33.2/linux-ar71xx_generic/compat-wireless-2015-03-09/ipkg-ar71xx/kmod-cfg80211/lib/netifd/wireless
find /media/Chaos_Calmer15.05.1/openwrt/build_dir/target-mips_34kc_uClibc-0.9.33.2/linux-ar71xx_generic/compat-wireless-2015-03-09/ipkg-ar71xx/kmod-cfg80211 -name 'CVS' -o -name '.svn' -o -name '.#*' -o -name '*~'| xargs -r rm -rf
export CROSS="mips-openwrt-linux-uclibc-" NO_RENAME=1 ; NM="mips-openwrt-linux-uclibc-nm" STRIP="/media/Chaos_Calmer15.05.1/openwrt/staging_dir/host/bin/sstrip" STRIP_KMOD="/media/Chaos_Calmer15.05.1/openwrt/scripts/strip-kmod.sh" PATCHELF="/media/Chaos_Calmer15.05.1/openwrt/staging_dir/host/bin/patchelf" /media/Chaos_Calmer15.05.1/openwrt/scripts/rstrip.sh /media/Chaos_Calmer15.05.1/openwrt/build_dir/target-mips_34kc_uClibc-0.9.33.2/linux-ar71xx_generic/compat-wireless-2015-03-09/ipkg-ar71xx/kmod-cfg80211
rstrip.sh: /media/Chaos_Calmer15.05.1/openwrt/build_dir/target-mips_34kc_uClibc-0.9.33.2/linux-ar71xx_generic/compat-wireless-2015-03-09/ipkg-ar71xx/kmod-cfg80211/lib/modules/3.18.23/compat.ko: relocatable
rstrip.sh: /media/Chaos_Calmer15.05.1/openwrt/build_dir/target-mips_34kc_uClibc-0.9.33.2/linux-ar71xx_generic/compat-wireless-2015-03-09/ipkg-ar71xx/kmod-cfg80211/lib/modules/3.18.23/cfg80211.ko: relocatable
(cd /media/Chaos_Calmer15.05.1/openwrt/build_dir/target-mips_34kc_uClibc-0.9.33.2/linux-ar71xx_generic/compat-wireless-2015-03-09/ipkg-ar71xx/kmod-cfg80211/CONTROL; ( echo "$CONTROL"; printf "Description: "; echo "$DESCRIPTION" | sed -e 's,^[[:space:]]*, ,g'; ) > control; chmod 644 control; ( echo "#!/bin/sh"; echo "[ \"\${IPKG_NO_SCRIPT}\" = \"1\" ] && exit 0"; echo ". \${IPKG_INSTROOT}/lib/functions.sh"; echo "default_postinst \$0 \$@"; ) > postinst; ( echo "#!/bin/sh"; echo ". \${IPKG_INSTROOT}/lib/functions.sh"; echo "default_prerm \$0 \$@"; ) > prerm; chmod 0755 postinst prerm;  )
install -d -m0755 /media/Chaos_Calmer15.05.1/openwrt/bin/ar71xx/packages/base
/media/Chaos_Calmer15.05.1/openwrt/scripts/ipkg-build -c -o 0 -g 0 /media/Chaos_Calmer15.05.1/openwrt/build_dir/target-mips_34kc_uClibc-0.9.33.2/linux-ar71xx_generic/compat-wireless-2015-03-09/ipkg-ar71xx/kmod-cfg80211 /media/Chaos_Calmer15.05.1/openwrt/bin/ar71xx/packages/base
Packaged contents of /media/Chaos_Calmer15.05.1/openwrt/build_dir/target-mips_34kc_uClibc-0.9.33.2/linux-ar71xx_generic/compat-wireless-2015-03-09/ipkg-ar71xx/kmod-cfg80211 into /media/Chaos_Calmer15.05.1/openwrt/bin/ar71xx/packages/base/kmod-cfg80211_3.18.23+2015-03-09-3_ar71xx.ipk
rm -rf /media/Chaos_Calmer15.05.1/openwrt/staging_dir/target-mips_34kc_uClibc-0.9.33.2/root-ar71xx/tmp-kmod-cfg80211
mkdir -p /media/Chaos_Calmer15.05.1/openwrt/staging_dir/target-mips_34kc_uClibc-0.9.33.2/root-ar71xx/stamp /media/Chaos_Calmer15.05.1/openwrt/staging_dir/target-mips_34kc_uClibc-0.9.33.2/root-ar71xx/tmp-kmod-cfg80211
. /media/Chaos_Calmer15.05.1/openwrt/include/shell.sh; export modules=; probe_module() { mods="$1"; boot="$2"; shift 2; for mod in $mods; do mkdir -p /media/Chaos_Calmer15.05.1/openwrt/staging_dir/target-mips_34kc_uClibc-0.9.33.2/root-ar71xx/tmp-kmod-cfg80211/etc/modules.d; echo "$mod" >> /media/Chaos_Calmer15.05.1/openwrt/staging_dir/target-mips_34kc_uClibc-0.9.33.2/root-ar71xx/tmp-kmod-cfg80211/etc/modules.d/cfg80211; done; if [ -e /media/Chaos_Calmer15.05.1/openwrt/staging_dir/target-mips_34kc_uClibc-0.9.33.2/root-ar71xx/tmp-kmod-cfg80211/etc/modules.d/cfg80211 ]; then if [ "$boot" = "1" ]; then mkdir -p /media/Chaos_Calmer15.05.1/openwrt/staging_dir/target-mips_34kc_uClibc-0.9.33.2/root-ar71xx/tmp-kmod-cfg80211/etc/modules-boot.d; ln -s ../modules.d/cfg80211 /media/Chaos_Calmer15.05.1/openwrt/staging_dir/target-mips_34kc_uClibc-0.9.33.2/root-ar71xx/tmp-kmod-cfg80211/etc/modules-boot.d/; fi; modules="${modules:+$modules }$mods"; fi; }; add_module() { priority="$1"; mods="$2"; boot="$3"; shift 3; for mod in $mods; do mkdir -p /media/Chaos_Calmer15.05.1/openwrt/staging_dir/target-mips_34kc_uClibc-0.9.33.2/root-ar71xx/tmp-kmod-cfg80211/etc/modules.d; echo "$mod" >> /media/Chaos_Calmer15.05.1/openwrt/staging_dir/target-mips_34kc_uClibc-0.9.33.2/root-ar71xx/tmp-kmod-cfg80211/etc/modules.d/$priority-cfg80211; done; if [ -e /media/Chaos_Calmer15.05.1/openwrt/staging_dir/target-mips_34kc_uClibc-0.9.33.2/root-ar71xx/tmp-kmod-cfg80211/etc/modules.d/$priority-cfg80211 ]; then if [ "$boot" = "1" ]; then mkdir -p /media/Chaos_Calmer15.05.1/openwrt/staging_dir/target-mips_34kc_uClibc-0.9.33.2/root-ar71xx/tmp-kmod-cfg80211/etc/modules-boot.d; ln -s ../modules.d/$priority-cfg80211 /media/Chaos_Calmer15.05.1/openwrt/staging_dir/target-mips_34kc_uClibc-0.9.33.2/root-ar71xx/tmp-kmod-cfg80211/etc/modules-boot.d/; fi; modules="${modules:+$modules }$priority-cfg80211"; fi; };  if [ -n "$modules" ]; then mkdir -p /media/Chaos_Calmer15.05.1/openwrt/staging_dir/target-mips_34kc_uClibc-0.9.33.2/root-ar71xx/tmp-kmod-cfg80211/etc/modules.d; mkdir -p /media/Chaos_Calmer15.05.1/openwrt/staging_dir/target-mips_34kc_uClibc-0.9.33.2/root-ar71xx/tmp-kmod-cfg80211/CONTROL; echo "#!/bin/sh" > /media/Chaos_Calmer15.05.1/openwrt/staging_dir/target-mips_34kc_uClibc-0.9.33.2/root-ar71xx/tmp-kmod-cfg80211/CONTROL/postinst-pkg; echo "[ -z \"\$IPKG_INSTROOT\" ] || exit 0" >> /media/Chaos_Calmer15.05.1/openwrt/staging_dir/target-mips_34kc_uClibc-0.9.33.2/root-ar71xx/tmp-kmod-cfg80211/CONTROL/postinst-pkg; echo ". /lib/functions.sh" >> /media/Chaos_Calmer15.05.1/openwrt/staging_dir/target-mips_34kc_uClibc-0.9.33.2/root-ar71xx/tmp-kmod-cfg80211/CONTROL/postinst-pkg; echo "insert_modules $modules" >> /media/Chaos_Calmer15.05.1/openwrt/staging_dir/target-mips_34kc_uClibc-0.9.33.2/root-ar71xx/tmp-kmod-cfg80211/CONTROL/postinst-pkg; chmod 0755 /media/Chaos_Calmer15.05.1/openwrt/staging_dir/target-mips_34kc_uClibc-0.9.33.2/root-ar71xx/tmp-kmod-cfg80211/CONTROL/postinst-pkg; fi
install -d -m0755 /media/Chaos_Calmer15.05.1/openwrt/staging_dir/target-mips_34kc_uClibc-0.9.33.2/root-ar71xx/tmp-kmod-cfg80211/lib/wifi /media/Chaos_Calmer15.05.1/openwrt/staging_dir/target-mips_34kc_uClibc-0.9.33.2/root-ar71xx/tmp-kmod-cfg80211/lib/netifd/wireless
install -m0644 ./files/lib/wifi/mac80211.sh /media/Chaos_Calmer15.05.1/openwrt/staging_dir/target-mips_34kc_uClibc-0.9.33.2/root-ar71xx/tmp-kmod-cfg80211/lib/wifi
install -m0755 ./files/lib/netifd/wireless/mac80211.sh /media/Chaos_Calmer15.05.1/openwrt/staging_dir/target-mips_34kc_uClibc-0.9.33.2/root-ar71xx/tmp-kmod-cfg80211/lib/netifd/wireless
SHELL= /media/Chaos_Calmer15.05.1/openwrt/staging_dir/host/bin/flock /media/Chaos_Calmer15.05.1/openwrt/tmp/.root-copy.flock -c 'cp -fpR /media/Chaos_Calmer15.05.1/openwrt/staging_dir/target-mips_34kc_uClibc-0.9.33.2/root-ar71xx/tmp-kmod-cfg80211/. /media/Chaos_Calmer15.05.1/openwrt/staging_dir/target-mips_34kc_uClibc-0.9.33.2/root-ar71xx/'
rm -rf /media/Chaos_Calmer15.05.1/openwrt/staging_dir/target-mips_34kc_uClibc-0.9.33.2/root-ar71xx/tmp-kmod-cfg80211
touch /media/Chaos_Calmer15.05.1/openwrt/staging_dir/target-mips_34kc_uClibc-0.9.33.2/root-ar71xx/stamp/.kmod-cfg80211_installed
if [ -f /media/Chaos_Calmer15.05.1/openwrt/staging_dir/target-mips_34kc_uClibc-0.9.33.2/pkginfo/mac80211.default.install.clean ]; then rm -f /media/Chaos_Calmer15.05.1/openwrt/staging_dir/target-mips_34kc_uClibc-0.9.33.2/pkginfo/mac80211.default.install /media/Chaos_Calmer15.05.1/openwrt/staging_dir/target-mips_34kc_uClibc-0.9.33.2/pkginfo/mac80211.default.install.clean; fi; echo "kmod-cfg80211" >> /media/Chaos_Calmer15.05.1/openwrt/staging_dir/target-mips_34kc_uClibc-0.9.33.2/pkginfo/mac80211.default.install
mkdir -p /media/Chaos_Calmer15.05.1/openwrt/bin/ar71xx/packages /media/Chaos_Calmer15.05.1/openwrt/build_dir/target-mips_34kc_uClibc-0.9.33.2/linux-ar71xx_generic/compat-wireless-2015-03-09/ipkg-ar71xx/kmod-mac80211/CONTROL /media/Chaos_Calmer15.05.1/openwrt/staging_dir/target-mips_34kc_uClibc-0.9.33.2/pkginfo
. /media/Chaos_Calmer15.05.1/openwrt/include/shell.sh; export modules=; probe_module() { mods="$1"; boot="$2"; shift 2; for mod in $mods; do mkdir -p /media/Chaos_Calmer15.05.1/openwrt/build_dir/target-mips_34kc_uClibc-0.9.33.2/linux-ar71xx_generic/compat-wireless-2015-03-09/ipkg-ar71xx/kmod-mac80211/etc/modules.d; echo "$mod" >> /media/Chaos_Calmer15.05.1/openwrt/build_dir/target-mips_34kc_uClibc-0.9.33.2/linux-ar71xx_generic/compat-wireless-2015-03-09/ipkg-ar71xx/kmod-mac80211/etc/modules.d/mac80211; done; if [ -e /media/Chaos_Calmer15.05.1/openwrt/build_dir/target-mips_34kc_uClibc-0.9.33.2/linux-ar71xx_generic/compat-wireless-2015-03-09/ipkg-ar71xx/kmod-mac80211/etc/modules.d/mac80211 ]; then if [ "$boot" = "1" ]; then mkdir -p /media/Chaos_Calmer15.05.1/openwrt/build_dir/target-mips_34kc_uClibc-0.9.33.2/linux-ar71xx_generic/compat-wireless-2015-03-09/ipkg-ar71xx/kmod-mac80211/etc/modules-boot.d; ln -s ../modules.d/mac80211 /media/Chaos_Calmer15.05.1/openwrt/build_dir/target-mips_34kc_uClibc-0.9.33.2/linux-ar71xx_generic/compat-wireless-2015-03-09/ipkg-ar71xx/kmod-mac80211/etc/modules-boot.d/; fi; modules="${modules:+$modules }$mods"; fi; }; add_module() { priority="$1"; mods="$2"; boot="$3"; shift 3; for mod in $mods; do mkdir -p /media/Chaos_Calmer15.05.1/openwrt/build_dir/target-mips_34kc_uClibc-0.9.33.2/linux-ar71xx_generic/compat-wireless-2015-03-09/ipkg-ar71xx/kmod-mac80211/etc/modules.d; echo "$mod" >> /media/Chaos_Calmer15.05.1/openwrt/build_dir/target-mips_34kc_uClibc-0.9.33.2/linux-ar71xx_generic/compat-wireless-2015-03-09/ipkg-ar71xx/kmod-mac80211/etc/modules.d/$priority-mac80211; done; if [ -e /media/Chaos_Calmer15.05.1/openwrt/build_dir/target-mips_34kc_uClibc-0.9.33.2/linux-ar71xx_generic/compat-wireless-2015-03-09/ipkg-ar71xx/kmod-mac80211/etc/modules.d/$priority-mac80211 ]; then if [ "$boot" = "1" ]; then mkdir -p /media/Chaos_Calmer15.05.1/openwrt/build_dir/target-mips_34kc_uClibc-0.9.33.2/linux-ar71xx_generic/compat-wireless-2015-03-09/ipkg-ar71xx/kmod-mac80211/etc/modules-boot.d; ln -s ../modules.d/$priority-mac80211 /media/Chaos_Calmer15.05.1/openwrt/build_dir/target-mips_34kc_uClibc-0.9.33.2/linux-ar71xx_generic/compat-wireless-2015-03-09/ipkg-ar71xx/kmod-mac80211/etc/modules-boot.d/; fi; modules="${modules:+$modules }$priority-mac80211"; fi; };  if [ -n "$modules" ]; then mkdir -p /media/Chaos_Calmer15.05.1/openwrt/build_dir/target-mips_34kc_uClibc-0.9.33.2/linux-ar71xx_generic/compat-wireless-2015-03-09/ipkg-ar71xx/kmod-mac80211/etc/modules.d; mkdir -p /media/Chaos_Calmer15.05.1/openwrt/build_dir/target-mips_34kc_uClibc-0.9.33.2/linux-ar71xx_generic/compat-wireless-2015-03-09/ipkg-ar71xx/kmod-mac80211/CONTROL; echo "#!/bin/sh" > /media/Chaos_Calmer15.05.1/openwrt/build_dir/target-mips_34kc_uClibc-0.9.33.2/linux-ar71xx_generic/compat-wireless-2015-03-09/ipkg-ar71xx/kmod-mac80211/CONTROL/postinst-pkg; echo "[ -z \"\$IPKG_INSTROOT\" ] || exit 0" >> /media/Chaos_Calmer15.05.1/openwrt/build_dir/target-mips_34kc_uClibc-0.9.33.2/linux-ar71xx_generic/compat-wireless-2015-03-09/ipkg-ar71xx/kmod-mac80211/CONTROL/postinst-pkg; echo ". /lib/functions.sh" >> /media/Chaos_Calmer15.05.1/openwrt/build_dir/target-mips_34kc_uClibc-0.9.33.2/linux-ar71xx_generic/compat-wireless-2015-03-09/ipkg-ar71xx/kmod-mac80211/CONTROL/postinst-pkg; echo "insert_modules $modules" >> /media/Chaos_Calmer15.05.1/openwrt/build_dir/target-mips_34kc_uClibc-0.9.33.2/linux-ar71xx_generic/compat-wireless-2015-03-09/ipkg-ar71xx/kmod-mac80211/CONTROL/postinst-pkg; chmod 0755 /media/Chaos_Calmer15.05.1/openwrt/build_dir/target-mips_34kc_uClibc-0.9.33.2/linux-ar71xx_generic/compat-wireless-2015-03-09/ipkg-ar71xx/kmod-mac80211/CONTROL/postinst-pkg; fi
find /media/Chaos_Calmer15.05.1/openwrt/build_dir/target-mips_34kc_uClibc-0.9.33.2/linux-ar71xx_generic/compat-wireless-2015-03-09/ipkg-ar71xx/kmod-mac80211 -name 'CVS' -o -name '.svn' -o -name '.#*' -o -name '*~'| xargs -r rm -rf
export CROSS="mips-openwrt-linux-uclibc-" NO_RENAME=1 ; NM="mips-openwrt-linux-uclibc-nm" STRIP="/media/Chaos_Calmer15.05.1/openwrt/staging_dir/host/bin/sstrip" STRIP_KMOD="/media/Chaos_Calmer15.05.1/openwrt/scripts/strip-kmod.sh" PATCHELF="/media/Chaos_Calmer15.05.1/openwrt/staging_dir/host/bin/patchelf" /media/Chaos_Calmer15.05.1/openwrt/scripts/rstrip.sh /media/Chaos_Calmer15.05.1/openwrt/build_dir/target-mips_34kc_uClibc-0.9.33.2/linux-ar71xx_generic/compat-wireless-2015-03-09/ipkg-ar71xx/kmod-mac80211
rstrip.sh: /media/Chaos_Calmer15.05.1/openwrt/build_dir/target-mips_34kc_uClibc-0.9.33.2/linux-ar71xx_generic/compat-wireless-2015-03-09/ipkg-ar71xx/kmod-mac80211/lib/modules/3.18.23/mac80211.ko: relocatable
(cd /media/Chaos_Calmer15.05.1/openwrt/build_dir/target-mips_34kc_uClibc-0.9.33.2/linux-ar71xx_generic/compat-wireless-2015-03-09/ipkg-ar71xx/kmod-mac80211/CONTROL; ( echo "$CONTROL"; printf "Description: "; echo "$DESCRIPTION" | sed -e 's,^[[:space:]]*, ,g'; ) > control; chmod 644 control; ( echo "#!/bin/sh"; echo "[ \"\${IPKG_NO_SCRIPT}\" = \"1\" ] && exit 0"; echo ". \${IPKG_INSTROOT}/lib/functions.sh"; echo "default_postinst \$0 \$@"; ) > postinst; ( echo "#!/bin/sh"; echo ". \${IPKG_INSTROOT}/lib/functions.sh"; echo "default_prerm \$0 \$@"; ) > prerm; chmod 0755 postinst prerm;  )
install -d -m0755 /media/Chaos_Calmer15.05.1/openwrt/bin/ar71xx/packages/base
/media/Chaos_Calmer15.05.1/openwrt/scripts/ipkg-build -c -o 0 -g 0 /media/Chaos_Calmer15.05.1/openwrt/build_dir/target-mips_34kc_uClibc-0.9.33.2/linux-ar71xx_generic/compat-wireless-2015-03-09/ipkg-ar71xx/kmod-mac80211 /media/Chaos_Calmer15.05.1/openwrt/bin/ar71xx/packages/base
Packaged contents of /media/Chaos_Calmer15.05.1/openwrt/build_dir/target-mips_34kc_uClibc-0.9.33.2/linux-ar71xx_generic/compat-wireless-2015-03-09/ipkg-ar71xx/kmod-mac80211 into /media/Chaos_Calmer15.05.1/openwrt/bin/ar71xx/packages/base/kmod-mac80211_3.18.23+2015-03-09-3_ar71xx.ipk
rm -rf /media/Chaos_Calmer15.05.1/openwrt/staging_dir/target-mips_34kc_uClibc-0.9.33.2/root-ar71xx/tmp-kmod-mac80211
mkdir -p /media/Chaos_Calmer15.05.1/openwrt/staging_dir/target-mips_34kc_uClibc-0.9.33.2/root-ar71xx/stamp /media/Chaos_Calmer15.05.1/openwrt/staging_dir/target-mips_34kc_uClibc-0.9.33.2/root-ar71xx/tmp-kmod-mac80211
. /media/Chaos_Calmer15.05.1/openwrt/include/shell.sh; export modules=; probe_module() { mods="$1"; boot="$2"; shift 2; for mod in $mods; do mkdir -p /media/Chaos_Calmer15.05.1/openwrt/staging_dir/target-mips_34kc_uClibc-0.9.33.2/root-ar71xx/tmp-kmod-mac80211/etc/modules.d; echo "$mod" >> /media/Chaos_Calmer15.05.1/openwrt/staging_dir/target-mips_34kc_uClibc-0.9.33.2/root-ar71xx/tmp-kmod-mac80211/etc/modules.d/mac80211; done; if [ -e /media/Chaos_Calmer15.05.1/openwrt/staging_dir/target-mips_34kc_uClibc-0.9.33.2/root-ar71xx/tmp-kmod-mac80211/etc/modules.d/mac80211 ]; then if [ "$boot" = "1" ]; then mkdir -p /media/Chaos_Calmer15.05.1/openwrt/staging_dir/target-mips_34kc_uClibc-0.9.33.2/root-ar71xx/tmp-kmod-mac80211/etc/modules-boot.d; ln -s ../modules.d/mac80211 /media/Chaos_Calmer15.05.1/openwrt/staging_dir/target-mips_34kc_uClibc-0.9.33.2/root-ar71xx/tmp-kmod-mac80211/etc/modules-boot.d/; fi; modules="${modules:+$modules }$mods"; fi; }; add_module() { priority="$1"; mods="$2"; boot="$3"; shift 3; for mod in $mods; do mkdir -p /media/Chaos_Calmer15.05.1/openwrt/staging_dir/target-mips_34kc_uClibc-0.9.33.2/root-ar71xx/tmp-kmod-mac80211/etc/modules.d; echo "$mod" >> /media/Chaos_Calmer15.05.1/openwrt/staging_dir/target-mips_34kc_uClibc-0.9.33.2/root-ar71xx/tmp-kmod-mac80211/etc/modules.d/$priority-mac80211; done; if [ -e /media/Chaos_Calmer15.05.1/openwrt/staging_dir/target-mips_34kc_uClibc-0.9.33.2/root-ar71xx/tmp-kmod-mac80211/etc/modules.d/$priority-mac80211 ]; then if [ "$boot" = "1" ]; then mkdir -p /media/Chaos_Calmer15.05.1/openwrt/staging_dir/target-mips_34kc_uClibc-0.9.33.2/root-ar71xx/tmp-kmod-mac80211/etc/modules-boot.d; ln -s ../modules.d/$priority-mac80211 /media/Chaos_Calmer15.05.1/openwrt/staging_dir/target-mips_34kc_uClibc-0.9.33.2/root-ar71xx/tmp-kmod-mac80211/etc/modules-boot.d/; fi; modules="${modules:+$modules }$priority-mac80211"; fi; };  if [ -n "$modules" ]; then mkdir -p /media/Chaos_Calmer15.05.1/openwrt/staging_dir/target-mips_34kc_uClibc-0.9.33.2/root-ar71xx/tmp-kmod-mac80211/etc/modules.d; mkdir -p /media/Chaos_Calmer15.05.1/openwrt/staging_dir/target-mips_34kc_uClibc-0.9.33.2/root-ar71xx/tmp-kmod-mac80211/CONTROL; echo "#!/bin/sh" > /media/Chaos_Calmer15.05.1/openwrt/staging_dir/target-mips_34kc_uClibc-0.9.33.2/root-ar71xx/tmp-kmod-mac80211/CONTROL/postinst-pkg; echo "[ -z \"\$IPKG_INSTROOT\" ] || exit 0" >> /media/Chaos_Calmer15.05.1/openwrt/staging_dir/target-mips_34kc_uClibc-0.9.33.2/root-ar71xx/tmp-kmod-mac80211/CONTROL/postinst-pkg; echo ". /lib/functions.sh" >> /media/Chaos_Calmer15.05.1/openwrt/staging_dir/target-mips_34kc_uClibc-0.9.33.2/root-ar71xx/tmp-kmod-mac80211/CONTROL/postinst-pkg; echo "insert_modules $modules" >> /media/Chaos_Calmer15.05.1/openwrt/staging_dir/target-mips_34kc_uClibc-0.9.33.2/root-ar71xx/tmp-kmod-mac80211/CONTROL/postinst-pkg; chmod 0755 /media/Chaos_Calmer15.05.1/openwrt/staging_dir/target-mips_34kc_uClibc-0.9.33.2/root-ar71xx/tmp-kmod-mac80211/CONTROL/postinst-pkg; fi
SHELL= /media/Chaos_Calmer15.05.1/openwrt/staging_dir/host/bin/flock /media/Chaos_Calmer15.05.1/openwrt/tmp/.root-copy.flock -c 'cp -fpR /media/Chaos_Calmer15.05.1/openwrt/staging_dir/target-mips_34kc_uClibc-0.9.33.2/root-ar71xx/tmp-kmod-mac80211/. /media/Chaos_Calmer15.05.1/openwrt/staging_dir/target-mips_34kc_uClibc-0.9.33.2/root-ar71xx/'
rm -rf /media/Chaos_Calmer15.05.1/openwrt/staging_dir/target-mips_34kc_uClibc-0.9.33.2/root-ar71xx/tmp-kmod-mac80211
touch /media/Chaos_Calmer15.05.1/openwrt/staging_dir/target-mips_34kc_uClibc-0.9.33.2/root-ar71xx/stamp/.kmod-mac80211_installed
if [ -f /media/Chaos_Calmer15.05.1/openwrt/staging_dir/target-mips_34kc_uClibc-0.9.33.2/pkginfo/mac80211.default.install.clean ]; then rm -f /media/Chaos_Calmer15.05.1/openwrt/staging_dir/target-mips_34kc_uClibc-0.9.33.2/pkginfo/mac80211.default.install /media/Chaos_Calmer15.05.1/openwrt/staging_dir/target-mips_34kc_uClibc-0.9.33.2/pkginfo/mac80211.default.install.clean; fi; echo "kmod-mac80211" >> /media/Chaos_Calmer15.05.1/openwrt/staging_dir/target-mips_34kc_uClibc-0.9.33.2/pkginfo/mac80211.default.install
mkdir -p /media/Chaos_Calmer15.05.1/openwrt/bin/ar71xx/packages /media/Chaos_Calmer15.05.1/openwrt/build_dir/target-mips_34kc_uClibc-0.9.33.2/linux-ar71xx_generic/compat-wireless-2015-03-09/ipkg-ar71xx/kmod-ath/CONTROL /media/Chaos_Calmer15.05.1/openwrt/staging_dir/target-mips_34kc_uClibc-0.9.33.2/pkginfo
. /media/Chaos_Calmer15.05.1/openwrt/include/shell.sh; export modules=; probe_module() { mods="$1"; boot="$2"; shift 2; for mod in $mods; do mkdir -p /media/Chaos_Calmer15.05.1/openwrt/build_dir/target-mips_34kc_uClibc-0.9.33.2/linux-ar71xx_generic/compat-wireless-2015-03-09/ipkg-ar71xx/kmod-ath/etc/modules.d; echo "$mod" >> /media/Chaos_Calmer15.05.1/openwrt/build_dir/target-mips_34kc_uClibc-0.9.33.2/linux-ar71xx_generic/compat-wireless-2015-03-09/ipkg-ar71xx/kmod-ath/etc/modules.d/ath; done; if [ -e /media/Chaos_Calmer15.05.1/openwrt/build_dir/target-mips_34kc_uClibc-0.9.33.2/linux-ar71xx_generic/compat-wireless-2015-03-09/ipkg-ar71xx/kmod-ath/etc/modules.d/ath ]; then if [ "$boot" = "1" ]; then mkdir -p /media/Chaos_Calmer15.05.1/openwrt/build_dir/target-mips_34kc_uClibc-0.9.33.2/linux-ar71xx_generic/compat-wireless-2015-03-09/ipkg-ar71xx/kmod-ath/etc/modules-boot.d; ln -s ../modules.d/ath /media/Chaos_Calmer15.05.1/openwrt/build_dir/target-mips_34kc_uClibc-0.9.33.2/linux-ar71xx_generic/compat-wireless-2015-03-09/ipkg-ar71xx/kmod-ath/etc/modules-boot.d/; fi; modules="${modules:+$modules }$mods"; fi; }; add_module() { priority="$1"; mods="$2"; boot="$3"; shift 3; for mod in $mods; do mkdir -p /media/Chaos_Calmer15.05.1/openwrt/build_dir/target-mips_34kc_uClibc-0.9.33.2/linux-ar71xx_generic/compat-wireless-2015-03-09/ipkg-ar71xx/kmod-ath/etc/modules.d; echo "$mod" >> /media/Chaos_Calmer15.05.1/openwrt/build_dir/target-mips_34kc_uClibc-0.9.33.2/linux-ar71xx_generic/compat-wireless-2015-03-09/ipkg-ar71xx/kmod-ath/etc/modules.d/$priority-ath; done; if [ -e /media/Chaos_Calmer15.05.1/openwrt/build_dir/target-mips_34kc_uClibc-0.9.33.2/linux-ar71xx_generic/compat-wireless-2015-03-09/ipkg-ar71xx/kmod-ath/etc/modules.d/$priority-ath ]; then if [ "$boot" = "1" ]; then mkdir -p /media/Chaos_Calmer15.05.1/openwrt/build_dir/target-mips_34kc_uClibc-0.9.33.2/linux-ar71xx_generic/compat-wireless-2015-03-09/ipkg-ar71xx/kmod-ath/etc/modules-boot.d; ln -s ../modules.d/$priority-ath /media/Chaos_Calmer15.05.1/openwrt/build_dir/target-mips_34kc_uClibc-0.9.33.2/linux-ar71xx_generic/compat-wireless-2015-03-09/ipkg-ar71xx/kmod-ath/etc/modules-boot.d/; fi; modules="${modules:+$modules }$priority-ath"; fi; };  if [ -n "$modules" ]; then mkdir -p /media/Chaos_Calmer15.05.1/openwrt/build_dir/target-mips_34kc_uClibc-0.9.33.2/linux-ar71xx_generic/compat-wireless-2015-03-09/ipkg-ar71xx/kmod-ath/etc/modules.d; mkdir -p /media/Chaos_Calmer15.05.1/openwrt/build_dir/target-mips_34kc_uClibc-0.9.33.2/linux-ar71xx_generic/compat-wireless-2015-03-09/ipkg-ar71xx/kmod-ath/CONTROL; echo "#!/bin/sh" > /media/Chaos_Calmer15.05.1/openwrt/build_dir/target-mips_34kc_uClibc-0.9.33.2/linux-ar71xx_generic/compat-wireless-2015-03-09/ipkg-ar71xx/kmod-ath/CONTROL/postinst-pkg; echo "[ -z \"\$IPKG_INSTROOT\" ] || exit 0" >> /media/Chaos_Calmer15.05.1/openwrt/build_dir/target-mips_34kc_uClibc-0.9.33.2/linux-ar71xx_generic/compat-wireless-2015-03-09/ipkg-ar71xx/kmod-ath/CONTROL/postinst-pkg; echo ". /lib/functions.sh" >> /media/Chaos_Calmer15.05.1/openwrt/build_dir/target-mips_34kc_uClibc-0.9.33.2/linux-ar71xx_generic/compat-wireless-2015-03-09/ipkg-ar71xx/kmod-ath/CONTROL/postinst-pkg; echo "insert_modules $modules" >> /media/Chaos_Calmer15.05.1/openwrt/build_dir/target-mips_34kc_uClibc-0.9.33.2/linux-ar71xx_generic/compat-wireless-2015-03-09/ipkg-ar71xx/kmod-ath/CONTROL/postinst-pkg; chmod 0755 /media/Chaos_Calmer15.05.1/openwrt/build_dir/target-mips_34kc_uClibc-0.9.33.2/linux-ar71xx_generic/compat-wireless-2015-03-09/ipkg-ar71xx/kmod-ath/CONTROL/postinst-pkg; fi
find /media/Chaos_Calmer15.05.1/openwrt/build_dir/target-mips_34kc_uClibc-0.9.33.2/linux-ar71xx_generic/compat-wireless-2015-03-09/ipkg-ar71xx/kmod-ath -name 'CVS' -o -name '.svn' -o -name '.#*' -o -name '*~'| xargs -r rm -rf
export CROSS="mips-openwrt-linux-uclibc-" NO_RENAME=1 ; NM="mips-openwrt-linux-uclibc-nm" STRIP="/media/Chaos_Calmer15.05.1/openwrt/staging_dir/host/bin/sstrip" STRIP_KMOD="/media/Chaos_Calmer15.05.1/openwrt/scripts/strip-kmod.sh" PATCHELF="/media/Chaos_Calmer15.05.1/openwrt/staging_dir/host/bin/patchelf" /media/Chaos_Calmer15.05.1/openwrt/scripts/rstrip.sh /media/Chaos_Calmer15.05.1/openwrt/build_dir/target-mips_34kc_uClibc-0.9.33.2/linux-ar71xx_generic/compat-wireless-2015-03-09/ipkg-ar71xx/kmod-ath
rstrip.sh: /media/Chaos_Calmer15.05.1/openwrt/build_dir/target-mips_34kc_uClibc-0.9.33.2/linux-ar71xx_generic/compat-wireless-2015-03-09/ipkg-ar71xx/kmod-ath/lib/modules/3.18.23/ath.ko: relocatable
(cd /media/Chaos_Calmer15.05.1/openwrt/build_dir/target-mips_34kc_uClibc-0.9.33.2/linux-ar71xx_generic/compat-wireless-2015-03-09/ipkg-ar71xx/kmod-ath/CONTROL; ( echo "$CONTROL"; printf "Description: "; echo "$DESCRIPTION" | sed -e 's,^[[:space:]]*, ,g'; ) > control; chmod 644 control; ( echo "#!/bin/sh"; echo "[ \"\${IPKG_NO_SCRIPT}\" = \"1\" ] && exit 0"; echo ". \${IPKG_INSTROOT}/lib/functions.sh"; echo "default_postinst \$0 \$@"; ) > postinst; ( echo "#!/bin/sh"; echo ". \${IPKG_INSTROOT}/lib/functions.sh"; echo "default_prerm \$0 \$@"; ) > prerm; chmod 0755 postinst prerm;  )
install -d -m0755 /media/Chaos_Calmer15.05.1/openwrt/bin/ar71xx/packages/base
/media/Chaos_Calmer15.05.1/openwrt/scripts/ipkg-build -c -o 0 -g 0 /media/Chaos_Calmer15.05.1/openwrt/build_dir/target-mips_34kc_uClibc-0.9.33.2/linux-ar71xx_generic/compat-wireless-2015-03-09/ipkg-ar71xx/kmod-ath /media/Chaos_Calmer15.05.1/openwrt/bin/ar71xx/packages/base
Packaged contents of /media/Chaos_Calmer15.05.1/openwrt/build_dir/target-mips_34kc_uClibc-0.9.33.2/linux-ar71xx_generic/compat-wireless-2015-03-09/ipkg-ar71xx/kmod-ath into /media/Chaos_Calmer15.05.1/openwrt/bin/ar71xx/packages/base/kmod-ath_3.18.23+2015-03-09-3_ar71xx.ipk
mkdir -p /media/Chaos_Calmer15.05.1/openwrt/bin/ar71xx/packages /media/Chaos_Calmer15.05.1/openwrt/build_dir/target-mips_34kc_uClibc-0.9.33.2/linux-ar71xx_generic/compat-wireless-2015-03-09/ipkg-ar71xx/kmod-ath9k-common/CONTROL /media/Chaos_Calmer15.05.1/openwrt/staging_dir/target-mips_34kc_uClibc-0.9.33.2/pkginfo
. /media/Chaos_Calmer15.05.1/openwrt/include/shell.sh; export modules=; probe_module() { mods="$1"; boot="$2"; shift 2; for mod in $mods; do mkdir -p /media/Chaos_Calmer15.05.1/openwrt/build_dir/target-mips_34kc_uClibc-0.9.33.2/linux-ar71xx_generic/compat-wireless-2015-03-09/ipkg-ar71xx/kmod-ath9k-common/etc/modules.d; echo "$mod" >> /media/Chaos_Calmer15.05.1/openwrt/build_dir/target-mips_34kc_uClibc-0.9.33.2/linux-ar71xx_generic/compat-wireless-2015-03-09/ipkg-ar71xx/kmod-ath9k-common/etc/modules.d/ath9k-common; done; if [ -e /media/Chaos_Calmer15.05.1/openwrt/build_dir/target-mips_34kc_uClibc-0.9.33.2/linux-ar71xx_generic/compat-wireless-2015-03-09/ipkg-ar71xx/kmod-ath9k-common/etc/modules.d/ath9k-common ]; then if [ "$boot" = "1" ]; then mkdir -p /media/Chaos_Calmer15.05.1/openwrt/build_dir/target-mips_34kc_uClibc-0.9.33.2/linux-ar71xx_generic/compat-wireless-2015-03-09/ipkg-ar71xx/kmod-ath9k-common/etc/modules-boot.d; ln -s ../modules.d/ath9k-common /media/Chaos_Calmer15.05.1/openwrt/build_dir/target-mips_34kc_uClibc-0.9.33.2/linux-ar71xx_generic/compat-wireless-2015-03-09/ipkg-ar71xx/kmod-ath9k-common/etc/modules-boot.d/; fi; modules="${modules:+$modules }$mods"; fi; }; add_module() { priority="$1"; mods="$2"; boot="$3"; shift 3; for mod in $mods; do mkdir -p /media/Chaos_Calmer15.05.1/openwrt/build_dir/target-mips_34kc_uClibc-0.9.33.2/linux-ar71xx_generic/compat-wireless-2015-03-09/ipkg-ar71xx/kmod-ath9k-common/etc/modules.d; echo "$mod" >> /media/Chaos_Calmer15.05.1/openwrt/build_dir/target-mips_34kc_uClibc-0.9.33.2/linux-ar71xx_generic/compat-wireless-2015-03-09/ipkg-ar71xx/kmod-ath9k-common/etc/modules.d/$priority-ath9k-common; done; if [ -e /media/Chaos_Calmer15.05.1/openwrt/build_dir/target-mips_34kc_uClibc-0.9.33.2/linux-ar71xx_generic/compat-wireless-2015-03-09/ipkg-ar71xx/kmod-ath9k-common/etc/modules.d/$priority-ath9k-common ]; then if [ "$boot" = "1" ]; then mkdir -p /media/Chaos_Calmer15.05.1/openwrt/build_dir/target-mips_34kc_uClibc-0.9.33.2/linux-ar71xx_generic/compat-wireless-2015-03-09/ipkg-ar71xx/kmod-ath9k-common/etc/modules-boot.d; ln -s ../modules.d/$priority-ath9k-common /media/Chaos_Calmer15.05.1/openwrt/build_dir/target-mips_34kc_uClibc-0.9.33.2/linux-ar71xx_generic/compat-wireless-2015-03-09/ipkg-ar71xx/kmod-ath9k-common/etc/modules-boot.d/; fi; modules="${modules:+$modules }$priority-ath9k-common"; fi; };  if [ -n "$modules" ]; then mkdir -p /media/Chaos_Calmer15.05.1/openwrt/build_dir/target-mips_34kc_uClibc-0.9.33.2/linux-ar71xx_generic/compat-wireless-2015-03-09/ipkg-ar71xx/kmod-ath9k-common/etc/modules.d; mkdir -p /media/Chaos_Calmer15.05.1/openwrt/build_dir/target-mips_34kc_uClibc-0.9.33.2/linux-ar71xx_generic/compat-wireless-2015-03-09/ipkg-ar71xx/kmod-ath9k-common/CONTROL; echo "#!/bin/sh" > /media/Chaos_Calmer15.05.1/openwrt/build_dir/target-mips_34kc_uClibc-0.9.33.2/linux-ar71xx_generic/compat-wireless-2015-03-09/ipkg-ar71xx/kmod-ath9k-common/CONTROL/postinst-pkg; echo "[ -z \"\$IPKG_INSTROOT\" ] || exit 0" >> /media/Chaos_Calmer15.05.1/openwrt/build_dir/target-mips_34kc_uClibc-0.9.33.2/linux-ar71xx_generic/compat-wireless-2015-03-09/ipkg-ar71xx/kmod-ath9k-common/CONTROL/postinst-pkg; echo ". /lib/functions.sh" >> /media/Chaos_Calmer15.05.1/openwrt/build_dir/target-mips_34kc_uClibc-0.9.33.2/linux-ar71xx_generic/compat-wireless-2015-03-09/ipkg-ar71xx/kmod-ath9k-common/CONTROL/postinst-pkg; echo "insert_modules $modules" >> /media/Chaos_Calmer15.05.1/openwrt/build_dir/target-mips_34kc_uClibc-0.9.33.2/linux-ar71xx_generic/compat-wireless-2015-03-09/ipkg-ar71xx/kmod-ath9k-common/CONTROL/postinst-pkg; chmod 0755 /media/Chaos_Calmer15.05.1/openwrt/build_dir/target-mips_34kc_uClibc-0.9.33.2/linux-ar71xx_generic/compat-wireless-2015-03-09/ipkg-ar71xx/kmod-ath9k-common/CONTROL/postinst-pkg; fi
find /media/Chaos_Calmer15.05.1/openwrt/build_dir/target-mips_34kc_uClibc-0.9.33.2/linux-ar71xx_generic/compat-wireless-2015-03-09/ipkg-ar71xx/kmod-ath9k-common -name 'CVS' -o -name '.svn' -o -name '.#*' -o -name '*~'| xargs -r rm -rf
export CROSS="mips-openwrt-linux-uclibc-" NO_RENAME=1 ; NM="mips-openwrt-linux-uclibc-nm" STRIP="/media/Chaos_Calmer15.05.1/openwrt/staging_dir/host/bin/sstrip" STRIP_KMOD="/media/Chaos_Calmer15.05.1/openwrt/scripts/strip-kmod.sh" PATCHELF="/media/Chaos_Calmer15.05.1/openwrt/staging_dir/host/bin/patchelf" /media/Chaos_Calmer15.05.1/openwrt/scripts/rstrip.sh /media/Chaos_Calmer15.05.1/openwrt/build_dir/target-mips_34kc_uClibc-0.9.33.2/linux-ar71xx_generic/compat-wireless-2015-03-09/ipkg-ar71xx/kmod-ath9k-common
rstrip.sh: /media/Chaos_Calmer15.05.1/openwrt/build_dir/target-mips_34kc_uClibc-0.9.33.2/linux-ar71xx_generic/compat-wireless-2015-03-09/ipkg-ar71xx/kmod-ath9k-common/lib/modules/3.18.23/ath9k_common.ko: relocatable
rstrip.sh: /media/Chaos_Calmer15.05.1/openwrt/build_dir/target-mips_34kc_uClibc-0.9.33.2/linux-ar71xx_generic/compat-wireless-2015-03-09/ipkg-ar71xx/kmod-ath9k-common/lib/modules/3.18.23/ath9k_hw.ko: relocatable
(cd /media/Chaos_Calmer15.05.1/openwrt/build_dir/target-mips_34kc_uClibc-0.9.33.2/linux-ar71xx_generic/compat-wireless-2015-03-09/ipkg-ar71xx/kmod-ath9k-common/CONTROL; ( echo "$CONTROL"; printf "Description: "; echo "$DESCRIPTION" | sed -e 's,^[[:space:]]*, ,g'; ) > control; chmod 644 control; ( echo "#!/bin/sh"; echo "[ \"\${IPKG_NO_SCRIPT}\" = \"1\" ] && exit 0"; echo ". \${IPKG_INSTROOT}/lib/functions.sh"; echo "default_postinst \$0 \$@"; ) > postinst; ( echo "#!/bin/sh"; echo ". \${IPKG_INSTROOT}/lib/functions.sh"; echo "default_prerm \$0 \$@"; ) > prerm; chmod 0755 postinst prerm;  )
install -d -m0755 /media/Chaos_Calmer15.05.1/openwrt/bin/ar71xx/packages/base
/media/Chaos_Calmer15.05.1/openwrt/scripts/ipkg-build -c -o 0 -g 0 /media/Chaos_Calmer15.05.1/openwrt/build_dir/target-mips_34kc_uClibc-0.9.33.2/linux-ar71xx_generic/compat-wireless-2015-03-09/ipkg-ar71xx/kmod-ath9k-common /media/Chaos_Calmer15.05.1/openwrt/bin/ar71xx/packages/base
Packaged contents of /media/Chaos_Calmer15.05.1/openwrt/build_dir/target-mips_34kc_uClibc-0.9.33.2/linux-ar71xx_generic/compat-wireless-2015-03-09/ipkg-ar71xx/kmod-ath9k-common into /media/Chaos_Calmer15.05.1/openwrt/bin/ar71xx/packages/base/kmod-ath9k-common_3.18.23+2015-03-09-3_ar71xx.ipk
rm -rf /media/Chaos_Calmer15.05.1/openwrt/staging_dir/target-mips_34kc_uClibc-0.9.33.2/root-ar71xx/tmp-kmod-ath9k-common
mkdir -p /media/Chaos_Calmer15.05.1/openwrt/staging_dir/target-mips_34kc_uClibc-0.9.33.2/root-ar71xx/stamp /media/Chaos_Calmer15.05.1/openwrt/staging_dir/target-mips_34kc_uClibc-0.9.33.2/root-ar71xx/tmp-kmod-ath9k-common
. /media/Chaos_Calmer15.05.1/openwrt/include/shell.sh; export modules=; probe_module() { mods="$1"; boot="$2"; shift 2; for mod in $mods; do mkdir -p /media/Chaos_Calmer15.05.1/openwrt/staging_dir/target-mips_34kc_uClibc-0.9.33.2/root-ar71xx/tmp-kmod-ath9k-common/etc/modules.d; echo "$mod" >> /media/Chaos_Calmer15.05.1/openwrt/staging_dir/target-mips_34kc_uClibc-0.9.33.2/root-ar71xx/tmp-kmod-ath9k-common/etc/modules.d/ath9k-common; done; if [ -e /media/Chaos_Calmer15.05.1/openwrt/staging_dir/target-mips_34kc_uClibc-0.9.33.2/root-ar71xx/tmp-kmod-ath9k-common/etc/modules.d/ath9k-common ]; then if [ "$boot" = "1" ]; then mkdir -p /media/Chaos_Calmer15.05.1/openwrt/staging_dir/target-mips_34kc_uClibc-0.9.33.2/root-ar71xx/tmp-kmod-ath9k-common/etc/modules-boot.d; ln -s ../modules.d/ath9k-common /media/Chaos_Calmer15.05.1/openwrt/staging_dir/target-mips_34kc_uClibc-0.9.33.2/root-ar71xx/tmp-kmod-ath9k-common/etc/modules-boot.d/; fi; modules="${modules:+$modules }$mods"; fi; }; add_module() { priority="$1"; mods="$2"; boot="$3"; shift 3; for mod in $mods; do mkdir -p /media/Chaos_Calmer15.05.1/openwrt/staging_dir/target-mips_34kc_uClibc-0.9.33.2/root-ar71xx/tmp-kmod-ath9k-common/etc/modules.d; echo "$mod" >> /media/Chaos_Calmer15.05.1/openwrt/staging_dir/target-mips_34kc_uClibc-0.9.33.2/root-ar71xx/tmp-kmod-ath9k-common/etc/modules.d/$priority-ath9k-common; done; if [ -e /media/Chaos_Calmer15.05.1/openwrt/staging_dir/target-mips_34kc_uClibc-0.9.33.2/root-ar71xx/tmp-kmod-ath9k-common/etc/modules.d/$priority-ath9k-common ]; then if [ "$boot" = "1" ]; then mkdir -p /media/Chaos_Calmer15.05.1/openwrt/staging_dir/target-mips_34kc_uClibc-0.9.33.2/root-ar71xx/tmp-kmod-ath9k-common/etc/modules-boot.d; ln -s ../modules.d/$priority-ath9k-common /media/Chaos_Calmer15.05.1/openwrt/staging_dir/target-mips_34kc_uClibc-0.9.33.2/root-ar71xx/tmp-kmod-ath9k-common/etc/modules-boot.d/; fi; modules="${modules:+$modules }$priority-ath9k-common"; fi; };  if [ -n "$modules" ]; then mkdir -p /media/Chaos_Calmer15.05.1/openwrt/staging_dir/target-mips_34kc_uClibc-0.9.33.2/root-ar71xx/tmp-kmod-ath9k-common/etc/modules.d; mkdir -p /media/Chaos_Calmer15.05.1/openwrt/staging_dir/target-mips_34kc_uClibc-0.9.33.2/root-ar71xx/tmp-kmod-ath9k-common/CONTROL; echo "#!/bin/sh" > /media/Chaos_Calmer15.05.1/openwrt/staging_dir/target-mips_34kc_uClibc-0.9.33.2/root-ar71xx/tmp-kmod-ath9k-common/CONTROL/postinst-pkg; echo "[ -z \"\$IPKG_INSTROOT\" ] || exit 0" >> /media/Chaos_Calmer15.05.1/openwrt/staging_dir/target-mips_34kc_uClibc-0.9.33.2/root-ar71xx/tmp-kmod-ath9k-common/CONTROL/postinst-pkg; echo ". /lib/functions.sh" >> /media/Chaos_Calmer15.05.1/openwrt/staging_dir/target-mips_34kc_uClibc-0.9.33.2/root-ar71xx/tmp-kmod-ath9k-common/CONTROL/postinst-pkg; echo "insert_modules $modules" >> /media/Chaos_Calmer15.05.1/openwrt/staging_dir/target-mips_34kc_uClibc-0.9.33.2/root-ar71xx/tmp-kmod-ath9k-common/CONTROL/postinst-pkg; chmod 0755 /media/Chaos_Calmer15.05.1/openwrt/staging_dir/target-mips_34kc_uClibc-0.9.33.2/root-ar71xx/tmp-kmod-ath9k-common/CONTROL/postinst-pkg; fi
SHELL= /media/Chaos_Calmer15.05.1/openwrt/staging_dir/host/bin/flock /media/Chaos_Calmer15.05.1/openwrt/tmp/.root-copy.flock -c 'cp -fpR /media/Chaos_Calmer15.05.1/openwrt/staging_dir/target-mips_34kc_uClibc-0.9.33.2/root-ar71xx/tmp-kmod-ath9k-common/. /media/Chaos_Calmer15.05.1/openwrt/staging_dir/target-mips_34kc_uClibc-0.9.33.2/root-ar71xx/'
rm -rf /media/Chaos_Calmer15.05.1/openwrt/staging_dir/target-mips_34kc_uClibc-0.9.33.2/root-ar71xx/tmp-kmod-ath9k-common
touch /media/Chaos_Calmer15.05.1/openwrt/staging_dir/target-mips_34kc_uClibc-0.9.33.2/root-ar71xx/stamp/.kmod-ath9k-common_installed
if [ -f /media/Chaos_Calmer15.05.1/openwrt/staging_dir/target-mips_34kc_uClibc-0.9.33.2/pkginfo/mac80211.default.install.clean ]; then rm -f /media/Chaos_Calmer15.05.1/openwrt/staging_dir/target-mips_34kc_uClibc-0.9.33.2/pkginfo/mac80211.default.install /media/Chaos_Calmer15.05.1/openwrt/staging_dir/target-mips_34kc_uClibc-0.9.33.2/pkginfo/mac80211.default.install.clean; fi; echo "kmod-ath9k-common" >> /media/Chaos_Calmer15.05.1/openwrt/staging_dir/target-mips_34kc_uClibc-0.9.33.2/pkginfo/mac80211.default.install
mkdir -p /media/Chaos_Calmer15.05.1/openwrt/bin/ar71xx/packages /media/Chaos_Calmer15.05.1/openwrt/build_dir/target-mips_34kc_uClibc-0.9.33.2/linux-ar71xx_generic/compat-wireless-2015-03-09/ipkg-ar71xx/kmod-ath9k/CONTROL /media/Chaos_Calmer15.05.1/openwrt/staging_dir/target-mips_34kc_uClibc-0.9.33.2/pkginfo
. /media/Chaos_Calmer15.05.1/openwrt/include/shell.sh; export modules=; probe_module() { mods="$1"; boot="$2"; shift 2; for mod in $mods; do mkdir -p /media/Chaos_Calmer15.05.1/openwrt/build_dir/target-mips_34kc_uClibc-0.9.33.2/linux-ar71xx_generic/compat-wireless-2015-03-09/ipkg-ar71xx/kmod-ath9k/etc/modules.d; echo "$mod" >> /media/Chaos_Calmer15.05.1/openwrt/build_dir/target-mips_34kc_uClibc-0.9.33.2/linux-ar71xx_generic/compat-wireless-2015-03-09/ipkg-ar71xx/kmod-ath9k/etc/modules.d/ath9k; done; if [ -e /media/Chaos_Calmer15.05.1/openwrt/build_dir/target-mips_34kc_uClibc-0.9.33.2/linux-ar71xx_generic/compat-wireless-2015-03-09/ipkg-ar71xx/kmod-ath9k/etc/modules.d/ath9k ]; then if [ "$boot" = "1" ]; then mkdir -p /media/Chaos_Calmer15.05.1/openwrt/build_dir/target-mips_34kc_uClibc-0.9.33.2/linux-ar71xx_generic/compat-wireless-2015-03-09/ipkg-ar71xx/kmod-ath9k/etc/modules-boot.d; ln -s ../modules.d/ath9k /media/Chaos_Calmer15.05.1/openwrt/build_dir/target-mips_34kc_uClibc-0.9.33.2/linux-ar71xx_generic/compat-wireless-2015-03-09/ipkg-ar71xx/kmod-ath9k/etc/modules-boot.d/; fi; modules="${modules:+$modules }$mods"; fi; }; add_module() { priority="$1"; mods="$2"; boot="$3"; shift 3; for mod in $mods; do mkdir -p /media/Chaos_Calmer15.05.1/openwrt/build_dir/target-mips_34kc_uClibc-0.9.33.2/linux-ar71xx_generic/compat-wireless-2015-03-09/ipkg-ar71xx/kmod-ath9k/etc/modules.d; echo "$mod" >> /media/Chaos_Calmer15.05.1/openwrt/build_dir/target-mips_34kc_uClibc-0.9.33.2/linux-ar71xx_generic/compat-wireless-2015-03-09/ipkg-ar71xx/kmod-ath9k/etc/modules.d/$priority-ath9k; done; if [ -e /media/Chaos_Calmer15.05.1/openwrt/build_dir/target-mips_34kc_uClibc-0.9.33.2/linux-ar71xx_generic/compat-wireless-2015-03-09/ipkg-ar71xx/kmod-ath9k/etc/modules.d/$priority-ath9k ]; then if [ "$boot" = "1" ]; then mkdir -p /media/Chaos_Calmer15.05.1/openwrt/build_dir/target-mips_34kc_uClibc-0.9.33.2/linux-ar71xx_generic/compat-wireless-2015-03-09/ipkg-ar71xx/kmod-ath9k/etc/modules-boot.d; ln -s ../modules.d/$priority-ath9k /media/Chaos_Calmer15.05.1/openwrt/build_dir/target-mips_34kc_uClibc-0.9.33.2/linux-ar71xx_generic/compat-wireless-2015-03-09/ipkg-ar71xx/kmod-ath9k/etc/modules-boot.d/; fi; modules="${modules:+$modules }$priority-ath9k"; fi; }; probe_module "ath9k" ""; if [ -n "$modules" ]; then mkdir -p /media/Chaos_Calmer15.05.1/openwrt/build_dir/target-mips_34kc_uClibc-0.9.33.2/linux-ar71xx_generic/compat-wireless-2015-03-09/ipkg-ar71xx/kmod-ath9k/etc/modules.d; mkdir -p /media/Chaos_Calmer15.05.1/openwrt/build_dir/target-mips_34kc_uClibc-0.9.33.2/linux-ar71xx_generic/compat-wireless-2015-03-09/ipkg-ar71xx/kmod-ath9k/CONTROL; echo "#!/bin/sh" > /media/Chaos_Calmer15.05.1/openwrt/build_dir/target-mips_34kc_uClibc-0.9.33.2/linux-ar71xx_generic/compat-wireless-2015-03-09/ipkg-ar71xx/kmod-ath9k/CONTROL/postinst-pkg; echo "[ -z \"\$IPKG_INSTROOT\" ] || exit 0" >> /media/Chaos_Calmer15.05.1/openwrt/build_dir/target-mips_34kc_uClibc-0.9.33.2/linux-ar71xx_generic/compat-wireless-2015-03-09/ipkg-ar71xx/kmod-ath9k/CONTROL/postinst-pkg; echo ". /lib/functions.sh" >> /media/Chaos_Calmer15.05.1/openwrt/build_dir/target-mips_34kc_uClibc-0.9.33.2/linux-ar71xx_generic/compat-wireless-2015-03-09/ipkg-ar71xx/kmod-ath9k/CONTROL/postinst-pkg; echo "insert_modules $modules" >> /media/Chaos_Calmer15.05.1/openwrt/build_dir/target-mips_34kc_uClibc-0.9.33.2/linux-ar71xx_generic/compat-wireless-2015-03-09/ipkg-ar71xx/kmod-ath9k/CONTROL/postinst-pkg; chmod 0755 /media/Chaos_Calmer15.05.1/openwrt/build_dir/target-mips_34kc_uClibc-0.9.33.2/linux-ar71xx_generic/compat-wireless-2015-03-09/ipkg-ar71xx/kmod-ath9k/CONTROL/postinst-pkg; fi
find /media/Chaos_Calmer15.05.1/openwrt/build_dir/target-mips_34kc_uClibc-0.9.33.2/linux-ar71xx_generic/compat-wireless-2015-03-09/ipkg-ar71xx/kmod-ath9k -name 'CVS' -o -name '.svn' -o -name '.#*' -o -name '*~'| xargs -r rm -rf
export CROSS="mips-openwrt-linux-uclibc-" NO_RENAME=1 ; NM="mips-openwrt-linux-uclibc-nm" STRIP="/media/Chaos_Calmer15.05.1/openwrt/staging_dir/host/bin/sstrip" STRIP_KMOD="/media/Chaos_Calmer15.05.1/openwrt/scripts/strip-kmod.sh" PATCHELF="/media/Chaos_Calmer15.05.1/openwrt/staging_dir/host/bin/patchelf" /media/Chaos_Calmer15.05.1/openwrt/scripts/rstrip.sh /media/Chaos_Calmer15.05.1/openwrt/build_dir/target-mips_34kc_uClibc-0.9.33.2/linux-ar71xx_generic/compat-wireless-2015-03-09/ipkg-ar71xx/kmod-ath9k
rstrip.sh: /media/Chaos_Calmer15.05.1/openwrt/build_dir/target-mips_34kc_uClibc-0.9.33.2/linux-ar71xx_generic/compat-wireless-2015-03-09/ipkg-ar71xx/kmod-ath9k/lib/modules/3.18.23/ath9k.ko: relocatable
(cd /media/Chaos_Calmer15.05.1/openwrt/build_dir/target-mips_34kc_uClibc-0.9.33.2/linux-ar71xx_generic/compat-wireless-2015-03-09/ipkg-ar71xx/kmod-ath9k/CONTROL; ( echo "$CONTROL"; printf "Description: "; echo "$DESCRIPTION" | sed -e 's,^[[:space:]]*, ,g'; ) > control; chmod 644 control; ( echo "#!/bin/sh"; echo "[ \"\${IPKG_NO_SCRIPT}\" = \"1\" ] && exit 0"; echo ". \${IPKG_INSTROOT}/lib/functions.sh"; echo "default_postinst \$0 \$@"; ) > postinst; ( echo "#!/bin/sh"; echo ". \${IPKG_INSTROOT}/lib/functions.sh"; echo "default_prerm \$0 \$@"; ) > prerm; chmod 0755 postinst prerm;  )
install -d -m0755 /media/Chaos_Calmer15.05.1/openwrt/bin/ar71xx/packages/base
/media/Chaos_Calmer15.05.1/openwrt/scripts/ipkg-build -c -o 0 -g 0 /media/Chaos_Calmer15.05.1/openwrt/build_dir/target-mips_34kc_uClibc-0.9.33.2/linux-ar71xx_generic/compat-wireless-2015-03-09/ipkg-ar71xx/kmod-ath9k /media/Chaos_Calmer15.05.1/openwrt/bin/ar71xx/packages/base
Packaged contents of /media/Chaos_Calmer15.05.1/openwrt/build_dir/target-mips_34kc_uClibc-0.9.33.2/linux-ar71xx_generic/compat-wireless-2015-03-09/ipkg-ar71xx/kmod-ath9k into /media/Chaos_Calmer15.05.1/openwrt/bin/ar71xx/packages/base/kmod-ath9k_3.18.23+2015-03-09-3_ar71xx.ipk
rm -rf /media/Chaos_Calmer15.05.1/openwrt/staging_dir/target-mips_34kc_uClibc-0.9.33.2/root-ar71xx/tmp-kmod-ath9k
mkdir -p /media/Chaos_Calmer15.05.1/openwrt/staging_dir/target-mips_34kc_uClibc-0.9.33.2/root-ar71xx/stamp /media/Chaos_Calmer15.05.1/openwrt/staging_dir/target-mips_34kc_uClibc-0.9.33.2/root-ar71xx/tmp-kmod-ath9k
. /media/Chaos_Calmer15.05.1/openwrt/include/shell.sh; export modules=; probe_module() { mods="$1"; boot="$2"; shift 2; for mod in $mods; do mkdir -p /media/Chaos_Calmer15.05.1/openwrt/staging_dir/target-mips_34kc_uClibc-0.9.33.2/root-ar71xx/tmp-kmod-ath9k/etc/modules.d; echo "$mod" >> /media/Chaos_Calmer15.05.1/openwrt/staging_dir/target-mips_34kc_uClibc-0.9.33.2/root-ar71xx/tmp-kmod-ath9k/etc/modules.d/ath9k; done; if [ -e /media/Chaos_Calmer15.05.1/openwrt/staging_dir/target-mips_34kc_uClibc-0.9.33.2/root-ar71xx/tmp-kmod-ath9k/etc/modules.d/ath9k ]; then if [ "$boot" = "1" ]; then mkdir -p /media/Chaos_Calmer15.05.1/openwrt/staging_dir/target-mips_34kc_uClibc-0.9.33.2/root-ar71xx/tmp-kmod-ath9k/etc/modules-boot.d; ln -s ../modules.d/ath9k /media/Chaos_Calmer15.05.1/openwrt/staging_dir/target-mips_34kc_uClibc-0.9.33.2/root-ar71xx/tmp-kmod-ath9k/etc/modules-boot.d/; fi; modules="${modules:+$modules }$mods"; fi; }; add_module() { priority="$1"; mods="$2"; boot="$3"; shift 3; for mod in $mods; do mkdir -p /media/Chaos_Calmer15.05.1/openwrt/staging_dir/target-mips_34kc_uClibc-0.9.33.2/root-ar71xx/tmp-kmod-ath9k/etc/modules.d; echo "$mod" >> /media/Chaos_Calmer15.05.1/openwrt/staging_dir/target-mips_34kc_uClibc-0.9.33.2/root-ar71xx/tmp-kmod-ath9k/etc/modules.d/$priority-ath9k; done; if [ -e /media/Chaos_Calmer15.05.1/openwrt/staging_dir/target-mips_34kc_uClibc-0.9.33.2/root-ar71xx/tmp-kmod-ath9k/etc/modules.d/$priority-ath9k ]; then if [ "$boot" = "1" ]; then mkdir -p /media/Chaos_Calmer15.05.1/openwrt/staging_dir/target-mips_34kc_uClibc-0.9.33.2/root-ar71xx/tmp-kmod-ath9k/etc/modules-boot.d; ln -s ../modules.d/$priority-ath9k /media/Chaos_Calmer15.05.1/openwrt/staging_dir/target-mips_34kc_uClibc-0.9.33.2/root-ar71xx/tmp-kmod-ath9k/etc/modules-boot.d/; fi; modules="${modules:+$modules }$priority-ath9k"; fi; }; probe_module "ath9k" ""; if [ -n "$modules" ]; then mkdir -p /media/Chaos_Calmer15.05.1/openwrt/staging_dir/target-mips_34kc_uClibc-0.9.33.2/root-ar71xx/tmp-kmod-ath9k/etc/modules.d; mkdir -p /media/Chaos_Calmer15.05.1/openwrt/staging_dir/target-mips_34kc_uClibc-0.9.33.2/root-ar71xx/tmp-kmod-ath9k/CONTROL; echo "#!/bin/sh" > /media/Chaos_Calmer15.05.1/openwrt/staging_dir/target-mips_34kc_uClibc-0.9.33.2/root-ar71xx/tmp-kmod-ath9k/CONTROL/postinst-pkg; echo "[ -z \"\$IPKG_INSTROOT\" ] || exit 0" >> /media/Chaos_Calmer15.05.1/openwrt/staging_dir/target-mips_34kc_uClibc-0.9.33.2/root-ar71xx/tmp-kmod-ath9k/CONTROL/postinst-pkg; echo ". /lib/functions.sh" >> /media/Chaos_Calmer15.05.1/openwrt/staging_dir/target-mips_34kc_uClibc-0.9.33.2/root-ar71xx/tmp-kmod-ath9k/CONTROL/postinst-pkg; echo "insert_modules $modules" >> /media/Chaos_Calmer15.05.1/openwrt/staging_dir/target-mips_34kc_uClibc-0.9.33.2/root-ar71xx/tmp-kmod-ath9k/CONTROL/postinst-pkg; chmod 0755 /media/Chaos_Calmer15.05.1/openwrt/staging_dir/target-mips_34kc_uClibc-0.9.33.2/root-ar71xx/tmp-kmod-ath9k/CONTROL/postinst-pkg; fi
SHELL= /media/Chaos_Calmer15.05.1/openwrt/staging_dir/host/bin/flock /media/Chaos_Calmer15.05.1/openwrt/tmp/.root-copy.flock -c 'cp -fpR /media/Chaos_Calmer15.05.1/openwrt/staging_dir/target-mips_34kc_uClibc-0.9.33.2/root-ar71xx/tmp-kmod-ath9k/. /media/Chaos_Calmer15.05.1/openwrt/staging_dir/target-mips_34kc_uClibc-0.9.33.2/root-ar71xx/'
rm -rf /media/Chaos_Calmer15.05.1/openwrt/staging_dir/target-mips_34kc_uClibc-0.9.33.2/root-ar71xx/tmp-kmod-ath9k
touch /media/Chaos_Calmer15.05.1/openwrt/staging_dir/target-mips_34kc_uClibc-0.9.33.2/root-ar71xx/stamp/.kmod-ath9k_installed
if [ -f /media/Chaos_Calmer15.05.1/openwrt/staging_dir/target-mips_34kc_uClibc-0.9.33.2/pkginfo/mac80211.default.install.clean ]; then rm -f /media/Chaos_Calmer15.05.1/openwrt/staging_dir/target-mips_34kc_uClibc-0.9.33.2/pkginfo/mac80211.default.install /media/Chaos_Calmer15.05.1/openwrt/staging_dir/target-mips_34kc_uClibc-0.9.33.2/pkginfo/mac80211.default.install.clean; fi; echo "kmod-ath9k" >> /media/Chaos_Calmer15.05.1/openwrt/staging_dir/target-mips_34kc_uClibc-0.9.33.2/pkginfo/mac80211.default.install
rm -rf /media/Chaos_Calmer15.05.1/openwrt/staging_dir/target-mips_34kc_uClibc-0.9.33.2/root-ar71xx/tmp-kmod-ath
mkdir -p /media/Chaos_Calmer15.05.1/openwrt/staging_dir/target-mips_34kc_uClibc-0.9.33.2/root-ar71xx/stamp /media/Chaos_Calmer15.05.1/openwrt/staging_dir/target-mips_34kc_uClibc-0.9.33.2/root-ar71xx/tmp-kmod-ath
. /media/Chaos_Calmer15.05.1/openwrt/include/shell.sh; export modules=; probe_module() { mods="$1"; boot="$2"; shift 2; for mod in $mods; do mkdir -p /media/Chaos_Calmer15.05.1/openwrt/staging_dir/target-mips_34kc_uClibc-0.9.33.2/root-ar71xx/tmp-kmod-ath/etc/modules.d; echo "$mod" >> /media/Chaos_Calmer15.05.1/openwrt/staging_dir/target-mips_34kc_uClibc-0.9.33.2/root-ar71xx/tmp-kmod-ath/etc/modules.d/ath; done; if [ -e /media/Chaos_Calmer15.05.1/openwrt/staging_dir/target-mips_34kc_uClibc-0.9.33.2/root-ar71xx/tmp-kmod-ath/etc/modules.d/ath ]; then if [ "$boot" = "1" ]; then mkdir -p /media/Chaos_Calmer15.05.1/openwrt/staging_dir/target-mips_34kc_uClibc-0.9.33.2/root-ar71xx/tmp-kmod-ath/etc/modules-boot.d; ln -s ../modules.d/ath /media/Chaos_Calmer15.05.1/openwrt/staging_dir/target-mips_34kc_uClibc-0.9.33.2/root-ar71xx/tmp-kmod-ath/etc/modules-boot.d/; fi; modules="${modules:+$modules }$mods"; fi; }; add_module() { priority="$1"; mods="$2"; boot="$3"; shift 3; for mod in $mods; do mkdir -p /media/Chaos_Calmer15.05.1/openwrt/staging_dir/target-mips_34kc_uClibc-0.9.33.2/root-ar71xx/tmp-kmod-ath/etc/modules.d; echo "$mod" >> /media/Chaos_Calmer15.05.1/openwrt/staging_dir/target-mips_34kc_uClibc-0.9.33.2/root-ar71xx/tmp-kmod-ath/etc/modules.d/$priority-ath; done; if [ -e /media/Chaos_Calmer15.05.1/openwrt/staging_dir/target-mips_34kc_uClibc-0.9.33.2/root-ar71xx/tmp-kmod-ath/etc/modules.d/$priority-ath ]; then if [ "$boot" = "1" ]; then mkdir -p /media/Chaos_Calmer15.05.1/openwrt/staging_dir/target-mips_34kc_uClibc-0.9.33.2/root-ar71xx/tmp-kmod-ath/etc/modules-boot.d; ln -s ../modules.d/$priority-ath /media/Chaos_Calmer15.05.1/openwrt/staging_dir/target-mips_34kc_uClibc-0.9.33.2/root-ar71xx/tmp-kmod-ath/etc/modules-boot.d/; fi; modules="${modules:+$modules }$priority-ath"; fi; };  if [ -n "$modules" ]; then mkdir -p /media/Chaos_Calmer15.05.1/openwrt/staging_dir/target-mips_34kc_uClibc-0.9.33.2/root-ar71xx/tmp-kmod-ath/etc/modules.d; mkdir -p /media/Chaos_Calmer15.05.1/openwrt/staging_dir/target-mips_34kc_uClibc-0.9.33.2/root-ar71xx/tmp-kmod-ath/CONTROL; echo "#!/bin/sh" > /media/Chaos_Calmer15.05.1/openwrt/staging_dir/target-mips_34kc_uClibc-0.9.33.2/root-ar71xx/tmp-kmod-ath/CONTROL/postinst-pkg; echo "[ -z \"\$IPKG_INSTROOT\" ] || exit 0" >> /media/Chaos_Calmer15.05.1/openwrt/staging_dir/target-mips_34kc_uClibc-0.9.33.2/root-ar71xx/tmp-kmod-ath/CONTROL/postinst-pkg; echo ". /lib/functions.sh" >> /media/Chaos_Calmer15.05.1/openwrt/staging_dir/target-mips_34kc_uClibc-0.9.33.2/root-ar71xx/tmp-kmod-ath/CONTROL/postinst-pkg; echo "insert_modules $modules" >> /media/Chaos_Calmer15.05.1/openwrt/staging_dir/target-mips_34kc_uClibc-0.9.33.2/root-ar71xx/tmp-kmod-ath/CONTROL/postinst-pkg; chmod 0755 /media/Chaos_Calmer15.05.1/openwrt/staging_dir/target-mips_34kc_uClibc-0.9.33.2/root-ar71xx/tmp-kmod-ath/CONTROL/postinst-pkg; fi
SHELL= /media/Chaos_Calmer15.05.1/openwrt/staging_dir/host/bin/flock /media/Chaos_Calmer15.05.1/openwrt/tmp/.root-copy.flock -c 'cp -fpR /media/Chaos_Calmer15.05.1/openwrt/staging_dir/target-mips_34kc_uClibc-0.9.33.2/root-ar71xx/tmp-kmod-ath/. /media/Chaos_Calmer15.05.1/openwrt/staging_dir/target-mips_34kc_uClibc-0.9.33.2/root-ar71xx/'
rm -rf /media/Chaos_Calmer15.05.1/openwrt/staging_dir/target-mips_34kc_uClibc-0.9.33.2/root-ar71xx/tmp-kmod-ath
touch /media/Chaos_Calmer15.05.1/openwrt/staging_dir/target-mips_34kc_uClibc-0.9.33.2/root-ar71xx/stamp/.kmod-ath_installed
if [ -f /media/Chaos_Calmer15.05.1/openwrt/staging_dir/target-mips_34kc_uClibc-0.9.33.2/pkginfo/mac80211.default.install.clean ]; then rm -f /media/Chaos_Calmer15.05.1/openwrt/staging_dir/target-mips_34kc_uClibc-0.9.33.2/pkginfo/mac80211.default.install /media/Chaos_Calmer15.05.1/openwrt/staging_dir/target-mips_34kc_uClibc-0.9.33.2/pkginfo/mac80211.default.install.clean; fi; echo "kmod-ath" >> /media/Chaos_Calmer15.05.1/openwrt/staging_dir/target-mips_34kc_uClibc-0.9.33.2/pkginfo/mac80211.default.install
make[3]: Leaving directory `/media/Chaos_Calmer15.05.1/openwrt/package/kernel/mac80211'
make[3]: Entering directory `/media/Chaos_Calmer15.05.1/openwrt/package/network/utils/iptables'
rm -rf /media/Chaos_Calmer15.05.1/openwrt/staging_dir/target-mips_34kc_uClibc-0.9.33.2/root-ar71xx/tmp-iptables
mkdir -p /media/Chaos_Calmer15.05.1/openwrt/staging_dir/target-mips_34kc_uClibc-0.9.33.2/root-ar71xx/stamp /media/Chaos_Calmer15.05.1/openwrt/staging_dir/target-mips_34kc_uClibc-0.9.33.2/root-ar71xx/tmp-iptables
install -d -m0755 /media/Chaos_Calmer15.05.1/openwrt/staging_dir/target-mips_34kc_uClibc-0.9.33.2/root-ar71xx/tmp-iptables/usr/sbin
cp -fpR /media/Chaos_Calmer15.05.1/openwrt/build_dir/target-mips_34kc_uClibc-0.9.33.2/linux-ar71xx_generic/iptables-1.4.21/ipkg-install/usr/sbin/xtables-multi /media/Chaos_Calmer15.05.1/openwrt/staging_dir/target-mips_34kc_uClibc-0.9.33.2/root-ar71xx/tmp-iptables/usr/sbin/
cp -fpR /media/Chaos_Calmer15.05.1/openwrt/build_dir/target-mips_34kc_uClibc-0.9.33.2/linux-ar71xx_generic/iptables-1.4.21/ipkg-install/usr/sbin/iptables{,-restore,-save} /media/Chaos_Calmer15.05.1/openwrt/staging_dir/target-mips_34kc_uClibc-0.9.33.2/root-ar71xx/tmp-iptables/usr/sbin/
install -d -m0755 /media/Chaos_Calmer15.05.1/openwrt/staging_dir/target-mips_34kc_uClibc-0.9.33.2/root-ar71xx/tmp-iptables/usr/lib/iptables
SHELL= /media/Chaos_Calmer15.05.1/openwrt/staging_dir/host/bin/flock /media/Chaos_Calmer15.05.1/openwrt/tmp/.root-copy.flock -c 'cp -fpR /media/Chaos_Calmer15.05.1/openwrt/staging_dir/target-mips_34kc_uClibc-0.9.33.2/root-ar71xx/tmp-iptables/. /media/Chaos_Calmer15.05.1/openwrt/staging_dir/target-mips_34kc_uClibc-0.9.33.2/root-ar71xx/'
rm -rf /media/Chaos_Calmer15.05.1/openwrt/staging_dir/target-mips_34kc_uClibc-0.9.33.2/root-ar71xx/tmp-iptables
touch /media/Chaos_Calmer15.05.1/openwrt/staging_dir/target-mips_34kc_uClibc-0.9.33.2/root-ar71xx/stamp/.iptables_installed
if [ -f /media/Chaos_Calmer15.05.1/openwrt/staging_dir/target-mips_34kc_uClibc-0.9.33.2/pkginfo/iptables.default.install.clean ]; then rm -f /media/Chaos_Calmer15.05.1/openwrt/staging_dir/target-mips_34kc_uClibc-0.9.33.2/pkginfo/iptables.default.install /media/Chaos_Calmer15.05.1/openwrt/staging_dir/target-mips_34kc_uClibc-0.9.33.2/pkginfo/iptables.default.install.clean; fi; echo "iptables" >> /media/Chaos_Calmer15.05.1/openwrt/staging_dir/target-mips_34kc_uClibc-0.9.33.2/pkginfo/iptables.default.install
rm -rf /media/Chaos_Calmer15.05.1/openwrt/staging_dir/target-mips_34kc_uClibc-0.9.33.2/root-ar71xx/tmp-ip6tables
mkdir -p /media/Chaos_Calmer15.05.1/openwrt/staging_dir/target-mips_34kc_uClibc-0.9.33.2/root-ar71xx/stamp /media/Chaos_Calmer15.05.1/openwrt/staging_dir/target-mips_34kc_uClibc-0.9.33.2/root-ar71xx/tmp-ip6tables
install -d -m0755 /media/Chaos_Calmer15.05.1/openwrt/staging_dir/target-mips_34kc_uClibc-0.9.33.2/root-ar71xx/tmp-ip6tables/usr/sbin
cp -fpR /media/Chaos_Calmer15.05.1/openwrt/build_dir/target-mips_34kc_uClibc-0.9.33.2/linux-ar71xx_generic/iptables-1.4.21/ipkg-install/usr/sbin/ip6tables{,-restore,-save} /media/Chaos_Calmer15.05.1/openwrt/staging_dir/target-mips_34kc_uClibc-0.9.33.2/root-ar71xx/tmp-ip6tables/usr/sbin/
SHELL= /media/Chaos_Calmer15.05.1/openwrt/staging_dir/host/bin/flock /media/Chaos_Calmer15.05.1/openwrt/tmp/.root-copy.flock -c 'cp -fpR /media/Chaos_Calmer15.05.1/openwrt/staging_dir/target-mips_34kc_uClibc-0.9.33.2/root-ar71xx/tmp-ip6tables/. /media/Chaos_Calmer15.05.1/openwrt/staging_dir/target-mips_34kc_uClibc-0.9.33.2/root-ar71xx/'
rm -rf /media/Chaos_Calmer15.05.1/openwrt/staging_dir/target-mips_34kc_uClibc-0.9.33.2/root-ar71xx/tmp-ip6tables
touch /media/Chaos_Calmer15.05.1/openwrt/staging_dir/target-mips_34kc_uClibc-0.9.33.2/root-ar71xx/stamp/.ip6tables_installed
if [ -f /media/Chaos_Calmer15.05.1/openwrt/staging_dir/target-mips_34kc_uClibc-0.9.33.2/pkginfo/iptables.default.install.clean ]; then rm -f /media/Chaos_Calmer15.05.1/openwrt/staging_dir/target-mips_34kc_uClibc-0.9.33.2/pkginfo/iptables.default.install /media/Chaos_Calmer15.05.1/openwrt/staging_dir/target-mips_34kc_uClibc-0.9.33.2/pkginfo/iptables.default.install.clean; fi; echo "ip6tables" >> /media/Chaos_Calmer15.05.1/openwrt/staging_dir/target-mips_34kc_uClibc-0.9.33.2/pkginfo/iptables.default.install
rm -rf /media/Chaos_Calmer15.05.1/openwrt/staging_dir/target-mips_34kc_uClibc-0.9.33.2/root-ar71xx/tmp-libip4tc
mkdir -p /media/Chaos_Calmer15.05.1/openwrt/staging_dir/target-mips_34kc_uClibc-0.9.33.2/root-ar71xx/stamp /media/Chaos_Calmer15.05.1/openwrt/staging_dir/target-mips_34kc_uClibc-0.9.33.2/root-ar71xx/tmp-libip4tc
install -d -m0755 /media/Chaos_Calmer15.05.1/openwrt/staging_dir/target-mips_34kc_uClibc-0.9.33.2/root-ar71xx/tmp-libip4tc/usr/lib
cp -fpR /media/Chaos_Calmer15.05.1/openwrt/build_dir/target-mips_34kc_uClibc-0.9.33.2/linux-ar71xx_generic/iptables-1.4.21/ipkg-install/usr/lib/libip4tc.so* /media/Chaos_Calmer15.05.1/openwrt/staging_dir/target-mips_34kc_uClibc-0.9.33.2/root-ar71xx/tmp-libip4tc/usr/lib/
cp -fpR /media/Chaos_Calmer15.05.1/openwrt/build_dir/target-mips_34kc_uClibc-0.9.33.2/linux-ar71xx_generic/iptables-1.4.21/extensions/libiptext4.so /media/Chaos_Calmer15.05.1/openwrt/staging_dir/target-mips_34kc_uClibc-0.9.33.2/root-ar71xx/tmp-libip4tc/usr/lib/
SHELL= /media/Chaos_Calmer15.05.1/openwrt/staging_dir/host/bin/flock /media/Chaos_Calmer15.05.1/openwrt/tmp/.root-copy.flock -c 'cp -fpR /media/Chaos_Calmer15.05.1/openwrt/staging_dir/target-mips_34kc_uClibc-0.9.33.2/root-ar71xx/tmp-libip4tc/. /media/Chaos_Calmer15.05.1/openwrt/staging_dir/target-mips_34kc_uClibc-0.9.33.2/root-ar71xx/'
rm -rf /media/Chaos_Calmer15.05.1/openwrt/staging_dir/target-mips_34kc_uClibc-0.9.33.2/root-ar71xx/tmp-libip4tc
touch /media/Chaos_Calmer15.05.1/openwrt/staging_dir/target-mips_34kc_uClibc-0.9.33.2/root-ar71xx/stamp/.libip4tc_installed
if [ -f /media/Chaos_Calmer15.05.1/openwrt/staging_dir/target-mips_34kc_uClibc-0.9.33.2/pkginfo/iptables.default.install.clean ]; then rm -f /media/Chaos_Calmer15.05.1/openwrt/staging_dir/target-mips_34kc_uClibc-0.9.33.2/pkginfo/iptables.default.install /media/Chaos_Calmer15.05.1/openwrt/staging_dir/target-mips_34kc_uClibc-0.9.33.2/pkginfo/iptables.default.install.clean; fi; echo "libip4tc" >> /media/Chaos_Calmer15.05.1/openwrt/staging_dir/target-mips_34kc_uClibc-0.9.33.2/pkginfo/iptables.default.install
rm -rf /media/Chaos_Calmer15.05.1/openwrt/staging_dir/target-mips_34kc_uClibc-0.9.33.2/root-ar71xx/tmp-libip6tc
mkdir -p /media/Chaos_Calmer15.05.1/openwrt/staging_dir/target-mips_34kc_uClibc-0.9.33.2/root-ar71xx/stamp /media/Chaos_Calmer15.05.1/openwrt/staging_dir/target-mips_34kc_uClibc-0.9.33.2/root-ar71xx/tmp-libip6tc
install -d -m0755 /media/Chaos_Calmer15.05.1/openwrt/staging_dir/target-mips_34kc_uClibc-0.9.33.2/root-ar71xx/tmp-libip6tc/usr/lib
cp -fpR /media/Chaos_Calmer15.05.1/openwrt/build_dir/target-mips_34kc_uClibc-0.9.33.2/linux-ar71xx_generic/iptables-1.4.21/ipkg-install/usr/lib/libip6tc.so* /media/Chaos_Calmer15.05.1/openwrt/staging_dir/target-mips_34kc_uClibc-0.9.33.2/root-ar71xx/tmp-libip6tc/usr/lib/
cp -fpR /media/Chaos_Calmer15.05.1/openwrt/build_dir/target-mips_34kc_uClibc-0.9.33.2/linux-ar71xx_generic/iptables-1.4.21/extensions/libiptext6.so /media/Chaos_Calmer15.05.1/openwrt/staging_dir/target-mips_34kc_uClibc-0.9.33.2/root-ar71xx/tmp-libip6tc/usr/lib/
SHELL= /media/Chaos_Calmer15.05.1/openwrt/staging_dir/host/bin/flock /media/Chaos_Calmer15.05.1/openwrt/tmp/.root-copy.flock -c 'cp -fpR /media/Chaos_Calmer15.05.1/openwrt/staging_dir/target-mips_34kc_uClibc-0.9.33.2/root-ar71xx/tmp-libip6tc/. /media/Chaos_Calmer15.05.1/openwrt/staging_dir/target-mips_34kc_uClibc-0.9.33.2/root-ar71xx/'
rm -rf /media/Chaos_Calmer15.05.1/openwrt/staging_dir/target-mips_34kc_uClibc-0.9.33.2/root-ar71xx/tmp-libip6tc
touch /media/Chaos_Calmer15.05.1/openwrt/staging_dir/target-mips_34kc_uClibc-0.9.33.2/root-ar71xx/stamp/.libip6tc_installed
if [ -f /media/Chaos_Calmer15.05.1/openwrt/staging_dir/target-mips_34kc_uClibc-0.9.33.2/pkginfo/iptables.default.install.clean ]; then rm -f /media/Chaos_Calmer15.05.1/openwrt/staging_dir/target-mips_34kc_uClibc-0.9.33.2/pkginfo/iptables.default.install /media/Chaos_Calmer15.05.1/openwrt/staging_dir/target-mips_34kc_uClibc-0.9.33.2/pkginfo/iptables.default.install.clean; fi; echo "libip6tc" >> /media/Chaos_Calmer15.05.1/openwrt/staging_dir/target-mips_34kc_uClibc-0.9.33.2/pkginfo/iptables.default.install
rm -rf /media/Chaos_Calmer15.05.1/openwrt/staging_dir/target-mips_34kc_uClibc-0.9.33.2/root-ar71xx/tmp-libxtables
mkdir -p /media/Chaos_Calmer15.05.1/openwrt/staging_dir/target-mips_34kc_uClibc-0.9.33.2/root-ar71xx/stamp /media/Chaos_Calmer15.05.1/openwrt/staging_dir/target-mips_34kc_uClibc-0.9.33.2/root-ar71xx/tmp-libxtables
install -d -m0755 /media/Chaos_Calmer15.05.1/openwrt/staging_dir/target-mips_34kc_uClibc-0.9.33.2/root-ar71xx/tmp-libxtables/usr/lib
cp -fpR /media/Chaos_Calmer15.05.1/openwrt/build_dir/target-mips_34kc_uClibc-0.9.33.2/linux-ar71xx_generic/iptables-1.4.21/ipkg-install/usr/lib/libxtables.so* /media/Chaos_Calmer15.05.1/openwrt/staging_dir/target-mips_34kc_uClibc-0.9.33.2/root-ar71xx/tmp-libxtables/usr/lib/
cp -fpR /media/Chaos_Calmer15.05.1/openwrt/build_dir/target-mips_34kc_uClibc-0.9.33.2/linux-ar71xx_generic/iptables-1.4.21/extensions/libiptext.so /media/Chaos_Calmer15.05.1/openwrt/staging_dir/target-mips_34kc_uClibc-0.9.33.2/root-ar71xx/tmp-libxtables/usr/lib/
SHELL= /media/Chaos_Calmer15.05.1/openwrt/staging_dir/host/bin/flock /media/Chaos_Calmer15.05.1/openwrt/tmp/.root-copy.flock -c 'cp -fpR /media/Chaos_Calmer15.05.1/openwrt/staging_dir/target-mips_34kc_uClibc-0.9.33.2/root-ar71xx/tmp-libxtables/. /media/Chaos_Calmer15.05.1/openwrt/staging_dir/target-mips_34kc_uClibc-0.9.33.2/root-ar71xx/'
rm -rf /media/Chaos_Calmer15.05.1/openwrt/staging_dir/target-mips_34kc_uClibc-0.9.33.2/root-ar71xx/tmp-libxtables
touch /media/Chaos_Calmer15.05.1/openwrt/staging_dir/target-mips_34kc_uClibc-0.9.33.2/root-ar71xx/stamp/.libxtables_installed
if [ -f /media/Chaos_Calmer15.05.1/openwrt/staging_dir/target-mips_34kc_uClibc-0.9.33.2/pkginfo/iptables.default.install.clean ]; then rm -f /media/Chaos_Calmer15.05.1/openwrt/staging_dir/target-mips_34kc_uClibc-0.9.33.2/pkginfo/iptables.default.install /media/Chaos_Calmer15.05.1/openwrt/staging_dir/target-mips_34kc_uClibc-0.9.33.2/pkginfo/iptables.default.install.clean; fi; echo "libxtables" >> /media/Chaos_Calmer15.05.1/openwrt/staging_dir/target-mips_34kc_uClibc-0.9.33.2/pkginfo/iptables.default.install
make[3]: Leaving directory `/media/Chaos_Calmer15.05.1/openwrt/package/network/utils/iptables'
make[3]: Entering directory `/media/Chaos_Calmer15.05.1/openwrt/package/network/config/firewall'
rm -rf /media/Chaos_Calmer15.05.1/openwrt/staging_dir/target-mips_34kc_uClibc-0.9.33.2/root-ar71xx/tmp-firewall
mkdir -p /media/Chaos_Calmer15.05.1/openwrt/staging_dir/target-mips_34kc_uClibc-0.9.33.2/root-ar71xx/stamp /media/Chaos_Calmer15.05.1/openwrt/staging_dir/target-mips_34kc_uClibc-0.9.33.2/root-ar71xx/tmp-firewall
install -d -m0755 /media/Chaos_Calmer15.05.1/openwrt/staging_dir/target-mips_34kc_uClibc-0.9.33.2/root-ar71xx/tmp-firewall/sbin
install -m0755 /media/Chaos_Calmer15.05.1/openwrt/build_dir/target-mips_34kc_uClibc-0.9.33.2/firewall-2015-07-27/firewall3 /media/Chaos_Calmer15.05.1/openwrt/staging_dir/target-mips_34kc_uClibc-0.9.33.2/root-ar71xx/tmp-firewall/sbin/fw3
install -d -m0755 /media/Chaos_Calmer15.05.1/openwrt/staging_dir/target-mips_34kc_uClibc-0.9.33.2/root-ar71xx/tmp-firewall/etc/init.d
install -m0755 ./files/firewall.init /media/Chaos_Calmer15.05.1/openwrt/staging_dir/target-mips_34kc_uClibc-0.9.33.2/root-ar71xx/tmp-firewall/etc/init.d/firewall
install -d -m0755 /media/Chaos_Calmer15.05.1/openwrt/staging_dir/target-mips_34kc_uClibc-0.9.33.2/root-ar71xx/tmp-firewall/etc/hotplug.d/iface
install -m0644 ./files/firewall.hotplug /media/Chaos_Calmer15.05.1/openwrt/staging_dir/target-mips_34kc_uClibc-0.9.33.2/root-ar71xx/tmp-firewall/etc/hotplug.d/iface/20-firewall
install -d -m0755 /media/Chaos_Calmer15.05.1/openwrt/staging_dir/target-mips_34kc_uClibc-0.9.33.2/root-ar71xx/tmp-firewall/etc/config/
install -m0644 ./files/firewall.config /media/Chaos_Calmer15.05.1/openwrt/staging_dir/target-mips_34kc_uClibc-0.9.33.2/root-ar71xx/tmp-firewall/etc/config/firewall
install -d -m0755 /media/Chaos_Calmer15.05.1/openwrt/staging_dir/target-mips_34kc_uClibc-0.9.33.2/root-ar71xx/tmp-firewall/etc/
install -m0644 ./files/firewall.user /media/Chaos_Calmer15.05.1/openwrt/staging_dir/target-mips_34kc_uClibc-0.9.33.2/root-ar71xx/tmp-firewall/etc/firewall.user
SHELL= /media/Chaos_Calmer15.05.1/openwrt/staging_dir/host/bin/flock /media/Chaos_Calmer15.05.1/openwrt/tmp/.root-copy.flock -c 'cp -fpR /media/Chaos_Calmer15.05.1/openwrt/staging_dir/target-mips_34kc_uClibc-0.9.33.2/root-ar71xx/tmp-firewall/. /media/Chaos_Calmer15.05.1/openwrt/staging_dir/target-mips_34kc_uClibc-0.9.33.2/root-ar71xx/'
rm -rf /media/Chaos_Calmer15.05.1/openwrt/staging_dir/target-mips_34kc_uClibc-0.9.33.2/root-ar71xx/tmp-firewall
touch /media/Chaos_Calmer15.05.1/openwrt/staging_dir/target-mips_34kc_uClibc-0.9.33.2/root-ar71xx/stamp/.firewall_installed
if [ -f /media/Chaos_Calmer15.05.1/openwrt/staging_dir/target-mips_34kc_uClibc-0.9.33.2/pkginfo/firewall.default.install.clean ]; then rm -f /media/Chaos_Calmer15.05.1/openwrt/staging_dir/target-mips_34kc_uClibc-0.9.33.2/pkginfo/firewall.default.install /media/Chaos_Calmer15.05.1/openwrt/staging_dir/target-mips_34kc_uClibc-0.9.33.2/pkginfo/firewall.default.install.clean; fi; echo "firewall" >> /media/Chaos_Calmer15.05.1/openwrt/staging_dir/target-mips_34kc_uClibc-0.9.33.2/pkginfo/firewall.default.install
make[3]: Leaving directory `/media/Chaos_Calmer15.05.1/openwrt/package/network/config/firewall'
make[3]: Entering directory `/media/Chaos_Calmer15.05.1/openwrt/package/network/config/swconfig'
rm -rf /media/Chaos_Calmer15.05.1/openwrt/staging_dir/target-mips_34kc_uClibc-0.9.33.2/root-ar71xx/tmp-swconfig
mkdir -p /media/Chaos_Calmer15.05.1/openwrt/staging_dir/target-mips_34kc_uClibc-0.9.33.2/root-ar71xx/stamp /media/Chaos_Calmer15.05.1/openwrt/staging_dir/target-mips_34kc_uClibc-0.9.33.2/root-ar71xx/tmp-swconfig
install -d -m0755 /media/Chaos_Calmer15.05.1/openwrt/staging_dir/target-mips_34kc_uClibc-0.9.33.2/root-ar71xx/tmp-swconfig/sbin /media/Chaos_Calmer15.05.1/openwrt/staging_dir/target-mips_34kc_uClibc-0.9.33.2/root-ar71xx/tmp-swconfig/lib/network
install -m0755 /media/Chaos_Calmer15.05.1/openwrt/build_dir/target-mips_34kc_uClibc-0.9.33.2/swconfig/swconfig /media/Chaos_Calmer15.05.1/openwrt/staging_dir/target-mips_34kc_uClibc-0.9.33.2/root-ar71xx/tmp-swconfig/sbin/swconfig
install -m0644 ./files/switch.sh /media/Chaos_Calmer15.05.1/openwrt/staging_dir/target-mips_34kc_uClibc-0.9.33.2/root-ar71xx/tmp-swconfig/lib/network/
SHELL= /media/Chaos_Calmer15.05.1/openwrt/staging_dir/host/bin/flock /media/Chaos_Calmer15.05.1/openwrt/tmp/.root-copy.flock -c 'cp -fpR /media/Chaos_Calmer15.05.1/openwrt/staging_dir/target-mips_34kc_uClibc-0.9.33.2/root-ar71xx/tmp-swconfig/. /media/Chaos_Calmer15.05.1/openwrt/staging_dir/target-mips_34kc_uClibc-0.9.33.2/root-ar71xx/'
rm -rf /media/Chaos_Calmer15.05.1/openwrt/staging_dir/target-mips_34kc_uClibc-0.9.33.2/root-ar71xx/tmp-swconfig
touch /media/Chaos_Calmer15.05.1/openwrt/staging_dir/target-mips_34kc_uClibc-0.9.33.2/root-ar71xx/stamp/.swconfig_installed
if [ -f /media/Chaos_Calmer15.05.1/openwrt/staging_dir/target-mips_34kc_uClibc-0.9.33.2/pkginfo/swconfig.default.install.clean ]; then rm -f /media/Chaos_Calmer15.05.1/openwrt/staging_dir/target-mips_34kc_uClibc-0.9.33.2/pkginfo/swconfig.default.install /media/Chaos_Calmer15.05.1/openwrt/staging_dir/target-mips_34kc_uClibc-0.9.33.2/pkginfo/swconfig.default.install.clean; fi; echo "swconfig" >> /media/Chaos_Calmer15.05.1/openwrt/staging_dir/target-mips_34kc_uClibc-0.9.33.2/pkginfo/swconfig.default.install
make[3]: Leaving directory `/media/Chaos_Calmer15.05.1/openwrt/package/network/config/swconfig'
make[3]: Entering directory `/media/Chaos_Calmer15.05.1/openwrt/package/network/ipv6/odhcp6c'
rm -rf /media/Chaos_Calmer15.05.1/openwrt/staging_dir/target-mips_34kc_uClibc-0.9.33.2/root-ar71xx/tmp-odhcp6c
mkdir -p /media/Chaos_Calmer15.05.1/openwrt/staging_dir/target-mips_34kc_uClibc-0.9.33.2/root-ar71xx/stamp /media/Chaos_Calmer15.05.1/openwrt/staging_dir/target-mips_34kc_uClibc-0.9.33.2/root-ar71xx/tmp-odhcp6c
install -d -m0755 /media/Chaos_Calmer15.05.1/openwrt/staging_dir/target-mips_34kc_uClibc-0.9.33.2/root-ar71xx/tmp-odhcp6c/usr/sbin/
install -m0755 /media/Chaos_Calmer15.05.1/openwrt/build_dir/target-mips_34kc_uClibc-0.9.33.2/odhcp6c-2015-07-13/odhcp6c /media/Chaos_Calmer15.05.1/openwrt/staging_dir/target-mips_34kc_uClibc-0.9.33.2/root-ar71xx/tmp-odhcp6c/usr/sbin/
install -d -m0755 /media/Chaos_Calmer15.05.1/openwrt/staging_dir/target-mips_34kc_uClibc-0.9.33.2/root-ar71xx/tmp-odhcp6c/lib/netifd/proto
install -m0755 ./files/dhcpv6.sh /media/Chaos_Calmer15.05.1/openwrt/staging_dir/target-mips_34kc_uClibc-0.9.33.2/root-ar71xx/tmp-odhcp6c/lib/netifd/proto/dhcpv6.sh
install -m0755 ./files/dhcpv6.script /media/Chaos_Calmer15.05.1/openwrt/staging_dir/target-mips_34kc_uClibc-0.9.33.2/root-ar71xx/tmp-odhcp6c/lib/netifd/
SHELL= /media/Chaos_Calmer15.05.1/openwrt/staging_dir/host/bin/flock /media/Chaos_Calmer15.05.1/openwrt/tmp/.root-copy.flock -c 'cp -fpR /media/Chaos_Calmer15.05.1/openwrt/staging_dir/target-mips_34kc_uClibc-0.9.33.2/root-ar71xx/tmp-odhcp6c/. /media/Chaos_Calmer15.05.1/openwrt/staging_dir/target-mips_34kc_uClibc-0.9.33.2/root-ar71xx/'
rm -rf /media/Chaos_Calmer15.05.1/openwrt/staging_dir/target-mips_34kc_uClibc-0.9.33.2/root-ar71xx/tmp-odhcp6c
touch /media/Chaos_Calmer15.05.1/openwrt/staging_dir/target-mips_34kc_uClibc-0.9.33.2/root-ar71xx/stamp/.odhcp6c_installed
if [ -f /media/Chaos_Calmer15.05.1/openwrt/staging_dir/target-mips_34kc_uClibc-0.9.33.2/pkginfo/odhcp6c.default.install.clean ]; then rm -f /media/Chaos_Calmer15.05.1/openwrt/staging_dir/target-mips_34kc_uClibc-0.9.33.2/pkginfo/odhcp6c.default.install /media/Chaos_Calmer15.05.1/openwrt/staging_dir/target-mips_34kc_uClibc-0.9.33.2/pkginfo/odhcp6c.default.install.clean; fi; echo "odhcp6c" >> /media/Chaos_Calmer15.05.1/openwrt/staging_dir/target-mips_34kc_uClibc-0.9.33.2/pkginfo/odhcp6c.default.install
make[3]: Leaving directory `/media/Chaos_Calmer15.05.1/openwrt/package/network/ipv6/odhcp6c'
make[3]: Entering directory `/media/Chaos_Calmer15.05.1/openwrt/package/network/services/dnsmasq'
rm -rf /media/Chaos_Calmer15.05.1/openwrt/staging_dir/target-mips_34kc_uClibc-0.9.33.2/root-ar71xx/tmp-dnsmasq
mkdir -p /media/Chaos_Calmer15.05.1/openwrt/staging_dir/target-mips_34kc_uClibc-0.9.33.2/root-ar71xx/stamp /media/Chaos_Calmer15.05.1/openwrt/staging_dir/target-mips_34kc_uClibc-0.9.33.2/root-ar71xx/tmp-dnsmasq
install -d -m0755 /media/Chaos_Calmer15.05.1/openwrt/staging_dir/target-mips_34kc_uClibc-0.9.33.2/root-ar71xx/tmp-dnsmasq/usr/sbin
cp -fpR /media/Chaos_Calmer15.05.1/openwrt/build_dir/target-mips_34kc_uClibc-0.9.33.2/dnsmasq-nodhcpv6/dnsmasq-2.73/ipkg-install/usr/sbin/dnsmasq /media/Chaos_Calmer15.05.1/openwrt/staging_dir/target-mips_34kc_uClibc-0.9.33.2/root-ar71xx/tmp-dnsmasq/usr/sbin/
install -d -m0755 /media/Chaos_Calmer15.05.1/openwrt/staging_dir/target-mips_34kc_uClibc-0.9.33.2/root-ar71xx/tmp-dnsmasq/etc/config
install -m0644 ./files/dhcp.conf /media/Chaos_Calmer15.05.1/openwrt/staging_dir/target-mips_34kc_uClibc-0.9.33.2/root-ar71xx/tmp-dnsmasq/etc/config/dhcp
install -m0644 ./files/dnsmasq.conf /media/Chaos_Calmer15.05.1/openwrt/staging_dir/target-mips_34kc_uClibc-0.9.33.2/root-ar71xx/tmp-dnsmasq/etc/dnsmasq.conf
install -d -m0755 /media/Chaos_Calmer15.05.1/openwrt/staging_dir/target-mips_34kc_uClibc-0.9.33.2/root-ar71xx/tmp-dnsmasq/etc/init.d
install -m0755 ./files/dnsmasq.init /media/Chaos_Calmer15.05.1/openwrt/staging_dir/target-mips_34kc_uClibc-0.9.33.2/root-ar71xx/tmp-dnsmasq/etc/init.d/dnsmasq
install -d -m0755 /media/Chaos_Calmer15.05.1/openwrt/staging_dir/target-mips_34kc_uClibc-0.9.33.2/root-ar71xx/tmp-dnsmasq/etc/hotplug.d/iface
install -m0644 ./files/dnsmasq.hotplug /media/Chaos_Calmer15.05.1/openwrt/staging_dir/target-mips_34kc_uClibc-0.9.33.2/root-ar71xx/tmp-dnsmasq/etc/hotplug.d/iface/25-dnsmasq
SHELL= /media/Chaos_Calmer15.05.1/openwrt/staging_dir/host/bin/flock /media/Chaos_Calmer15.05.1/openwrt/tmp/.root-copy.flock -c 'cp -fpR /media/Chaos_Calmer15.05.1/openwrt/staging_dir/target-mips_34kc_uClibc-0.9.33.2/root-ar71xx/tmp-dnsmasq/. /media/Chaos_Calmer15.05.1/openwrt/staging_dir/target-mips_34kc_uClibc-0.9.33.2/root-ar71xx/'
rm -rf /media/Chaos_Calmer15.05.1/openwrt/staging_dir/target-mips_34kc_uClibc-0.9.33.2/root-ar71xx/tmp-dnsmasq
touch /media/Chaos_Calmer15.05.1/openwrt/staging_dir/target-mips_34kc_uClibc-0.9.33.2/root-ar71xx/stamp/.dnsmasq_installed
if [ -f /media/Chaos_Calmer15.05.1/openwrt/staging_dir/target-mips_34kc_uClibc-0.9.33.2/pkginfo/dnsmasq.nodhcpv6.install.clean ]; then rm -f /media/Chaos_Calmer15.05.1/openwrt/staging_dir/target-mips_34kc_uClibc-0.9.33.2/pkginfo/dnsmasq.nodhcpv6.install /media/Chaos_Calmer15.05.1/openwrt/staging_dir/target-mips_34kc_uClibc-0.9.33.2/pkginfo/dnsmasq.nodhcpv6.install.clean; fi; echo "dnsmasq" >> /media/Chaos_Calmer15.05.1/openwrt/staging_dir/target-mips_34kc_uClibc-0.9.33.2/pkginfo/dnsmasq.nodhcpv6.install
make[3]: Leaving directory `/media/Chaos_Calmer15.05.1/openwrt/package/network/services/dnsmasq'
make[3]: Entering directory `/media/Chaos_Calmer15.05.1/openwrt/package/network/services/dropbear'
rm -rf /media/Chaos_Calmer15.05.1/openwrt/staging_dir/target-mips_34kc_uClibc-0.9.33.2/root-ar71xx/tmp-dropbear
mkdir -p /media/Chaos_Calmer15.05.1/openwrt/staging_dir/target-mips_34kc_uClibc-0.9.33.2/root-ar71xx/stamp /media/Chaos_Calmer15.05.1/openwrt/staging_dir/target-mips_34kc_uClibc-0.9.33.2/root-ar71xx/tmp-dropbear
install -d -m0755 /media/Chaos_Calmer15.05.1/openwrt/staging_dir/target-mips_34kc_uClibc-0.9.33.2/root-ar71xx/tmp-dropbear/usr/sbin
install -m0755 /media/Chaos_Calmer15.05.1/openwrt/build_dir/target-mips_34kc_uClibc-0.9.33.2/dropbear-2015.67/dropbearmulti /media/Chaos_Calmer15.05.1/openwrt/staging_dir/target-mips_34kc_uClibc-0.9.33.2/root-ar71xx/tmp-dropbear/usr/sbin/dropbear
install -d -m0755 /media/Chaos_Calmer15.05.1/openwrt/staging_dir/target-mips_34kc_uClibc-0.9.33.2/root-ar71xx/tmp-dropbear/usr/bin
ln -sf ../sbin/dropbear /media/Chaos_Calmer15.05.1/openwrt/staging_dir/target-mips_34kc_uClibc-0.9.33.2/root-ar71xx/tmp-dropbear/usr/bin/scp
ln -sf ../sbin/dropbear /media/Chaos_Calmer15.05.1/openwrt/staging_dir/target-mips_34kc_uClibc-0.9.33.2/root-ar71xx/tmp-dropbear/usr/bin/ssh
ln -sf ../sbin/dropbear /media/Chaos_Calmer15.05.1/openwrt/staging_dir/target-mips_34kc_uClibc-0.9.33.2/root-ar71xx/tmp-dropbear/usr/bin/dbclient
ln -sf ../sbin/dropbear /media/Chaos_Calmer15.05.1/openwrt/staging_dir/target-mips_34kc_uClibc-0.9.33.2/root-ar71xx/tmp-dropbear/usr/bin/dropbearkey
install -d -m0755 /media/Chaos_Calmer15.05.1/openwrt/staging_dir/target-mips_34kc_uClibc-0.9.33.2/root-ar71xx/tmp-dropbear/etc/config
install -m0644 ./files/dropbear.config /media/Chaos_Calmer15.05.1/openwrt/staging_dir/target-mips_34kc_uClibc-0.9.33.2/root-ar71xx/tmp-dropbear/etc/config/dropbear
install -d -m0755 /media/Chaos_Calmer15.05.1/openwrt/staging_dir/target-mips_34kc_uClibc-0.9.33.2/root-ar71xx/tmp-dropbear/etc/init.d
install -m0755 ./files/dropbear.init /media/Chaos_Calmer15.05.1/openwrt/staging_dir/target-mips_34kc_uClibc-0.9.33.2/root-ar71xx/tmp-dropbear/etc/init.d/dropbear
install -d -m0755 /media/Chaos_Calmer15.05.1/openwrt/staging_dir/target-mips_34kc_uClibc-0.9.33.2/root-ar71xx/tmp-dropbear/usr/lib/opkg/info
install -d -m0755 /media/Chaos_Calmer15.05.1/openwrt/staging_dir/target-mips_34kc_uClibc-0.9.33.2/root-ar71xx/tmp-dropbear/etc/dropbear
touch /media/Chaos_Calmer15.05.1/openwrt/staging_dir/target-mips_34kc_uClibc-0.9.33.2/root-ar71xx/tmp-dropbear/etc/dropbear/dropbear_rsa_host_key
touch /media/Chaos_Calmer15.05.1/openwrt/staging_dir/target-mips_34kc_uClibc-0.9.33.2/root-ar71xx/tmp-dropbear/etc/dropbear/dropbear_dss_host_key
SHELL= /media/Chaos_Calmer15.05.1/openwrt/staging_dir/host/bin/flock /media/Chaos_Calmer15.05.1/openwrt/tmp/.root-copy.flock -c 'cp -fpR /media/Chaos_Calmer15.05.1/openwrt/staging_dir/target-mips_34kc_uClibc-0.9.33.2/root-ar71xx/tmp-dropbear/. /media/Chaos_Calmer15.05.1/openwrt/staging_dir/target-mips_34kc_uClibc-0.9.33.2/root-ar71xx/'
rm -rf /media/Chaos_Calmer15.05.1/openwrt/staging_dir/target-mips_34kc_uClibc-0.9.33.2/root-ar71xx/tmp-dropbear
touch /media/Chaos_Calmer15.05.1/openwrt/staging_dir/target-mips_34kc_uClibc-0.9.33.2/root-ar71xx/stamp/.dropbear_installed
if [ -f /media/Chaos_Calmer15.05.1/openwrt/staging_dir/target-mips_34kc_uClibc-0.9.33.2/pkginfo/dropbear.default.install.clean ]; then rm -f /media/Chaos_Calmer15.05.1/openwrt/staging_dir/target-mips_34kc_uClibc-0.9.33.2/pkginfo/dropbear.default.install /media/Chaos_Calmer15.05.1/openwrt/staging_dir/target-mips_34kc_uClibc-0.9.33.2/pkginfo/dropbear.default.install.clean; fi; echo "dropbear" >> /media/Chaos_Calmer15.05.1/openwrt/staging_dir/target-mips_34kc_uClibc-0.9.33.2/pkginfo/dropbear.default.install
make[3]: Leaving directory `/media/Chaos_Calmer15.05.1/openwrt/package/network/services/dropbear'
make[3]: Entering directory `/media/Chaos_Calmer15.05.1/openwrt/package/network/services/odhcpd'
rm -rf /media/Chaos_Calmer15.05.1/openwrt/staging_dir/target-mips_34kc_uClibc-0.9.33.2/root-ar71xx/tmp-odhcpd
mkdir -p /media/Chaos_Calmer15.05.1/openwrt/staging_dir/target-mips_34kc_uClibc-0.9.33.2/root-ar71xx/stamp /media/Chaos_Calmer15.05.1/openwrt/staging_dir/target-mips_34kc_uClibc-0.9.33.2/root-ar71xx/tmp-odhcpd
install -d -m0755 /media/Chaos_Calmer15.05.1/openwrt/staging_dir/target-mips_34kc_uClibc-0.9.33.2/root-ar71xx/tmp-odhcpd/usr/sbin/
install -m0755 /media/Chaos_Calmer15.05.1/openwrt/build_dir/target-mips_34kc_uClibc-0.9.33.2/odhcpd-2015-11-19/odhcpd /media/Chaos_Calmer15.05.1/openwrt/staging_dir/target-mips_34kc_uClibc-0.9.33.2/root-ar71xx/tmp-odhcpd/usr/sbin/
install -m0755 ./files/odhcpd-update /media/Chaos_Calmer15.05.1/openwrt/staging_dir/target-mips_34kc_uClibc-0.9.33.2/root-ar71xx/tmp-odhcpd/usr/sbin/
install -d -m0755 /media/Chaos_Calmer15.05.1/openwrt/staging_dir/target-mips_34kc_uClibc-0.9.33.2/root-ar71xx/tmp-odhcpd/etc/init.d
install -m0755 ./files/odhcpd.init /media/Chaos_Calmer15.05.1/openwrt/staging_dir/target-mips_34kc_uClibc-0.9.33.2/root-ar71xx/tmp-odhcpd/etc/init.d/odhcpd
install -d -m0755 /media/Chaos_Calmer15.05.1/openwrt/staging_dir/target-mips_34kc_uClibc-0.9.33.2/root-ar71xx/tmp-odhcpd/etc/uci-defaults
install -m0755 ./files/odhcpd.defaults /media/Chaos_Calmer15.05.1/openwrt/staging_dir/target-mips_34kc_uClibc-0.9.33.2/root-ar71xx/tmp-odhcpd/etc/uci-defaults
SHELL= /media/Chaos_Calmer15.05.1/openwrt/staging_dir/host/bin/flock /media/Chaos_Calmer15.05.1/openwrt/tmp/.root-copy.flock -c 'cp -fpR /media/Chaos_Calmer15.05.1/openwrt/staging_dir/target-mips_34kc_uClibc-0.9.33.2/root-ar71xx/tmp-odhcpd/. /media/Chaos_Calmer15.05.1/openwrt/staging_dir/target-mips_34kc_uClibc-0.9.33.2/root-ar71xx/'
rm -rf /media/Chaos_Calmer15.05.1/openwrt/staging_dir/target-mips_34kc_uClibc-0.9.33.2/root-ar71xx/tmp-odhcpd
touch /media/Chaos_Calmer15.05.1/openwrt/staging_dir/target-mips_34kc_uClibc-0.9.33.2/root-ar71xx/stamp/.odhcpd_installed
if [ -f /media/Chaos_Calmer15.05.1/openwrt/staging_dir/target-mips_34kc_uClibc-0.9.33.2/pkginfo/odhcpd.default.install.clean ]; then rm -f /media/Chaos_Calmer15.05.1/openwrt/staging_dir/target-mips_34kc_uClibc-0.9.33.2/pkginfo/odhcpd.default.install /media/Chaos_Calmer15.05.1/openwrt/staging_dir/target-mips_34kc_uClibc-0.9.33.2/pkginfo/odhcpd.default.install.clean; fi; echo "odhcpd" >> /media/Chaos_Calmer15.05.1/openwrt/staging_dir/target-mips_34kc_uClibc-0.9.33.2/pkginfo/odhcpd.default.install
make[3]: Leaving directory `/media/Chaos_Calmer15.05.1/openwrt/package/network/services/odhcpd'
make[3]: Entering directory `/media/Chaos_Calmer15.05.1/openwrt/package/libs/libpcap'
make[3]: Leaving directory `/media/Chaos_Calmer15.05.1/openwrt/package/libs/libpcap'
make[3]: Entering directory `/media/Chaos_Calmer15.05.1/openwrt/package/network/utils/linux-atm'
make[3]: Leaving directory `/media/Chaos_Calmer15.05.1/openwrt/package/network/utils/linux-atm'
make[3]: Entering directory `/media/Chaos_Calmer15.05.1/openwrt/package/network/utils/resolveip'
make[3]: Leaving directory `/media/Chaos_Calmer15.05.1/openwrt/package/network/utils/resolveip'
make[3]: Entering directory `/media/Chaos_Calmer15.05.1/openwrt/package/network/services/ppp'
rm -rf /media/Chaos_Calmer15.05.1/openwrt/staging_dir/target-mips_34kc_uClibc-0.9.33.2/root-ar71xx/tmp-ppp
mkdir -p /media/Chaos_Calmer15.05.1/openwrt/staging_dir/target-mips_34kc_uClibc-0.9.33.2/root-ar71xx/stamp /media/Chaos_Calmer15.05.1/openwrt/staging_dir/target-mips_34kc_uClibc-0.9.33.2/root-ar71xx/tmp-ppp
install -d -m0755 /media/Chaos_Calmer15.05.1/openwrt/staging_dir/target-mips_34kc_uClibc-0.9.33.2/root-ar71xx/tmp-ppp/usr/lib/pppd/2.4.7
install -d -m0755 /media/Chaos_Calmer15.05.1/openwrt/staging_dir/target-mips_34kc_uClibc-0.9.33.2/root-ar71xx/tmp-ppp/usr/sbin
install -m0755 /media/Chaos_Calmer15.05.1/openwrt/build_dir/target-mips_34kc_uClibc-0.9.33.2/ppp-default/ppp-2.4.7/ipkg-install/sbin/pppd /media/Chaos_Calmer15.05.1/openwrt/staging_dir/target-mips_34kc_uClibc-0.9.33.2/root-ar71xx/tmp-ppp/usr/sbin/
install -d -m0755 /media/Chaos_Calmer15.05.1/openwrt/staging_dir/target-mips_34kc_uClibc-0.9.33.2/root-ar71xx/tmp-ppp/etc/ppp
install -m0600 ./files/etc/ppp/chap-secrets /media/Chaos_Calmer15.05.1/openwrt/staging_dir/target-mips_34kc_uClibc-0.9.33.2/root-ar71xx/tmp-ppp/etc/ppp/
install -m0644 ./files/etc/ppp/filter /media/Chaos_Calmer15.05.1/openwrt/staging_dir/target-mips_34kc_uClibc-0.9.33.2/root-ar71xx/tmp-ppp/etc/ppp/
install -m0644 ./files/etc/ppp/options /media/Chaos_Calmer15.05.1/openwrt/staging_dir/target-mips_34kc_uClibc-0.9.33.2/root-ar71xx/tmp-ppp/etc/ppp/
ln -sf /tmp/resolv.conf.ppp /media/Chaos_Calmer15.05.1/openwrt/staging_dir/target-mips_34kc_uClibc-0.9.33.2/root-ar71xx/tmp-ppp/etc/ppp/resolv.conf
install -d -m0755 /media/Chaos_Calmer15.05.1/openwrt/staging_dir/target-mips_34kc_uClibc-0.9.33.2/root-ar71xx/tmp-ppp/lib/netifd/proto
install -m0755 ./files/ppp.sh /media/Chaos_Calmer15.05.1/openwrt/staging_dir/target-mips_34kc_uClibc-0.9.33.2/root-ar71xx/tmp-ppp/lib/netifd/proto/
install -m0755 ./files/lib/netifd/ppp-up /media/Chaos_Calmer15.05.1/openwrt/staging_dir/target-mips_34kc_uClibc-0.9.33.2/root-ar71xx/tmp-ppp/lib/netifd/
install -m0755 ./files/lib/netifd/ppp-down /media/Chaos_Calmer15.05.1/openwrt/staging_dir/target-mips_34kc_uClibc-0.9.33.2/root-ar71xx/tmp-ppp/lib/netifd/
SHELL= /media/Chaos_Calmer15.05.1/openwrt/staging_dir/host/bin/flock /media/Chaos_Calmer15.05.1/openwrt/tmp/.root-copy.flock -c 'cp -fpR /media/Chaos_Calmer15.05.1/openwrt/staging_dir/target-mips_34kc_uClibc-0.9.33.2/root-ar71xx/tmp-ppp/. /media/Chaos_Calmer15.05.1/openwrt/staging_dir/target-mips_34kc_uClibc-0.9.33.2/root-ar71xx/'
rm -rf /media/Chaos_Calmer15.05.1/openwrt/staging_dir/target-mips_34kc_uClibc-0.9.33.2/root-ar71xx/tmp-ppp
touch /media/Chaos_Calmer15.05.1/openwrt/staging_dir/target-mips_34kc_uClibc-0.9.33.2/root-ar71xx/stamp/.ppp_installed
if [ -f /media/Chaos_Calmer15.05.1/openwrt/staging_dir/target-mips_34kc_uClibc-0.9.33.2/pkginfo/ppp.default.install.clean ]; then rm -f /media/Chaos_Calmer15.05.1/openwrt/staging_dir/target-mips_34kc_uClibc-0.9.33.2/pkginfo/ppp.default.install /media/Chaos_Calmer15.05.1/openwrt/staging_dir/target-mips_34kc_uClibc-0.9.33.2/pkginfo/ppp.default.install.clean; fi; echo "ppp" >> /media/Chaos_Calmer15.05.1/openwrt/staging_dir/target-mips_34kc_uClibc-0.9.33.2/pkginfo/ppp.default.install
rm -rf /media/Chaos_Calmer15.05.1/openwrt/staging_dir/target-mips_34kc_uClibc-0.9.33.2/root-ar71xx/tmp-ppp-mod-pppoe
mkdir -p /media/Chaos_Calmer15.05.1/openwrt/staging_dir/target-mips_34kc_uClibc-0.9.33.2/root-ar71xx/stamp /media/Chaos_Calmer15.05.1/openwrt/staging_dir/target-mips_34kc_uClibc-0.9.33.2/root-ar71xx/tmp-ppp-mod-pppoe
install -d -m0755 /media/Chaos_Calmer15.05.1/openwrt/staging_dir/target-mips_34kc_uClibc-0.9.33.2/root-ar71xx/tmp-ppp-mod-pppoe/usr/lib/pppd/2.4.7
install -m0755 /media/Chaos_Calmer15.05.1/openwrt/build_dir/target-mips_34kc_uClibc-0.9.33.2/ppp-default/ppp-2.4.7/ipkg-install/lib/pppd/2.4.7/rp-pppoe.so /media/Chaos_Calmer15.05.1/openwrt/staging_dir/target-mips_34kc_uClibc-0.9.33.2/root-ar71xx/tmp-ppp-mod-pppoe/usr/lib/pppd/2.4.7/
SHELL= /media/Chaos_Calmer15.05.1/openwrt/staging_dir/host/bin/flock /media/Chaos_Calmer15.05.1/openwrt/tmp/.root-copy.flock -c 'cp -fpR /media/Chaos_Calmer15.05.1/openwrt/staging_dir/target-mips_34kc_uClibc-0.9.33.2/root-ar71xx/tmp-ppp-mod-pppoe/. /media/Chaos_Calmer15.05.1/openwrt/staging_dir/target-mips_34kc_uClibc-0.9.33.2/root-ar71xx/'
rm -rf /media/Chaos_Calmer15.05.1/openwrt/staging_dir/target-mips_34kc_uClibc-0.9.33.2/root-ar71xx/tmp-ppp-mod-pppoe
touch /media/Chaos_Calmer15.05.1/openwrt/staging_dir/target-mips_34kc_uClibc-0.9.33.2/root-ar71xx/stamp/.ppp-mod-pppoe_installed
if [ -f /media/Chaos_Calmer15.05.1/openwrt/staging_dir/target-mips_34kc_uClibc-0.9.33.2/pkginfo/ppp.default.install.clean ]; then rm -f /media/Chaos_Calmer15.05.1/openwrt/staging_dir/target-mips_34kc_uClibc-0.9.33.2/pkginfo/ppp.default.install /media/Chaos_Calmer15.05.1/openwrt/staging_dir/target-mips_34kc_uClibc-0.9.33.2/pkginfo/ppp.default.install.clean; fi; echo "ppp-mod-pppoe" >> /media/Chaos_Calmer15.05.1/openwrt/staging_dir/target-mips_34kc_uClibc-0.9.33.2/pkginfo/ppp.default.install
make[3]: Leaving directory `/media/Chaos_Calmer15.05.1/openwrt/package/network/services/ppp'
make[3]: Entering directory `/media/Chaos_Calmer15.05.1/openwrt/package/network/utils/iwinfo'
rm -rf /media/Chaos_Calmer15.05.1/openwrt/staging_dir/target-mips_34kc_uClibc-0.9.33.2/root-ar71xx/tmp-libiwinfo
mkdir -p /media/Chaos_Calmer15.05.1/openwrt/staging_dir/target-mips_34kc_uClibc-0.9.33.2/root-ar71xx/stamp /media/Chaos_Calmer15.05.1/openwrt/staging_dir/target-mips_34kc_uClibc-0.9.33.2/root-ar71xx/tmp-libiwinfo
install -d -m0755 /media/Chaos_Calmer15.05.1/openwrt/staging_dir/target-mips_34kc_uClibc-0.9.33.2/root-ar71xx/tmp-libiwinfo/usr/lib
install -m0755 /media/Chaos_Calmer15.05.1/openwrt/build_dir/target-mips_34kc_uClibc-0.9.33.2/libiwinfo-2015-06-01/libiwinfo.so /media/Chaos_Calmer15.05.1/openwrt/staging_dir/target-mips_34kc_uClibc-0.9.33.2/root-ar71xx/tmp-libiwinfo/usr/lib/libiwinfo.so
install -d -m0755 /media/Chaos_Calmer15.05.1/openwrt/staging_dir/target-mips_34kc_uClibc-0.9.33.2/root-ar71xx/tmp-libiwinfo/usr/share/libiwinfo
install -m0644 /media/Chaos_Calmer15.05.1/openwrt/build_dir/target-mips_34kc_uClibc-0.9.33.2/libiwinfo-2015-06-01/hardware.txt /media/Chaos_Calmer15.05.1/openwrt/staging_dir/target-mips_34kc_uClibc-0.9.33.2/root-ar71xx/tmp-libiwinfo/usr/share/libiwinfo/hardware.txt
SHELL= /media/Chaos_Calmer15.05.1/openwrt/staging_dir/host/bin/flock /media/Chaos_Calmer15.05.1/openwrt/tmp/.root-copy.flock -c 'cp -fpR /media/Chaos_Calmer15.05.1/openwrt/staging_dir/target-mips_34kc_uClibc-0.9.33.2/root-ar71xx/tmp-libiwinfo/. /media/Chaos_Calmer15.05.1/openwrt/staging_dir/target-mips_34kc_uClibc-0.9.33.2/root-ar71xx/'
rm -rf /media/Chaos_Calmer15.05.1/openwrt/staging_dir/target-mips_34kc_uClibc-0.9.33.2/root-ar71xx/tmp-libiwinfo
touch /media/Chaos_Calmer15.05.1/openwrt/staging_dir/target-mips_34kc_uClibc-0.9.33.2/root-ar71xx/stamp/.libiwinfo_installed
if [ -f /media/Chaos_Calmer15.05.1/openwrt/staging_dir/target-mips_34kc_uClibc-0.9.33.2/pkginfo/iwinfo.default.install.clean ]; then rm -f /media/Chaos_Calmer15.05.1/openwrt/staging_dir/target-mips_34kc_uClibc-0.9.33.2/pkginfo/iwinfo.default.install /media/Chaos_Calmer15.05.1/openwrt/staging_dir/target-mips_34kc_uClibc-0.9.33.2/pkginfo/iwinfo.default.install.clean; fi; echo "libiwinfo" >> /media/Chaos_Calmer15.05.1/openwrt/staging_dir/target-mips_34kc_uClibc-0.9.33.2/pkginfo/iwinfo.default.install
rm -rf /media/Chaos_Calmer15.05.1/openwrt/staging_dir/target-mips_34kc_uClibc-0.9.33.2/root-ar71xx/tmp-iwinfo
mkdir -p /media/Chaos_Calmer15.05.1/openwrt/staging_dir/target-mips_34kc_uClibc-0.9.33.2/root-ar71xx/stamp /media/Chaos_Calmer15.05.1/openwrt/staging_dir/target-mips_34kc_uClibc-0.9.33.2/root-ar71xx/tmp-iwinfo
install -d -m0755 /media/Chaos_Calmer15.05.1/openwrt/staging_dir/target-mips_34kc_uClibc-0.9.33.2/root-ar71xx/tmp-iwinfo/usr/bin
install -m0755 /media/Chaos_Calmer15.05.1/openwrt/build_dir/target-mips_34kc_uClibc-0.9.33.2/libiwinfo-2015-06-01/iwinfo /media/Chaos_Calmer15.05.1/openwrt/staging_dir/target-mips_34kc_uClibc-0.9.33.2/root-ar71xx/tmp-iwinfo/usr/bin/iwinfo
SHELL= /media/Chaos_Calmer15.05.1/openwrt/staging_dir/host/bin/flock /media/Chaos_Calmer15.05.1/openwrt/tmp/.root-copy.flock -c 'cp -fpR /media/Chaos_Calmer15.05.1/openwrt/staging_dir/target-mips_34kc_uClibc-0.9.33.2/root-ar71xx/tmp-iwinfo/. /media/Chaos_Calmer15.05.1/openwrt/staging_dir/target-mips_34kc_uClibc-0.9.33.2/root-ar71xx/'
rm -rf /media/Chaos_Calmer15.05.1/openwrt/staging_dir/target-mips_34kc_uClibc-0.9.33.2/root-ar71xx/tmp-iwinfo
touch /media/Chaos_Calmer15.05.1/openwrt/staging_dir/target-mips_34kc_uClibc-0.9.33.2/root-ar71xx/stamp/.iwinfo_installed
if [ -f /media/Chaos_Calmer15.05.1/openwrt/staging_dir/target-mips_34kc_uClibc-0.9.33.2/pkginfo/iwinfo.default.install.clean ]; then rm -f /media/Chaos_Calmer15.05.1/openwrt/staging_dir/target-mips_34kc_uClibc-0.9.33.2/pkginfo/iwinfo.default.install /media/Chaos_Calmer15.05.1/openwrt/staging_dir/target-mips_34kc_uClibc-0.9.33.2/pkginfo/iwinfo.default.install.clean; fi; echo "iwinfo" >> /media/Chaos_Calmer15.05.1/openwrt/staging_dir/target-mips_34kc_uClibc-0.9.33.2/pkginfo/iwinfo.default.install
make[3]: Leaving directory `/media/Chaos_Calmer15.05.1/openwrt/package/network/utils/iwinfo'
make[3]: Entering directory `/media/Chaos_Calmer15.05.1/openwrt/package/system/mtd'
rm -rf /media/Chaos_Calmer15.05.1/openwrt/staging_dir/target-mips_34kc_uClibc-0.9.33.2/root-ar71xx/tmp-mtd
mkdir -p /media/Chaos_Calmer15.05.1/openwrt/staging_dir/target-mips_34kc_uClibc-0.9.33.2/root-ar71xx/stamp /media/Chaos_Calmer15.05.1/openwrt/staging_dir/target-mips_34kc_uClibc-0.9.33.2/root-ar71xx/tmp-mtd
install -d -m0755 /media/Chaos_Calmer15.05.1/openwrt/staging_dir/target-mips_34kc_uClibc-0.9.33.2/root-ar71xx/tmp-mtd/sbin
install -m0755 /media/Chaos_Calmer15.05.1/openwrt/build_dir/target-mips_34kc_uClibc-0.9.33.2/linux-ar71xx_generic/mtd/mtd /media/Chaos_Calmer15.05.1/openwrt/staging_dir/target-mips_34kc_uClibc-0.9.33.2/root-ar71xx/tmp-mtd/sbin/
SHELL= /media/Chaos_Calmer15.05.1/openwrt/staging_dir/host/bin/flock /media/Chaos_Calmer15.05.1/openwrt/tmp/.root-copy.flock -c 'cp -fpR /media/Chaos_Calmer15.05.1/openwrt/staging_dir/target-mips_34kc_uClibc-0.9.33.2/root-ar71xx/tmp-mtd/. /media/Chaos_Calmer15.05.1/openwrt/staging_dir/target-mips_34kc_uClibc-0.9.33.2/root-ar71xx/'
rm -rf /media/Chaos_Calmer15.05.1/openwrt/staging_dir/target-mips_34kc_uClibc-0.9.33.2/root-ar71xx/tmp-mtd
touch /media/Chaos_Calmer15.05.1/openwrt/staging_dir/target-mips_34kc_uClibc-0.9.33.2/root-ar71xx/stamp/.mtd_installed
if [ -f /media/Chaos_Calmer15.05.1/openwrt/staging_dir/target-mips_34kc_uClibc-0.9.33.2/pkginfo/mtd.default.install.clean ]; then rm -f /media/Chaos_Calmer15.05.1/openwrt/staging_dir/target-mips_34kc_uClibc-0.9.33.2/pkginfo/mtd.default.install /media/Chaos_Calmer15.05.1/openwrt/staging_dir/target-mips_34kc_uClibc-0.9.33.2/pkginfo/mtd.default.install.clean; fi; echo "mtd" >> /media/Chaos_Calmer15.05.1/openwrt/staging_dir/target-mips_34kc_uClibc-0.9.33.2/pkginfo/mtd.default.install
make[3]: Leaving directory `/media/Chaos_Calmer15.05.1/openwrt/package/system/mtd'
make[3]: Entering directory `/media/Chaos_Calmer15.05.1/openwrt/package/system/opkg'
rm -rf /media/Chaos_Calmer15.05.1/openwrt/staging_dir/target-mips_34kc_uClibc-0.9.33.2/root-ar71xx/tmp-opkg
mkdir -p /media/Chaos_Calmer15.05.1/openwrt/staging_dir/target-mips_34kc_uClibc-0.9.33.2/root-ar71xx/stamp /media/Chaos_Calmer15.05.1/openwrt/staging_dir/target-mips_34kc_uClibc-0.9.33.2/root-ar71xx/tmp-opkg
install -d -m0755 /media/Chaos_Calmer15.05.1/openwrt/staging_dir/target-mips_34kc_uClibc-0.9.33.2/root-ar71xx/tmp-opkg/usr/lib/opkg
install -d -m0755 /media/Chaos_Calmer15.05.1/openwrt/staging_dir/target-mips_34kc_uClibc-0.9.33.2/root-ar71xx/tmp-opkg/bin
install -d -m0755 /media/Chaos_Calmer15.05.1/openwrt/staging_dir/target-mips_34kc_uClibc-0.9.33.2/root-ar71xx/tmp-opkg/etc/opkg
install -d -m0755 /media/Chaos_Calmer15.05.1/openwrt/staging_dir/target-mips_34kc_uClibc-0.9.33.2/root-ar71xx/tmp-opkg/etc/uci-defaults
install -m0644 ./files/customfeeds.conf /media/Chaos_Calmer15.05.1/openwrt/staging_dir/target-mips_34kc_uClibc-0.9.33.2/root-ar71xx/tmp-opkg/etc/opkg/customfeeds.conf
install -m0644 ./files/opkg.conf /media/Chaos_Calmer15.05.1/openwrt/staging_dir/target-mips_34kc_uClibc-0.9.33.2/root-ar71xx/tmp-opkg/etc/opkg.conf
( echo "src/gz %n_base %U/base"; echo "src/gz %n_luci %U/luci"; echo "src/gz %n_management %U/management"; echo "src/gz %n_packages %U/packages"; echo "src/gz %n_routing %U/routing"; echo "src/gz %n_telephony %U/telephony"; ) >> /media/Chaos_Calmer15.05.1/openwrt/staging_dir/target-mips_34kc_uClibc-0.9.33.2/root-ar71xx/tmp-opkg/etc/opkg/distfeeds.conf
/media/Chaos_Calmer15.05.1/openwrt/staging_dir/host/bin/sed -i -e 's,%U,http://downloads.openwrt.org/%n/%v/%S/packages,g' -e 's,%V,15.05,g' -e 's,%v,\L15.05,g' -e 's,%C,Chaos Calmer,g' -e 's,%c,\LChaos_Calmer,g' -e 's,%N,Chaos Calmer,g' -e 's,%n,\LChaos_Calmer,g' -e 's,%D,OpenWrt,g' -e 's,%d,\LOpenWrt,g' -e 's,%R,r48532,g' -e 's,%T,ar71xx,g' -e 's,%S,ar71xx/generic,g' -e 's,%t,no-all,g' -e 's,%M,OpenWrt,g' -e 's,%P,Generic,g' -e 's,%h,v0,g' /media/Chaos_Calmer15.05.1/openwrt/staging_dir/target-mips_34kc_uClibc-0.9.33.2/root-ar71xx/tmp-opkg/etc/opkg/distfeeds.conf
install -m0755 ./files/20_migrate-feeds /media/Chaos_Calmer15.05.1/openwrt/staging_dir/target-mips_34kc_uClibc-0.9.33.2/root-ar71xx/tmp-opkg/etc/uci-defaults/
install -m0755 /media/Chaos_Calmer15.05.1/openwrt/build_dir/target-mips_34kc_uClibc-0.9.33.2/opkg-unsigned/opkg-9c97d5ecd795709c8584e972bfdf3aee3a5b846d/ipkg-install/usr/bin/opkg-cl /media/Chaos_Calmer15.05.1/openwrt/staging_dir/target-mips_34kc_uClibc-0.9.33.2/root-ar71xx/tmp-opkg/bin/opkg
echo "option check_signature 1" >> /media/Chaos_Calmer15.05.1/openwrt/staging_dir/target-mips_34kc_uClibc-0.9.33.2/root-ar71xx/tmp-opkg/etc/opkg.conf
mkdir /media/Chaos_Calmer15.05.1/openwrt/staging_dir/target-mips_34kc_uClibc-0.9.33.2/root-ar71xx/tmp-opkg/usr/sbin
install -m0755 ./files/opkg-key /media/Chaos_Calmer15.05.1/openwrt/staging_dir/target-mips_34kc_uClibc-0.9.33.2/root-ar71xx/tmp-opkg/usr/sbin/
SHELL= /media/Chaos_Calmer15.05.1/openwrt/staging_dir/host/bin/flock /media/Chaos_Calmer15.05.1/openwrt/tmp/.root-copy.flock -c 'cp -fpR /media/Chaos_Calmer15.05.1/openwrt/staging_dir/target-mips_34kc_uClibc-0.9.33.2/root-ar71xx/tmp-opkg/. /media/Chaos_Calmer15.05.1/openwrt/staging_dir/target-mips_34kc_uClibc-0.9.33.2/root-ar71xx/'
rm -rf /media/Chaos_Calmer15.05.1/openwrt/staging_dir/target-mips_34kc_uClibc-0.9.33.2/root-ar71xx/tmp-opkg
touch /media/Chaos_Calmer15.05.1/openwrt/staging_dir/target-mips_34kc_uClibc-0.9.33.2/root-ar71xx/stamp/.opkg_installed
if [ -f /media/Chaos_Calmer15.05.1/openwrt/staging_dir/target-mips_34kc_uClibc-0.9.33.2/pkginfo/opkg.unsigned.install.clean ]; then rm -f /media/Chaos_Calmer15.05.1/openwrt/staging_dir/target-mips_34kc_uClibc-0.9.33.2/pkginfo/opkg.unsigned.install /media/Chaos_Calmer15.05.1/openwrt/staging_dir/target-mips_34kc_uClibc-0.9.33.2/pkginfo/opkg.unsigned.install.clean; fi; echo "opkg" >> /media/Chaos_Calmer15.05.1/openwrt/staging_dir/target-mips_34kc_uClibc-0.9.33.2/pkginfo/opkg.unsigned.install
make[3]: Leaving directory `/media/Chaos_Calmer15.05.1/openwrt/package/system/opkg'
make[3]: Entering directory `/media/Chaos_Calmer15.05.1/openwrt/package/utils/busybox'
rm -rf /media/Chaos_Calmer15.05.1/openwrt/staging_dir/target-mips_34kc_uClibc-0.9.33.2/root-ar71xx/tmp-busybox
mkdir -p /media/Chaos_Calmer15.05.1/openwrt/staging_dir/target-mips_34kc_uClibc-0.9.33.2/root-ar71xx/stamp /media/Chaos_Calmer15.05.1/openwrt/staging_dir/target-mips_34kc_uClibc-0.9.33.2/root-ar71xx/tmp-busybox
install -d -m0755 /media/Chaos_Calmer15.05.1/openwrt/staging_dir/target-mips_34kc_uClibc-0.9.33.2/root-ar71xx/tmp-busybox/etc/init.d
cp -fpR /media/Chaos_Calmer15.05.1/openwrt/build_dir/target-mips_34kc_uClibc-0.9.33.2/busybox-1.23.2/ipkg-install/* /media/Chaos_Calmer15.05.1/openwrt/staging_dir/target-mips_34kc_uClibc-0.9.33.2/root-ar71xx/tmp-busybox/
install -m0755 ./files/cron /media/Chaos_Calmer15.05.1/openwrt/staging_dir/target-mips_34kc_uClibc-0.9.33.2/root-ar71xx/tmp-busybox/etc/init.d/cron
install -m0755 ./files/telnet /media/Chaos_Calmer15.05.1/openwrt/staging_dir/target-mips_34kc_uClibc-0.9.33.2/root-ar71xx/tmp-busybox/etc/init.d/telnet
install -m0755 ./files/sysntpd /media/Chaos_Calmer15.05.1/openwrt/staging_dir/target-mips_34kc_uClibc-0.9.33.2/root-ar71xx/tmp-busybox/etc/init.d/sysntpd
install -m0755 ./files/ntpd-hotplug /media/Chaos_Calmer15.05.1/openwrt/staging_dir/target-mips_34kc_uClibc-0.9.33.2/root-ar71xx/tmp-busybox/usr/sbin/ntpd-hotplug
rm -rf /media/Chaos_Calmer15.05.1/openwrt/staging_dir/target-mips_34kc_uClibc-0.9.33.2/root-ar71xx/tmp-busybox/lib64
SHELL= /media/Chaos_Calmer15.05.1/openwrt/staging_dir/host/bin/flock /media/Chaos_Calmer15.05.1/openwrt/tmp/.root-copy.flock -c 'cp -fpR /media/Chaos_Calmer15.05.1/openwrt/staging_dir/target-mips_34kc_uClibc-0.9.33.2/root-ar71xx/tmp-busybox/. /media/Chaos_Calmer15.05.1/openwrt/staging_dir/target-mips_34kc_uClibc-0.9.33.2/root-ar71xx/'
rm -rf /media/Chaos_Calmer15.05.1/openwrt/staging_dir/target-mips_34kc_uClibc-0.9.33.2/root-ar71xx/tmp-busybox
touch /media/Chaos_Calmer15.05.1/openwrt/staging_dir/target-mips_34kc_uClibc-0.9.33.2/root-ar71xx/stamp/.busybox_installed
if [ -f /media/Chaos_Calmer15.05.1/openwrt/staging_dir/target-mips_34kc_uClibc-0.9.33.2/pkginfo/busybox.default.install.clean ]; then rm -f /media/Chaos_Calmer15.05.1/openwrt/staging_dir/target-mips_34kc_uClibc-0.9.33.2/pkginfo/busybox.default.install /media/Chaos_Calmer15.05.1/openwrt/staging_dir/target-mips_34kc_uClibc-0.9.33.2/pkginfo/busybox.default.install.clean; fi; echo "busybox" >> /media/Chaos_Calmer15.05.1/openwrt/staging_dir/target-mips_34kc_uClibc-0.9.33.2/pkginfo/busybox.default.install
make[3]: Leaving directory `/media/Chaos_Calmer15.05.1/openwrt/package/utils/busybox'
make[2]: Leaving directory `/media/Chaos_Calmer15.05.1/openwrt'
make[2]: Entering directory `/media/Chaos_Calmer15.05.1/openwrt'
find /media/Chaos_Calmer15.05.1/openwrt/staging_dir/target-mips_34kc_uClibc-0.9.33.2/root-ar71xx -type d | xargs -r chmod 0755
rm -rf /media/Chaos_Calmer15.05.1/openwrt/build_dir/target-mips_34kc_uClibc-0.9.33.2/root-ar71xx
[ -d /media/Chaos_Calmer15.05.1/openwrt/build_dir/target-mips_34kc_uClibc-0.9.33.2/root-ar71xx/tmp ] || mkdir -p /media/Chaos_Calmer15.05.1/openwrt/build_dir/target-mips_34kc_uClibc-0.9.33.2/root-ar71xx/tmp
Installing base-files (157.2-r48532) to root...
Installing libc (0.9.33.2-1) to root...
Installing libgcc (4.8-linaro-1) to root...
Installing netifd (2015-12-16-245527193e90906451be35c2b8e972b8712ea6ab) to root...
Installing libuci (2015-08-27.1-1) to root...
Installing libubox (2015-11-08-10429bccd0dc5d204635e110a7a8fae7b80d16cb) to root...
Installing libnl-tiny (0.1-4) to root...
Installing libubus (2015-05-25-f361bfa5fcb2daadf3b160583ce665024f8d108e) to root...
Installing ubus (2015-05-25-f361bfa5fcb2daadf3b160583ce665024f8d108e) to root...
Installing libblobmsg-json (2015-11-08-10429bccd0dc5d204635e110a7a8fae7b80d16cb) to root...
Installing libjson-c (0.12-1) to root...
Installing ubusd (2015-05-25-f361bfa5fcb2daadf3b160583ce665024f8d108e) to root...
Installing jshn (2015-11-08-10429bccd0dc5d204635e110a7a8fae7b80d16cb) to root...
Installing procd (2015-10-29.1-d5fddd91b966424bb63e943e789704d52382cc18) to root...
Installing libjson-script (2015-11-08-10429bccd0dc5d204635e110a7a8fae7b80d16cb) to root...
Installing ubox (2015-11-22-c086167a0154745c677f8730a336ea9cf7d71031) to root...
Installing jsonfilter (2014-06-19-cdc760c58077f44fc40adbbe41e1556a67c1b9a9) to root...
Installing usign (2015-05-08-cf8dcdb8a4e874c77f3e9a8e9b643e8c17b19131) to root...
Installing busybox (1.23.2-1) to root...
Installing dnsmasq (2.73-1) to root...
Installing dropbear (2015.67-1) to root...
Installing firewall (2015-07-27) to root...
Installing libip4tc (1.4.21-1) to root...
Installing libxtables (1.4.21-1) to root...
Installing libip6tc (1.4.21-1) to root...
Installing kmod-ipt-core (3.18.23-1) to root...
Installing kernel (3.18.23-1-c50e6a1efe91f89c2bac67d5a0869bcf) to root...
Installing kmod-nf-ipt (3.18.23-1) to root...
Installing kmod-ipt-conntrack (3.18.23-1) to root...
Installing kmod-nf-conntrack (3.18.23-1) to root...
Installing kmod-ipt-nat (3.18.23-1) to root...
Installing kmod-nf-nat (3.18.23-1) to root...
Installing fstools (2016-01-10-96415afecef35766332067f4205ef3b2c7561d21) to root...
Installing hostapd-common (2015-03-25-1) to root...
Installing ip6tables (1.4.21-1) to root...
Installing kmod-ip6tables (3.18.23-1) to root...
Installing kmod-nf-ipt6 (3.18.23-1) to root...
Installing kmod-nf-conntrack6 (3.18.23-1) to root...
Installing kmod-ipv6 (3.18.23-1) to root...
Installing iptables (1.4.21-1) to root...
Package iptables (1.4.21-1) installed in root is up to date.
Installing iw (3.17-1) to root...
Installing iwinfo (2015-06-01-ade8b1b299cbd5748db1acf80dd3e9f567938371) to root...
Installing libiwinfo (2015-06-01-ade8b1b299cbd5748db1acf80dd3e9f567938371) to root...
Package jshn (2015-11-08-10429bccd0dc5d204635e110a7a8fae7b80d16cb) installed in root is up to date.
Package jsonfilter (2014-06-19-cdc760c58077f44fc40adbbe41e1556a67c1b9a9) installed in root is up to date.
Package kernel (3.18.23-1-c50e6a1efe91f89c2bac67d5a0869bcf) installed in root is up to date.
Installing kmod-ath9k-common (3.18.23+2015-03-09-3) to root...
Installing kmod-ath (3.18.23+2015-03-09-3) to root...
Installing kmod-mac80211 (3.18.23+2015-03-09-3) to root...
Installing kmod-crypto-core (3.18.23-1) to root...
Installing kmod-crypto-arc4 (3.18.23-1) to root...
Installing kmod-crypto-aes (3.18.23-1) to root...
Installing kmod-cfg80211 (3.18.23+2015-03-09-3) to root...
Installing kmod-ath9k (3.18.23+2015-03-09-3) to root...
Package kmod-ath (3.18.23+2015-03-09-3) installed in root is up to date.
Package kmod-cfg80211 (3.18.23+2015-03-09-3) installed in root is up to date.
Package kmod-crypto-aes (3.18.23-1) installed in root is up to date.
Package kmod-crypto-arc4 (3.18.23-1) installed in root is up to date.
Package kmod-crypto-core (3.18.23-1) installed in root is up to date.
Installing kmod-gpio-button-hotplug (3.18.23-1) to root...
Package kmod-ip6tables (3.18.23-1) installed in root is up to date.
Package kmod-ipt-conntrack (3.18.23-1) installed in root is up to date.
Package kmod-ipt-core (3.18.23-1) installed in root is up to date.
Package kmod-ipt-nat (3.18.23-1) installed in root is up to date.
Package kmod-ipv6 (3.18.23-1) installed in root is up to date.
Installing kmod-ledtrig-usbdev (3.18.23-1) to root...
Installing kmod-usb-core (3.18.23-1) to root...
Installing kmod-nls-base (3.18.23-1) to root...
Installing kmod-lib-crc-ccitt (3.18.23-1) to root...
Package kmod-mac80211 (3.18.23+2015-03-09-3) installed in root is up to date.
Package kmod-nf-conntrack6 (3.18.23-1) installed in root is up to date.
Package kmod-nf-conntrack (3.18.23-1) installed in root is up to date.
Package kmod-nf-ipt6 (3.18.23-1) installed in root is up to date.
Package kmod-nf-ipt (3.18.23-1) installed in root is up to date.
Package kmod-nf-nat (3.18.23-1) installed in root is up to date.
Installing kmod-nf-nathelper (3.18.23-1) to root...
Package kmod-nls-base (3.18.23-1) installed in root is up to date.
Installing kmod-ppp (3.18.23-1) to root...
Installing kmod-slhc (3.18.23-1) to root...
Installing kmod-pppoe (3.18.23-1) to root...
Installing kmod-pppox (3.18.23-1) to root...
Package kmod-pppox (3.18.23-1) installed in root is up to date.
Package kmod-slhc (3.18.23-1) installed in root is up to date.
Package kmod-usb-core (3.18.23-1) installed in root is up to date.
Installing kmod-usb-ohci-pci (3.18.23-1) to root...
Installing kmod-usb-ohci (3.18.23-1) to root...
Package kmod-usb-ohci (3.18.23-1) installed in root is up to date.
Installing kmod-usb-serial-option (3.18.23-1) to root...
Installing kmod-usb-serial-wwan (3.18.23-1) to root...
Installing kmod-usb-serial (3.18.23-1) to root...
make[2]: *** wait: No child processes.  Stop.
make[2]: *** Waiting for unfinished jobs....
make[2]: *** wait: No child processes.  Stop.
make[1]: *** wait: No child processes.  Stop.
make[1]: *** Waiting for unfinished jobs....
make[1]: *** wait: No child processes.  Stop.
make: *** wait: No child processes.  Stop.
make: *** Waiting for unfinished jobs....
make: *** wait: No child processes.  Stop.
